Component: ARM Compiler 6.14 Tool: armlink [5db06800]

==============================================================================

Section Cross References

    main.o(.text.main) refers to clock.o(.text.CLOCK_Init) for CLOCK_Init
    main.o(.text.main) refers to gpio.o(.text.GPIO_Init) for GPIO_Init
    main.o(.text.main) refers to adc.o(.text.ADC1_DMA_Init) for ADC1_DMA_Init
    main.o(.text.main) refers to buzzer.o(.text.BUZZER_Init) for BUZZER_Init
    main.o(.text.main) refers to motors.o(.text.MOTORS_Init) for MOTORS_Init
    main.o(.text.main) refers to motors.o(.text.ENCODERS_Init) for ENCODERS_Init
    main.o(.text.main) refers to gpio.o(.text.BUTTON_EXTI_Init) for BUTTON_EXTI_Init
    main.o(.text.main) refers to uart.o(.bss.UART_Buffer) for UART_Buffer
    main.o(.text.main) refers to circular_buffer.o(.text.tCircular_buffer_init) for tCircular_buffer_init
    main.o(.text.main) refers to uart.o(.text.UART1_IT_Init) for UART1_IT_Init
    main.o(.text.main) refers to ui.o(.text.STATE_Selection) for STATE_Selection
    main.o(.text.main) refers to motors.o(.bss.MOTR_enc) for MOTR_enc
    main.o(.text.main) refers to motors.o(.bss.MOTL_enc) for MOTL_enc
    main.o(.text.main) refers to gpio.o(.bss.BUTTON_SEL) for BUTTON_SEL
    main.o(.text.main) refers to ui.o(.text.STATE_Handle) for STATE_Handle
    main.o(.text.main) refers to uart.o(.text.UART1_COMMAND_PARSERHandler) for UART1_COMMAND_PARSERHandler
    main.o(.ARM.exidx.text.main) refers to main.o(.text.main) for [Anonymous Symbol]
    uart.o(.text.UART1_IT_Init) refers to uart.o(.text.__NVIC_EnableIRQ) for __NVIC_EnableIRQ
    uart.o(.ARM.exidx.text.UART1_IT_Init) refers to uart.o(.text.UART1_IT_Init) for [Anonymous Symbol]
    uart.o(.ARM.exidx.text.__NVIC_EnableIRQ) refers to uart.o(.text.__NVIC_EnableIRQ) for [Anonymous Symbol]
    uart.o(.text.UART1_COMMAND_PARSERHandler) refers to uart.o(.bss.UART_Buffer) for UART_Buffer
    uart.o(.text.UART1_COMMAND_PARSERHandler) refers to circular_buffer.o(.text.tCircular_buffer_pop) for tCircular_buffer_pop
    uart.o(.text.UART1_COMMAND_PARSERHandler) refers to uart.o(.text.COMMAND_Execute) for COMMAND_Execute
    uart.o(.ARM.exidx.text.UART1_COMMAND_PARSERHandler) refers to uart.o(.text.UART1_COMMAND_PARSERHandler) for [Anonymous Symbol]
    uart.o(.text.COMMAND_Execute) refers to strcmpv7em.o(.text) for strcmp
    uart.o(.text.COMMAND_Execute) refers to gpio.o(.text.LED_Switch) for LED_Switch
    uart.o(.ARM.exidx.text.COMMAND_Execute) refers to uart.o(.text.COMMAND_Execute) for [Anonymous Symbol]
    uart.o(.text.USART1_IRQHandler) refers to uart.o(.bss.UART_Buffer) for UART_Buffer
    uart.o(.text.USART1_IRQHandler) refers to circular_buffer.o(.text.tCircular_buffer_push) for tCircular_buffer_push
    uart.o(.ARM.exidx.text.USART1_IRQHandler) refers to uart.o(.text.USART1_IRQHandler) for [Anonymous Symbol]
    gpio.o(.ARM.exidx.text.GPIO_Init) refers to gpio.o(.text.GPIO_Init) for [Anonymous Symbol]
    gpio.o(.text.BUTTON_EXTI_Init) refers to gpio.o(.text.__NVIC_EnableIRQ) for __NVIC_EnableIRQ
    gpio.o(.ARM.exidx.text.BUTTON_EXTI_Init) refers to gpio.o(.text.BUTTON_EXTI_Init) for [Anonymous Symbol]
    gpio.o(.ARM.exidx.text.__NVIC_EnableIRQ) refers to gpio.o(.text.__NVIC_EnableIRQ) for [Anonymous Symbol]
    gpio.o(.text.EXTI15_10_IRQHandler) refers to gpio.o(.bss.BUTTON_SEL) for BUTTON_SEL
    gpio.o(.text.EXTI15_10_IRQHandler) refers to dflt_clz.o(x$fpl$dflt) for __aeabi_i2d
    gpio.o(.text.EXTI15_10_IRQHandler) refers to dmul.o(x$fpl$dmul) for __aeabi_dmul
    gpio.o(.text.EXTI15_10_IRQHandler) refers to dfix.o(x$fpl$dfix) for __aeabi_d2iz
    gpio.o(.text.EXTI15_10_IRQHandler) refers to gpio.o(.bss.BUTTON_OK) for BUTTON_OK
    gpio.o(.ARM.exidx.text.EXTI15_10_IRQHandler) refers to gpio.o(.text.EXTI15_10_IRQHandler) for [Anonymous Symbol]
    gpio.o(.ARM.exidx.text.LED_Switch) refers to gpio.o(.text.LED_Switch) for [Anonymous Symbol]
    clock.o(.text.CLOCK_Init) refers to clock.o(.text.SysTick_Config) for SysTick_Config
    clock.o(.ARM.exidx.text.CLOCK_Init) refers to clock.o(.text.CLOCK_Init) for [Anonymous Symbol]
    clock.o(.text.SysTick_Config) refers to clock.o(.text.__NVIC_SetPriority) for __NVIC_SetPriority
    clock.o(.ARM.exidx.text.SysTick_Config) refers to clock.o(.text.SysTick_Config) for [Anonymous Symbol]
    clock.o(.text.SysTick_Handler) refers to clock.o(.bss.tick) for tick
    clock.o(.ARM.exidx.text.SysTick_Handler) refers to clock.o(.text.SysTick_Handler) for [Anonymous Symbol]
    clock.o(.text.delay_ms) refers to clock.o(.bss.tick) for tick
    clock.o(.ARM.exidx.text.delay_ms) refers to clock.o(.text.delay_ms) for [Anonymous Symbol]
    clock.o(.ARM.exidx.text.__NVIC_SetPriority) refers to clock.o(.text.__NVIC_SetPriority) for [Anonymous Symbol]
    adc.o(.text) refers (Special) to _printf_f.o(.ARM.Collect$$_printf_percent$$00000003) for _printf_f
    adc.o(.text) refers (Special) to printf1.o(x$fpl$printf1) for _printf_fp_dec
[...]
    ../clib/angel/scatter.s                  0x00000000   Number         0  __scatter.o ABSOLUTE
    ../clib/angel/startup.s                  0x00000000   Number         0  __main.o ABSOLUTE
    ../clib/angel/sys.s                      0x00000000   Number         0  mutex_dummy.o ABSOLUTE
    ../clib/angel/sys.s                      0x00000000   Number         0  libspace.o ABSOLUTE
    ../clib/angel/sys.s                      0x00000000   Number         0  use_no_semi.o ABSOLUTE
    ../clib/angel/sys.s                      0x00000000   Number         0  indicate_semi.o ABSOLUTE
    ../clib/angel/sys.s                      0x00000000   Number         0  sys_stackheap_outer.o ABSOLUTE
    ../clib/angel/sysapp.c                   0x00000000   Number         0  sys_command.o ABSOLUTE
    ../clib/angel/sysapp.c                   0x00000000   Number         0  sys_command_hlt.o ABSOLUTE
    ../clib/angel/sysapp.c                   0x00000000   Number         0  sys_exit.o ABSOLUTE
    ../clib/angel/sysapp.c                   0x00000000   Number         0  sys_exit_hlt.o ABSOLUTE
    ../clib/angel/sysapp.c                   0x00000000   Number         0  sys_wrch.o ABSOLUTE
    ../clib/angel/sysapp.c                   0x00000000   Number         0  sys_wrch_hlt.o ABSOLUTE
    ../clib/armsys.c                         0x00000000   Number         0  _get_argv.o ABSOLUTE
    ../clib/armsys.c                         0x00000000   Number         0  argv_veneer.o ABSOLUTE
    ../clib/armsys.c                         0x00000000   Number         0  argv_veneer.o ABSOLUTE
    ../clib/armsys.c                         0x00000000   Number         0  _get_argv_nomalloc.o ABSOLUTE
    ../clib/armsys.c                         0x00000000   Number         0  no_argv.o ABSOLUTE
    ../clib/bigflt.c                         0x00000000   Number         0  bigflt0.o ABSOLUTE
    ../clib/btod.s                           0x00000000   Number         0  btod.o ABSOLUTE
    ../clib/btod_accurate.c                  0x00000000   Number         0  btod_accurate.o ABSOLUTE
    ../clib/btod_accurate.c                  0x00000000   Number         0  btod_accurate_common.o ABSOLUTE
    ../clib/heap1.c                          0x00000000   Number         0  h1_alloc.o ABSOLUTE
    ../clib/heap1.c                          0x00000000   Number         0  h1_free.o ABSOLUTE
    ../clib/heap1.c                          0x00000000   Number         0  h1_alloc_threads.o ABSOLUTE
    ../clib/heap1.c                          0x00000000   Number         0  h1_free_threads.o ABSOLUTE
    ../clib/heap1.c                          0x00000000   Number         0  h1_init.o ABSOLUTE
    ../clib/heap1.c                          0x00000000   Number         0  h1_init_threads.o ABSOLUTE
    ../clib/heap1.c                          0x00000000   Number         0  h1_extend.o ABSOLUTE
    ../clib/heap1.c                          0x00000000   Number         0  h1_extend_threads.o ABSOLUTE
    ../clib/heap1.c                          0x00000000   Number         0  h1_final.o ABSOLUTE
    ../clib/heap1.c                          0x00000000   Number         0  h1_final_threads.o ABSOLUTE
    ../clib/heap2.c                          0x00000000   Number         0  heap2.o ABSOLUTE
    ../clib/heap2.c                          0x00000000   Number         0  heap2_threads.o ABSOLUTE
    ../clib/heap2.c                          0x00000000   Number         0  fdtree.o ABSOLUTE
    ../clib/heapalloc.c                      0x00000000   Number         0  malloc.o ABSOLUTE
    ../clib/heapalloc.c                      0x00000000   Number         0  free.o ABSOLUTE
    ../clib/heapalloc.c                      0x00000000   Number         0  hguard.o ABSOLUTE
    ../clib/heapalloc.c                      0x00000000   Number         0  init_alloc.o ABSOLUTE
    ../clib/heapalloc.c                      0x00000000   Number         0  heapstubs.o ABSOLUTE
    ../clib/heapalloc.c                      0x00000000   Number         0  hrguard.o ABSOLUTE
    ../clib/heapalloc.c                      0x00000000   Number         0  term_alloc.o ABSOLUTE
    ../clib/heapaux.c                        0x00000000   Number         0  heapauxi.o ABSOLUTE
    ../clib/heapaux.c                        0x00000000   Number         0  heapauxa.o ABSOLUTE
    ../clib/libinit.s                        0x00000000   Number         0  libinit2.o ABSOLUTE
    ../clib/libinit.s                        0x00000000   Number         0  libinit.o ABSOLUTE
    ../clib/libinit.s                        0x00000000   Number         0  libshutdown2.o ABSOLUTE
    ../clib/libinit.s                        0x00000000   Number         0  libshutdown.o ABSOLUTE
    ../clib/locale.s                         0x00000000   Number         0  lc_numeric_c.o ABSOLUTE
    ../clib/longlong.s                       0x00000000   Number         0  lludiv10.o ABSOLUTE
    ../clib/longlong.s                       0x00000000   Number         0  llushr.o ABSOLUTE
    ../clib/maybe.s                          0x00000000   Number         0  maybetermalloc1.o ABSOLUTE
    ../clib/maybe.s                          0x00000000   Number         0  maybetermalloc2.o ABSOLUTE
    ../clib/memcpset.s                       0x00000000   Number         0  strcmpv7em.o ABSOLUTE
    ../clib/memcpset.s                       0x00000000   Number         0  rt_memcpy_w.o ABSOLUTE
    ../clib/misc.s                           0x00000000   Number         0  printf_stubs.o ABSOLUTE
    ../clib/printf.c                         0x00000000   Number         0  __2sprintf.o ABSOLUTE
    ../clib/printf.c                         0x00000000   Number         0  noretval__2sprintf.o ABSOLUTE
    ../clib/printf.c                         0x00000000   Number         0  __printf.o ABSOLUTE
    ../clib/printf.c                         0x00000000   Number         0  __printf_flags.o ABSOLUTE
    ../clib/printf.c                         0x00000000   Number         0  __printf_ss.o ABSOLUTE
    ../clib/printf.c                         0x00000000   Number         0  __printf_flags_ss.o ABSOLUTE
    ../clib/printf.c                         0x00000000   Number         0  __printf_wp.o ABSOLUTE
    ../clib/printf.c                         0x00000000   Number         0  __printf_flags_wp.o ABSOLUTE
    ../clib/printf.c                         0x00000000   Number         0  __printf_ss_wp.o ABSOLUTE
    ../clib/printf.c                         0x00000000   Number         0  __printf_flags_ss_wp.o ABSOLUTE
    ../clib/printf.c                         0x00000000   Number         0  _printf_fp_dec.o ABSOLUTE
    ../clib/printf.c                         0x00000000   Number         0  _printf_fp_dec_accurate.o ABSOLUTE
    ../clib/printf.c                         0x00000000   Number         0  _printf_char_common.o ABSOLUTE
    ../clib/printf.c                         0x00000000   Number         0  _sputc.o ABSOLUTE
    ../clib/printf.c                         0x00000000   Number         0  _printf_fp_infnan.o ABSOLUTE
    ../clib/printf.c                         0x00000000   Number         0  __printf_nopercent.o ABSOLUTE
    ../clib/printf_percent.s                 0x00000000   Number         0  _printf_f.o ABSOLUTE
    ../clib/printf_percent.s                 0x00000000   Number         0  _printf_percent.o ABSOLUTE
    ../clib/printf_percent.s                 0x00000000   Number         0  _printf_percent_end.o ABSOLUTE
    ../clib/signal.c                         0x00000000   Number         0  defsig_rtmem_outer.o ABSOLUTE
    ../clib/signal.c                         0x00000000   Number         0  defsig_rtmem_formal.o ABSOLUTE
    ../clib/signal.c                         0x00000000   Number         0  defsig_exit.o ABSOLUTE
    ../clib/signal.c                         0x00000000   Number         0  defsig_rtmem_inner.o ABSOLUTE
    ../clib/signal.c                         0x00000000   Number         0  __raise.o ABSOLUTE
    ../clib/signal.c                         0x00000000   Number         0  defsig_general.o ABSOLUTE
    ../clib/signal.c                         0x00000000   Number         0  defsig_abrt_inner.o ABSOLUTE
    ../clib/signal.c                         0x00000000   Number         0  defsig_fpe_inner.o ABSOLUTE
    ../clib/signal.c                         0x00000000   Number         0  defsig_rtred_inner.o ABSOLUTE
    ../clib/signal.c                         0x00000000   Number         0  defsig_stak_inner.o ABSOLUTE
    ../clib/signal.c                         0x00000000   Number         0  defsig_pvfn_inner.o ABSOLUTE
    ../clib/signal.c                         0x00000000   Number         0  defsig_cppl_inner.o ABSOLUTE
    ../clib/signal.c                         0x00000000   Number         0  defsig_segv_inner.o ABSOLUTE
    ../clib/signal.c                         0x00000000   Number         0  defsig_other.o ABSOLUTE
    ../clib/signal.s                         0x00000000   Number         0  defsig.o ABSOLUTE
    ../clib/stdlib.c                         0x00000000   Number         0  exit.o ABSOLUTE
    ../fplib/daddsub.s                       0x00000000   Number         0  daddsub_clz.o ABSOLUTE
    ../fplib/dcmp.s                          0x00000000   Number         0  dcmp.o ABSOLUTE
    ../fplib/dcmpi.s                         0x00000000   Number         0  dcmpi.o ABSOLUTE
    ../fplib/ddiv.s                          0x00000000   Number         0  ddiv.o ABSOLUTE
    ../fplib/deqf.s                          0x00000000   Number         0  deqf.o ABSOLUTE
    ../fplib/dfix.s                          0x00000000   Number         0  dfix.o ABSOLUTE
    ../fplib/dflt.s                          0x00000000   Number         0  dflt_clz.o ABSOLUTE
    ../fplib/dgeqf.s                         0x00000000   Number         0  dgeqf.o ABSOLUTE
    ../fplib/dleqf.s                         0x00000000   Number         0  dleqf.o ABSOLUTE
    ../fplib/dmul.s                          0x00000000   Number         0  dmul.o ABSOLUTE
    ../fplib/dnaninf.s                       0x00000000   Number         0  dnaninf.o ABSOLUTE
    ../fplib/dretinf.s                       0x00000000   Number         0  dretinf.o ABSOLUTE
    ../fplib/fpinit.s                        0x00000000   Number         0  fpinit.o ABSOLUTE
    ../fplib/istatus.s                       0x00000000   Number         0  istatus.o ABSOLUTE
    ../fplib/printf1.s                       0x00000000   Number         0  printf1.o ABSOLUTE
    ../fplib/usenofp.s                       0x00000000   Number         0  usenofp.o ABSOLUTE
    ../mathlib/fpclassify.c                  0x00000000   Number         0  fpclassify.o ABSOLUTE
    RTE/Device/STM32F405RGTx/startup_stm32f405xx.s 0x00000000   Number         0  startup_stm32f405xx.o ABSOLUTE
    adc.c                                    0x00000000   Number         0  adc.o ABSOLUTE
    buzzer.c                                 0x00000000   Number         0  buzzer.o ABSOLUTE
    circular_buffer.c                        0x00000000   Number         0  circular_buffer.o ABSOLUTE
    clock.c                                  0x00000000   Number         0  clock.o ABSOLUTE
    dc.s                                     0x00000000   Number         0  dc.o ABSOLUTE
    gpio.c                                   0x00000000   Number         0  gpio.o ABSOLUTE
    main.c                                   0x00000000   Number         0  main.o ABSOLUTE
    motors.c                                 0x00000000   Number         0  motors.o ABSOLUTE
    system_stm32f4xx.c                       0x00000000   Number         0  system_stm32f4xx.o ABSOLUTE
    uart.c                                   0x00000000   Number         0  uart.o ABSOLUTE
    ui.c                                     0x00000000   Number         0  ui.o ABSOLUTE
    RESET                                    0x08000000   Section      392  startup_stm32f405xx.o(RESET)
    !!!main                                  0x08000188   Section        8  __main.o(!!!main)
    !!!scatter                               0x08000190   Section       52  __scatter.o(!!!scatter)
    !!handler_copy                           0x080001c4   Section       26  __scatter_copy.o(!!handler_copy)
    !!handler_zi                             0x080001e0   Section       28  __scatter_zi.o(!!handler_zi)
    .ARM.Collect$$_printf_percent$$00000000  0x080001fc   Section        0  _printf_percent.o(.ARM.Collect$$_printf_percent$$00000000)
    .ARM.Collect$$_printf_percent$$00000003  0x080001fc   Section        6  _printf_f.o(.ARM.Collect$$_printf_percent$$00000003)
    .ARM.Collect$$_printf_percent$$00000017  0x08000202   Section        4  _printf_percent_end.o(.ARM.Collect$$_printf_percent$$00000017)
    .ARM.Collect$$libinit$$00000000          0x08000206   Section        2  libinit.o(.ARM.Collect$$libinit$$00000000)
    .ARM.Collect$$libinit$$00000001          0x08000208   Section        4  libinit2.o(.ARM.Collect$$libinit$$00000001)
    .ARM.Collect$$libinit$$00000004          0x0800020c   Section        0  libinit2.o(.ARM.Collect$$libinit$$00000004)
    .ARM.Collect$$libinit$$00000005          0x0800020c   Section        8  libinit2.o(.ARM.Collect$$libinit$$00000005)
    .ARM.Collect$$libinit$$0000000A          0x08000214   Section        0  libinit2.o(.ARM.Collect$$libinit$$0000000A)
    .ARM.Collect$$libinit$$0000000C          0x08000214   Section        0  libinit2.o(.ARM.Collect$$libinit$$0000000C)
    .ARM.Collect$$libinit$$0000000E          0x08000214   Section        0  libinit2.o(.ARM.Collect$$libinit$$0000000E)
    .ARM.Collect$$libinit$$0000000F          0x08000214   Section        6  libinit2.o(.ARM.Collect$$libinit$$0000000F)
    .ARM.Collect$$libinit$$00000011          0x0800021a   Section        0  libinit2.o(.ARM.Collect$$libinit$$00000011)
    .ARM.Collect$$libinit$$00000013          0x0800021a   Section        0  libinit2.o(.ARM.Collect$$libinit$$00000013)
    .ARM.Collect$$libinit$$00000015          0x0800021a   Section        0  libinit2.o(.ARM.Collect$$libinit$$00000015)
    .ARM.Collect$$libinit$$00000016          0x0800021a   Section       10  libinit2.o(.ARM.Collect$$libinit$$00000016)
    .ARM.Collect$$libinit$$00000017          0x08000224   Section        0  libinit2.o(.ARM.Collect$$libinit$$00000017)
    .ARM.Collect$$libinit$$00000019          0x08000224   Section        0  libinit2.o(.ARM.Collect$$libinit$$00000019)
    .ARM.Collect$$libinit$$0000001B          0x08000224   Section        0  libinit2.o(.ARM.Collect$$libinit$$0000001B)
    .ARM.Collect$$libinit$$0000001D          0x08000224   Section        0  libinit2.o(.ARM.Collect$$libinit$$0000001D)
    .ARM.Collect$$libinit$$0000001F          0x08000224   Section        0  libinit2.o(.ARM.Collect$$libinit$$0000001F)
    .ARM.Collect$$libinit$$00000021          0x08000224   Section        0  libinit2.o(.ARM.Collect$$libinit$$00000021)
    .ARM.Collect$$libinit$$00000023          0x08000224   Section        0  libinit2.o(.ARM.Collect$$libinit$$00000023)
    .ARM.Collect$$libinit$$00000025          0x08000224   Section        0  libinit2.o(.ARM.Collect$$libinit$$00000025)
    .ARM.Collect$$libinit$$0000002C          0x08000224   Section        0  libinit2.o(.ARM.Collect$$libinit$$0000002C)
    .ARM.Collect$$libinit$$0000002E          0x08000224   Section        0  libinit2.o(.ARM.Collect$$libinit$$0000002E)
    .ARM.Collect$$libinit$$00000030          0x08000224   Section        0  libinit2.o(.ARM.Collect$$libinit$$00000030)
    .ARM.Collect$$libinit$$00000032          0x08000224   Section        0  libinit2.o(.ARM.Collect$$libinit$$00000032)
    .ARM.Collect$$libinit$$00000033          0x08000224   Section        2  libinit2.o(.ARM.Collect$$libinit$$00000033)
    .ARM.Collect$$libshutdown$$00000000      0x08000226   Section        2  libshutdown.o(.ARM.Collect$$libshutdown$$00000000)
    .ARM.Collect$$libshutdown$$00000002      0x08000228   Section        0  libshutdown2.o(.ARM.Collect$$libshutdown$$00000002)
    .ARM.Collect$$libshutdown$$00000004      0x08000228   Section        0  libshutdown2.o(.ARM.Collect$$libshutdown$$00000004)
    .ARM.Collect$$libshutdown$$00000007      0x08000228   Section        0  libshutdown2.o(.ARM.Collect$$libshutdown$$00000007)
    .ARM.Collect$$libshutdown$$0000000A      0x08000228   Section        0  libshutdown2.o(.ARM.Collect$$libshutdown$$0000000A)
    .ARM.Collect$$libshutdown$$0000000C      0x08000228   Section        0  libshutdown2.o(.ARM.Collect$$libshutdown$$0000000C)
    .ARM.Collect$$libshutdown$$0000000F      0x08000228   Section        0  libshutdown2.o(.ARM.Collect$$libshutdown$$0000000F)
    .ARM.Collect$$libshutdown$$00000010      0x08000228   Section        2  libshutdown2.o(.ARM.Collect$$libshutdown$$00000010)
    .ARM.Collect$$rtentry$$00000000          0x0800022a   Section        0  __rtentry.o(.ARM.Collect$$rtentry$$00000000)
    .ARM.Collect$$rtentry$$00000002          0x0800022a   Section        0  __rtentry2.o(.ARM.Collect$$rtentry$$00000002)
    .ARM.Collect$$rtentry$$00000004          0x0800022a   Section        6  __rtentry4.o(.ARM.Collect$$rtentry$$00000004)
    .ARM.Collect$$rtentry$$00000009          0x08000230   Section        0  __rtentry2.o(.ARM.Collect$$rtentry$$00000009)
    .ARM.Collect$$rtentry$$0000000A          0x08000230   Section        4  __rtentry2.o(.ARM.Collect$$rtentry$$0000000A)
    .ARM.Collect$$rtentry$$0000000C          0x08000234   Section        0  __rtentry2.o(.ARM.Collect$$rtentry$$0000000C)
    .ARM.Collect$$rtentry$$0000000D          0x08000234   Section        8  __rtentry2.o(.ARM.Collect$$rtentry$$0000000D)
    .ARM.Collect$$rtexit$$00000000           0x0800023c   Section        2  rtexit.o(.ARM.Collect$$rtexit$$00000000)
    .ARM.Collect$$rtexit$$00000002           0x0800023e   Section        0  rtexit2.o(.ARM.Collect$$rtexit$$00000002)
    .ARM.Collect$$rtexit$$00000003           0x0800023e   Section        4  rtexit2.o(.ARM.Collect$$rtexit$$00000003)
    .ARM.Collect$$rtexit$$00000004           0x08000242   Section        6  rtexit2.o(.ARM.Collect$$rtexit$$00000004)
    $v0                                      0x08000248   Number         0  startup_stm32f405xx.o(.text)
    .text                                    0x08000248   Section       64  startup_stm32f405xx.o(.text)
    .text                                    0x08000288   Section        0  h1_alloc.o(.text)
    .text                                    0x080002e6   Section        0  h1_free.o(.text)
    .text                                    0x08000334   Section        0  noretval__2sprintf.o(.text)
    .text                                    0x0800035c   Section        0  __printf_wp.o(.text)
    .text                                    0x08000470   Section      124  strcmpv7em.o(.text)
    .text                                    0x080004ec   Section        0  heapauxi.o(.text)
    .text                                    0x080004f4   Section        8  rt_heap_descriptor_intlibspace.o(.text)
    .text                                    0x080004fc   Section        0  hguard.o(.text)
    .text                                    0x08000500   Section        0  init_alloc.o(.text)
    .text                                    0x0800058a   Section        0  h1_init.o(.text)
    _fp_digits                               0x08000599   Thumb Code   432  _printf_fp_dec.o(.text)
    .text                                    0x08000598   Section        0  _printf_fp_dec.o(.text)
    _printf_input_char                       0x080009b5   Thumb Code    10  _printf_char_common.o(.text)
    .text                                    0x080009b4   Section        0  _printf_char_common.o(.text)
    .text                                    0x080009e4   Section        0  _sputc.o(.text)
    .text                                    0x080009f0   Section        8  libspace.o(.text)
    .text                                    0x080009f8   Section        8  rt_locale_intlibspace.o(.text)
    .text                                    0x08000a00   Section        0  maybetermalloc1.o(.text)
    .text                                    0x08000a00   Section        0  h1_extend.o(.text)
    .text                                    0x08000a34   Section      138  lludiv10.o(.text)
    .text                                    0x08000ac0   Section        0  _printf_fp_infnan.o(.text)
    .text                                    0x08000b40   Section        0  bigflt0.o(.text)
    .text                                    0x08000c24   Section        0  defsig_rtmem_outer.o(.text)
    .text                                    0x08000c32   Section        2  use_no_semi.o(.text)
    .text                                    0x08000c34   Section        0  indicate_semi.o(.text)
    .text                                    0x08000c34   Section       74  sys_stackheap_outer.o(.text)
    .text                                    0x08000c7e   Section        0  exit.o(.text)
    .text                                    0x08000c90   Section        0  defsig_exit.o(.text)
    .text                                    0x08000c9c   Section        0  defsig_rtmem_inner.o(.text)
    .text                                    0x08000cec   Section        0  sys_exit.o(.text)
    .text                                    0x08000cf8   Section        0  defsig_general.o(.text)
    .text                                    0x08000d2a   Section        0  sys_wrch.o(.text)
    [Anonymous Symbol]                       0x08000d38   Section        0  adc.o(.text.ADC1_DMA_Init)
    [Anonymous Symbol]                       0x08000e08   Section        0  adc.o(.text.ADC_GET_BATTERY_VOLTAGE)
    [Anonymous Symbol]                       0x08000e48   Section        0  adc.o(.text.ADC_GET_TEMPERATURE_INTERAL)
    [Anonymous Symbol]                       0x08000eb0   Section        0  adc.o(.text.ADC_GET_VREF_INTERNAL)
    [Anonymous Symbol]                       0x08000ee0   Section        0  adc.o(.text.ADC_IRQHandler)
    [Anonymous Symbol]                       0x08000f10   Section        0  adc.o(.text.BATTERY_CRITICAL_PROCEDURE)
    [Anonymous Symbol]                       0x08001020   Section        0  gpio.o(.text.BUTTON_EXTI_Init)
    [Anonymous Symbol]                       0x080010d4   Section        0  buzzer.o(.text.BUZZER_Buzz)
    [Anonymous Symbol]                       0x08001110   Section        0  buzzer.o(.text.BUZZER_Init)
    [Anonymous Symbol]                       0x08001180   Section        0  buzzer.o(.text.BUZZER_Volume)
    [Anonymous Symbol]                       0x08001190   Section        0  clock.o(.text.CLOCK_Init)
    [Anonymous Symbol]                       0x08001198   Section        0  uart.o(.text.COMMAND_Execute)
    [Anonymous Symbol]                       0x0800126c   Section        0  motors.o(.text.ENCODERS_Init)
    [Anonymous Symbol]                       0x08001368   Section        0  gpio.o(.text.EXTI15_10_IRQHandler)
    [Anonymous Symbol]                       0x08001420   Section        0  gpio.o(.text.GPIO_Init)
    [Anonymous Symbol]                       0x080014bc   Section        0  gpio.o(.text.LED_Switch)
    [Anonymous Symbol]                       0x0800168c   Section        0  ui.o(.text.LED_Write)
    [Anonymous Symbol]                       0x080016c8   Section        0  motors.o(.text.MOTL_SET_SPEED)
    [Anonymous Symbol]                       0x08001774   Section        0  motors.o(.text.MOTORS_Init)
    [Anonymous Symbol]                       0x08001868   Section        0  motors.o(.text.MOTR_SET_SPEED)
    [Anonymous Symbol]                       0x08001914   Section        0  ui.o(.text.STATE_Handle)
    [Anonymous Symbol]                       0x08001e7c   Section        0  ui.o(.text.STATE_Selection)
    SysTick_Config                           0x08001f45   Thumb Code    30  clock.o(.text.SysTick_Config)
    [Anonymous Symbol]                       0x08001f44   Section        0  clock.o(.text.SysTick_Config)
    [Anonymous Symbol]                       0x08001f64   Section        0  clock.o(.text.SysTick_Handler)
    [Anonymous Symbol]                       0x08001f74   Section        0  system_stm32f4xx.o(.text.SystemInit)
    [Anonymous Symbol]                       0x08001f90   Section        0  uart.o(.text.UART1_COMMAND_PARSERHandler)
    [Anonymous Symbol]                       0x08001ff4   Section        0  uart.o(.text.UART1_IT_Init)
    [Anonymous Symbol]                       0x0800204c   Section        0  uart.o(.text.USART1_IRQHandler)
    __NVIC_EnableIRQ                         0x08002079   Thumb Code    14  uart.o(.text.__NVIC_EnableIRQ)
    [Anonymous Symbol]                       0x08002078   Section        0  uart.o(.text.__NVIC_EnableIRQ)
    __NVIC_EnableIRQ                         0x08002089   Thumb Code    16  gpio.o(.text.__NVIC_EnableIRQ)
    [Anonymous Symbol]                       0x08002088   Section        0  gpio.o(.text.__NVIC_EnableIRQ)
    __NVIC_EnableIRQ                         0x08002099   Thumb Code    16  adc.o(.text.__NVIC_EnableIRQ)
    [Anonymous Symbol]                       0x08002098   Section        0  adc.o(.text.__NVIC_EnableIRQ)
    __NVIC_SetPriority                       0x080020a9   Thumb Code    14  clock.o(.text.__NVIC_SetPriority)
    [Anonymous Symbol]                       0x080020a8   Section        0  clock.o(.text.__NVIC_SetPriority)
    __NVIC_SetPriority                       0x080020b9   Thumb Code    14  adc.o(.text.__NVIC_SetPriority)
    [Anonymous Symbol]                       0x080020b8   Section        0  adc.o(.text.__NVIC_SetPriority)
    [Anonymous Symbol]                       0x080020c8   Section        0  clock.o(.text.delay_ms)
    [Anonymous Symbol]                       0x080020dc   Section        0  main.o(.text.main)
    [Anonymous Symbol]                       0x08002164   Section        0  circular_buffer.o(.text.tCircular_buffer_init)
    [Anonymous Symbol]                       0x08002180   Section        0  circular_buffer.o(.text.tCircular_buffer_pop)
    [Anonymous Symbol]                       0x080021c0   Section        0  circular_buffer.o(.text.tCircular_buffer_push)
    CL$$btod_d2e                             0x080021fa   Section       62  btod.o(CL$$btod_d2e)
    CL$$btod_d2e_denorm_low                  0x08002238   Section       70  btod.o(CL$$btod_d2e_denorm_low)
    CL$$btod_d2e_norm_op1                    0x0800227e   Section       96  btod.o(CL$$btod_d2e_norm_op1)
    CL$$btod_div_common                      0x080022de   Section      824  btod.o(CL$$btod_div_common)
    CL$$btod_e2e                             0x08002616   Section      220  btod.o(CL$$btod_e2e)
    CL$$btod_ediv                            0x080026f2   Section       42  btod.o(CL$$btod_ediv)
    CL$$btod_emul                            0x0800271c   Section       42  btod.o(CL$$btod_emul)
    CL$$btod_mult_common                     0x08002746   Section      580  btod.o(CL$$btod_mult_common)
    i.__ARM_fpclassify                       0x0800298a   Section        0  fpclassify.o(i.__ARM_fpclassify)
    i._is_digit                              0x080029ba   Section        0  __printf_wp.o(i._is_digit)
    locale$$code                             0x080029c8   Section       44  lc_numeric_c.o(locale$$code)
    $v0                                      0x080029f4   Number         0  daddsub_clz.o(x$fpl$dadd)
    x$fpl$dadd                               0x080029f4   Section      336  daddsub_clz.o(x$fpl$dadd)
    _dadd1                                   0x08002a05   Thumb Code     0  daddsub_clz.o(x$fpl$dadd)
    $v0                                      0x08002b44   Number         0  dcmpi.o(x$fpl$dcmpinf)
    x$fpl$dcmpinf                            0x08002b44   Section       24  dcmpi.o(x$fpl$dcmpinf)
    $v0                                      0x08002b5c   Number         0  ddiv.o(x$fpl$ddiv)
    x$fpl$ddiv                               0x08002b5c   Section      688  ddiv.o(x$fpl$ddiv)
    ddiv_entry                               0x08002b63   Thumb Code     0  ddiv.o(x$fpl$ddiv)
    $v0                                      0x08002e0c   Number         0  deqf.o(x$fpl$deqf)
    x$fpl$deqf                               0x08002e0c   Section      120  deqf.o(x$fpl$deqf)
    $v0                                      0x08002e84   Number         0  dfix.o(x$fpl$dfix)
    x$fpl$dfix                               0x08002e84   Section       94  dfix.o(x$fpl$dfix)
    $v0                                      0x08002ee2   Number         0  dflt_clz.o(x$fpl$dflt)
    x$fpl$dflt                               0x08002ee2   Section       46  dflt_clz.o(x$fpl$dflt)
    $v0                                      0x08002f10   Number         0  dflt_clz.o(x$fpl$dfltu)
    x$fpl$dfltu                              0x08002f10   Section       38  dflt_clz.o(x$fpl$dfltu)
    $v0                                      0x08002f38   Number         0  dgeqf.o(x$fpl$dgeqf)
    x$fpl$dgeqf                              0x08002f38   Section      120  dgeqf.o(x$fpl$dgeqf)
    $v0                                      0x08002fb0   Number         0  dleqf.o(x$fpl$dleqf)
    x$fpl$dleqf                              0x08002fb0   Section      120  dleqf.o(x$fpl$dleqf)
    $v0                                      0x08003028   Number         0  dmul.o(x$fpl$dmul)
    x$fpl$dmul                               0x08003028   Section      340  dmul.o(x$fpl$dmul)
    $v0                                      0x0800317c   Number         0  dnaninf.o(x$fpl$dnaninf)
    x$fpl$dnaninf                            0x0800317c   Section      156  dnaninf.o(x$fpl$dnaninf)
    $v0                                      0x08003218   Number         0  dretinf.o(x$fpl$dretinf)
    x$fpl$dretinf                            0x08003218   Section       12  dretinf.o(x$fpl$dretinf)
    $v0                                      0x08003224   Number         0  daddsub_clz.o(x$fpl$dsub)
    x$fpl$dsub                               0x08003224   Section      468  daddsub_clz.o(x$fpl$dsub)
    _dsub1                                   0x08003235   Thumb Code     0  daddsub_clz.o(x$fpl$dsub)
    $v0                                      0x080033f8   Number         0  dcmp.o(x$fpl$fcmp)
    x$fpl$fcmp                               0x080033f8   Section       84  dcmp.o(x$fpl$fcmp)
    $v0                                      0x0800344c   Number         0  fpinit.o(x$fpl$fpinit)
    x$fpl$fpinit                             0x0800344c   Section       26  fpinit.o(x$fpl$fpinit)
    $v0                                      0x08003466   Number         0  printf1.o(x$fpl$printf1)
    x$fpl$printf1                            0x08003466   Section        4  printf1.o(x$fpl$printf1)
    x$fpl$usenofp                            0x0800346a   Section        0  usenofp.o(x$fpl$usenofp)
    tenpwrs_x                                0x0800346c   Data          60  bigflt0.o(.constdata)
    .constdata                               0x0800346c   Section      148  bigflt0.o(.constdata)
    tenpwrs_i                                0x080034a8   Data          64  bigflt0.o(.constdata)
    .L.str                                   0x08003500   Data          84  ui.o(.rodata.str1.1)
    [Anonymous Symbol]                       0x08003500   Section        0  ui.o(.rodata.str1.1)
    locale$$data                             0x08003574   Section       28  lc_numeric_c.o(locale$$data)
    __lcnum_c_name                           0x08003578   Data           2  lc_numeric_c.o(locale$$data)
    __lcnum_c_start                          0x08003580   Data           0  lc_numeric_c.o(locale$$data)
    __lcnum_c_point                          0x0800358c   Data           0  lc_numeric_c.o(locale$$data)
    __lcnum_c_thousands                      0x0800358e   Data           0  lc_numeric_c.o(locale$$data)
    __lcnum_c_grouping                       0x0800358f   Data           0  lc_numeric_c.o(locale$$data)
    __lcnum_c_end                            0x08003590   Data           0  lc_numeric_c.o(locale$$data)
    STATE_Selection.mode                     0x20000000   Data           1  ui.o(.data.STATE_Selection.mode)
    [Anonymous Symbol]                       0x20000000   Section        0  ui.o(.data.STATE_Selection.mode)
    .bss                                     0x20000008   Section       96  libspace.o(.bss)
    ADC1_readings                            0x20000068   Data           6  adc.o(.bss.ADC1_readings)
    [Anonymous Symbol]                       0x20000068   Section        0  adc.o(.bss.ADC1_readings)
    BATTERY_CRITICAL_PROCEDURE.buf           0x2000006e   Data          64  adc.o(.bss.BATTERY_CRITICAL_PROCEDURE.buf)
    [Anonymous Symbol]                       0x2000006e   Section        0  adc.o(.bss.BATTERY_CRITICAL_PROCEDURE.buf)
    STATE_Handle.buf                         0x200000c0   Data         128  ui.o(.bss.STATE_Handle.buf)
    [Anonymous Symbol]                       0x200000c0   Section        0  ui.o(.bss.STATE_Handle.buf)
    STATE_Handle.state                       0x20000140   Data           4  ui.o(.bss.STATE_Handle.state)
    [Anonymous Symbol]                       0x20000140   Section        0  ui.o(.bss.STATE_Handle.state)
    tick                                     0x2000015c   Data           4  clock.o(.bss.tick)
    [Anonymous Symbol]                       0x2000015c   Section        0  clock.o(.bss.tick)
    Heap_Mem                                 0x20000160   Data         512  startup_stm32f405xx.o(HEAP)
    HEAP                                     0x20000160   Section      512  startup_stm32f405xx.o(HEAP)
    Stack_Mem                                0x20000360   Data        1024  startup_stm32f405xx.o(STACK)
    STACK                                    0x20000360   Section     1024  startup_stm32f405xx.o(STACK)
    __initial_sp                             0x20000760   Data           0  startup_stm32f405xx.o(STACK)

    Global Symbols

    Symbol Name                              Value     Ov Type        Size  Object(Section)

    BuildAttributes$$THM_ISAv4$E$P$D$K$B$S$7EM$VFPi3$EXTD16$VFPS$VFMA$PE$A:L22UL41UL21$X:L11$S22US41US21$IEEE1$IW$~IW$USESV6$~STKCKD$USESV7$~SHL$OTIME$ROPI$IEEEJ$EBA8$UX$STANDARDLIB$REQ8$PRES8$EABIv2 0x00000000   Number         0  anon$$obj.o ABSOLUTE
    _printf_flags                            0x00000000   Number         0  printf_stubs.o ABSOLUTE
    _printf_return_value                     0x00000000   Number         0  printf_stubs.o ABSOLUTE
    _printf_sizespec                         0x00000000   Number         0  printf_stubs.o ABSOLUTE
    _printf_widthprec                        0x00000000   Number         0  printf_stubs.o ABSOLUTE
    __ARM_exceptions_init                     - Undefined Weak Reference
    __alloca_initialize                       - Undefined Weak Reference
    __arm_preinit_                            - Undefined Weak Reference
    __cpp_initialize__aeabi_                  - Undefined Weak Reference
    __cxa_finalize                            - Undefined Weak Reference
    __sigvec_lookup                           - Undefined Weak Reference
    __user_heap_extent                        - Undefined Weak Reference
    _atexit_init                              - Undefined Weak Reference
    _call_atexit_fns                          - Undefined Weak Reference
    _clock_init                               - Undefined Weak Reference
    _fp_trap_init                             - Undefined Weak Reference
    _fp_trap_shutdown                         - Undefined Weak Reference
    _get_lc_collate                           - Undefined Weak Reference
    _get_lc_ctype                             - Undefined Weak Reference
    _get_lc_monetary                          - Undefined Weak Reference
    _get_lc_time                              - Undefined Weak Reference
    _getenv_init                              - Undefined Weak Reference
    _handle_redirection                       - Undefined Weak Reference
    _initio                                   - Undefined Weak Reference
    _mutex_acquire                            - Undefined Weak Reference
    _mutex_free                               - Undefined Weak Reference
    _mutex_release                            - Undefined Weak Reference
    _printf_post_padding                      - Undefined Weak Reference
    _printf_pre_padding                       - Undefined Weak Reference
    _rand_init                                - Undefined Weak Reference
    _signal_finish                            - Undefined Weak Reference
    _signal_init                              - Undefined Weak Reference
    _terminateio                              - Undefined Weak Reference
    __Vectors_Size                           0x00000188   Number         0  startup_stm32f405xx.o ABSOLUTE
    __Vectors                                0x08000000   Data           4  startup_stm32f405xx.o(RESET)
    __Vectors_End                            0x08000188   Data           0  startup_stm32f405xx.o(RESET)
    __main                                   0x08000189   Thumb Code     8  __main.o(!!!main)
    __scatterload                            0x08000191   Thumb Code     0  __scatter.o(!!!scatter)
    __scatterload_rt2                        0x08000191   Thumb Code    44  __scatter.o(!!!scatter)
    __scatterload_rt2_thumb_only             0x08000191   Thumb Code     0  __scatter.o(!!!scatter)
    __scatterload_null                       0x0800019f   Thumb Code     0  __scatter.o(!!!scatter)
    __scatterload_copy                       0x080001c5   Thumb Code    26  __scatter_copy.o(!!handler_copy)
    __scatterload_zeroinit                   0x080001e1   Thumb Code    28  __scatter_zi.o(!!handler_zi)
    _printf_f                                0x080001fd   Thumb Code     0  _printf_f.o(.ARM.Collect$$_printf_percent$$00000003)
    _printf_percent                          0x080001fd   Thumb Code     0  _printf_percent.o(.ARM.Collect$$_printf_percent$$00000000)
    _printf_percent_end                      0x08000203   Thumb Code     0  _printf_percent_end.o(.ARM.Collect$$_printf_percent$$00000017)
    __rt_lib_init                            0x08000207   Thumb Code     0  libinit.o(.ARM.Collect$$libinit$$00000000)
    __rt_lib_init_fp_1                       0x08000209   Thumb Code     0  libinit2.o(.ARM.Collect$$libinit$$00000001)
    __rt_lib_init_heap_2                     0x0800020d   Thumb Code     0  libinit2.o(.ARM.Collect$$libinit$$00000005)
    __rt_lib_init_preinit_1                  0x0800020d   Thumb Code     0  libinit2.o(.ARM.Collect$$libinit$$00000004)
    __rt_lib_init_heap_1                     0x08000215   Thumb Code     0  libinit2.o(.ARM.Collect$$libinit$$0000000A)
    __rt_lib_init_lc_common                  0x08000215   Thumb Code     0  libinit2.o(.ARM.Collect$$libinit$$0000000F)
    __rt_lib_init_rand_1                     0x08000215   Thumb Code     0  libinit2.o(.ARM.Collect$$libinit$$0000000E)
    __rt_lib_init_user_alloc_1               0x08000215   Thumb Code     0  libinit2.o(.ARM.Collect$$libinit$$0000000C)
    __rt_lib_init_lc_collate_1               0x0800021b   Thumb Code     0  libinit2.o(.ARM.Collect$$libinit$$00000011)
    __rt_lib_init_lc_ctype_1                 0x0800021b   Thumb Code     0  libinit2.o(.ARM.Collect$$libinit$$00000013)
    __rt_lib_init_lc_monetary_1              0x0800021b   Thumb Code     0  libinit2.o(.ARM.Collect$$libinit$$00000015)
    __rt_lib_init_lc_numeric_2               0x0800021b   Thumb Code     0  libinit2.o(.ARM.Collect$$libinit$$00000016)
    __rt_lib_init_alloca_1                   0x08000225   Thumb Code     0  libinit2.o(.ARM.Collect$$libinit$$0000002E)
    __rt_lib_init_argv_1                     0x08000225   Thumb Code     0  libinit2.o(.ARM.Collect$$libinit$$0000002C)
    __rt_lib_init_atexit_1                   0x08000225   Thumb Code     0  libinit2.o(.ARM.Collect$$libinit$$0000001B)
    __rt_lib_init_clock_1                    0x08000225   Thumb Code     0  libinit2.o(.ARM.Collect$$libinit$$00000021)
    __rt_lib_init_cpp_1                      0x08000225   Thumb Code     0  libinit2.o(.ARM.Collect$$libinit$$00000032)
    __rt_lib_init_exceptions_1               0x08000225   Thumb Code     0  libinit2.o(.ARM.Collect$$libinit$$00000030)
    __rt_lib_init_fp_trap_1                  0x08000225   Thumb Code     0  libinit2.o(.ARM.Collect$$libinit$$0000001F)
    __rt_lib_init_getenv_1                   0x08000225   Thumb Code     0  libinit2.o(.ARM.Collect$$libinit$$00000023)
    __rt_lib_init_lc_numeric_1               0x08000225   Thumb Code     0  libinit2.o(.ARM.Collect$$libinit$$00000017)
    __rt_lib_init_lc_time_1                  0x08000225   Thumb Code     0  libinit2.o(.ARM.Collect$$libinit$$00000019)
    __rt_lib_init_return                     0x08000225   Thumb Code     0  libinit2.o(.ARM.Collect$$libinit$$00000033)
    __rt_lib_init_signal_1                   0x08000225   Thumb Code     0  libinit2.o(.ARM.Collect$$libinit$$0000001D)
    __rt_lib_init_stdio_1                    0x08000225   Thumb Code     0  libinit2.o(.ARM.Collect$$libinit$$00000025)
    __rt_lib_shutdown                        0x08000227   Thumb Code     0  libshutdown.o(.ARM.Collect$$libshutdown$$00000000)
    __rt_lib_shutdown_cpp_1                  0x08000229   Thumb Code     0  libshutdown2.o(.ARM.Collect$$libshutdown$$00000002)
    __rt_lib_shutdown_fp_trap_1              0x08000229   Thumb Code     0  libshutdown2.o(.ARM.Collect$$libshutdown$$00000007)
    __rt_lib_shutdown_heap_1                 0x08000229   Thumb Code     0  libshutdown2.o(.ARM.Collect$$libshutdown$$0000000F)
    __rt_lib_shutdown_return                 0x08000229   Thumb Code     0  libshutdown2.o(.ARM.Collect$$libshutdown$$00000010)
    __rt_lib_shutdown_signal_1               0x08000229   Thumb Code     0  libshutdown2.o(.ARM.Collect$$libshutdown$$0000000A)
    __rt_lib_shutdown_stdio_1                0x08000229   Thumb Code     0  libshutdown2.o(.ARM.Collect$$libshutdown$$00000004)
    __rt_lib_shutdown_user_alloc_1           0x08000229   Thumb Code     0  libshutdown2.o(.ARM.Collect$$libshutdown$$0000000C)
    __rt_entry                               0x0800022b   Thumb Code     0  __rtentry.o(.ARM.Collect$$rtentry$$00000000)
    __rt_entry_presh_1                       0x0800022b   Thumb Code     0  __rtentry2.o(.ARM.Collect$$rtentry$$00000002)
    __rt_entry_sh                            0x0800022b   Thumb Code     0  __rtentry4.o(.ARM.Collect$$rtentry$$00000004)
    __rt_entry_li                            0x08000231   Thumb Code     0  __rtentry2.o(.ARM.Collect$$rtentry$$0000000A)
    __rt_entry_postsh_1                      0x08000231   Thumb Code     0  __rtentry2.o(.ARM.Collect$$rtentry$$00000009)
    __rt_entry_main                          0x08000235   Thumb Code     0  __rtentry2.o(.ARM.Collect$$rtentry$$0000000D)
    __rt_entry_postli_1                      0x08000235   Thumb Code     0  __rtentry2.o(.ARM.Collect$$rtentry$$0000000C)
    __rt_exit                                0x0800023d   Thumb Code     0  rtexit.o(.ARM.Collect$$rtexit$$00000000)
    __rt_exit_ls                             0x0800023f   Thumb Code     0  rtexit2.o(.ARM.Collect$$rtexit$$00000003)
    __rt_exit_prels_1                        0x0800023f   Thumb Code     0  rtexit2.o(.ARM.Collect$$rtexit$$00000002)
    __rt_exit_exit                           0x08000243   Thumb Code     0  rtexit2.o(.ARM.Collect$$rtexit$$00000004)
    Reset_Handler                            0x08000249   Thumb Code     8  startup_stm32f405xx.o(.text)
    NMI_Handler                              0x08000251   Thumb Code     2  startup_stm32f405xx.o(.text)
    HardFault_Handler                        0x08000253   Thumb Code     2  startup_stm32f405xx.o(.text)
    MemManage_Handler                        0x08000255   Thumb Code     2  startup_stm32f405xx.o(.text)
    BusFault_Handler                         0x08000257   Thumb Code     2  startup_stm32f405xx.o(.text)
    UsageFault_Handler                       0x08000259   Thumb Code     2  startup_stm32f405xx.o(.text)
    SVC_Handler                              0x0800025b   Thumb Code     2  startup_stm32f405xx.o(.text)
    DebugMon_Handler                         0x0800025d   Thumb Code     2  startup_stm32f405xx.o(.text)
    PendSV_Handler                           0x0800025f   Thumb Code     2  startup_stm32f405xx.o(.text)
    CAN1_RX0_IRQHandler                      0x08000263   Thumb Code     0  startup_stm32f405xx.o(.text)
    CAN1_RX1_IRQHandler                      0x08000263   Thumb Code     0  startup_stm32f405xx.o(.text)
    CAN1_SCE_IRQHandler                      0x08000263   Thumb Code     0  startup_stm32f405xx.o(.text)
    CAN1_TX_IRQHandler                       0x08000263   Thumb Code     0  startup_stm32f405xx.o(.text)
    CAN2_RX0_IRQHandler                      0x08000263   Thumb Code     0  startup_stm32f405xx.o(.text)
    CAN2_RX1_IRQHandler                      0x08000263   Thumb Code     0  startup_stm32f405xx.o(.text)
    CAN2_SCE_IRQHandler                      0x08000263   Thumb Code     0  startup_stm32f405xx.o(.text)
    CAN2_TX_IRQHandler                       0x08000263   Thumb Code     0  startup_stm32f405xx.o(.text)
    DMA1_Stream0_IRQHandler                  0x08000263   Thumb Code     0  startup_stm32f405xx.o(.text)
    DMA1_Stream1_IRQHandler                  0x08000263   Thumb Code     0  startup_stm32f405xx.o(.text)
    DMA1_Stream2_IRQHandler                  0x08000263   Thumb Code     0  startup_stm32f405xx.o(.text)
    DMA1_Stream3_IRQHandler                  0x08000263   Thumb Code     0  startup_stm32f405xx.o(.text)
    DMA1_Stream4_IRQHandler                  0x08000263   Thumb Code     0  startup_stm32f405xx.o(.text)
    DMA1_Stream5_IRQHandler                  0x08000263   Thumb Code     0  startup_stm32f405xx.o(.text)
    DMA1_Stream6_IRQHandler                  0x08000263   Thumb Code     0  startup_stm32f405xx.o(.text)
    DMA1_Stream7_IRQHandler                  0x08000263   Thumb Code     0  startup_stm32f405xx.o(.text)
    DMA2_Stream0_IRQHandler                  0x08000263   Thumb Code     0  startup_stm32f405xx.o(.text)
    DMA2_Stream1_IRQHandler                  0x08000263   Thumb Code     0  startup_stm32f405xx.o(.text)
    DMA2_Stream2_IRQHandler                  0x08000263   Thumb Code     0  startup_stm32f405xx.o(.text)
    DMA2_Stream3_IRQHandler                  0x08000263   Thumb Code     0  startup_stm32f405xx.o(.text)
    DMA2_Stream4_IRQHandler                  0x08000263   Thumb Code     0  startup_stm32f405xx.o(.text)
    DMA2_Stream5_IRQHandler                  0x08000263   Thumb Code     0  startup_stm32f405xx.o(.text)
    DMA2_Stream6_IRQHandler                  0x08000263   Thumb Code     0  startup_stm32f405xx.o(.text)
    DMA2_Stream7_IRQHandler                  0x08000263   Thumb Code     0  startup_stm32f405xx.o(.text)
    EXTI0_IRQHandler                         0x08000263   Thumb Code     0  startup_stm32f405xx.o(.text)
    EXTI1_IRQHandler                         0x08000263   Thumb Code     0  startup_stm32f405xx.o(.text)
    EXTI2_IRQHandler                         0x08000263   Thumb Code     0  startup_stm32f405xx.o(.text)
    EXTI3_IRQHandler                         0x08000263   Thumb Code     0  startup_stm32f405xx.o(.text)
    EXTI4_IRQHandler                         0x08000263   Thumb Code     0  startup_stm32f405xx.o(.text)
    EXTI9_5_IRQHandler                       0x08000263   Thumb Code     0  startup_stm32f405xx.o(.text)
    FLASH_IRQHandler                         0x08000263   Thumb Code     0  startup_stm32f405xx.o(.text)
    FMC_IRQHandler                           0x08000263   Thumb Code     0  startup_stm32f405xx.o(.text)
    FPU_IRQHandler                           0x08000263   Thumb Code     0  startup_stm32f405xx.o(.text)
    HASH_RNG_IRQHandler                      0x08000263   Thumb Code     0  startup_stm32f405xx.o(.text)
    I2C1_ER_IRQHandler                       0x08000263   Thumb Code     0  startup_stm32f405xx.o(.text)
    I2C1_EV_IRQHandler                       0x08000263   Thumb Code     0  startup_stm32f405xx.o(.text)
    I2C2_ER_IRQHandler                       0x08000263   Thumb Code     0  startup_stm32f405xx.o(.text)
    I2C2_EV_IRQHandler                       0x08000263   Thumb Code     0  startup_stm32f405xx.o(.text)
    I2C3_ER_IRQHandler                       0x08000263   Thumb Code     0  startup_stm32f405xx.o(.text)
    I2C3_EV_IRQHandler                       0x08000263   Thumb Code     0  startup_stm32f405xx.o(.text)
    OTG_FS_IRQHandler                        0x08000263   Thumb Code     0  startup_stm32f405xx.o(.text)
    OTG_FS_WKUP_IRQHandler                   0x08000263   Thumb Code     0  startup_stm32f405xx.o(.text)
    OTG_HS_EP1_IN_IRQHandler                 0x08000263   Thumb Code     0  startup_stm32f405xx.o(.text)
    OTG_HS_EP1_OUT_IRQHandler                0x08000263   Thumb Code     0  startup_stm32f405xx.o(.text)
    OTG_HS_IRQHandler                        0x08000263   Thumb Code     0  startup_stm32f405xx.o(.text)
    OTG_HS_WKUP_IRQHandler                   0x08000263   Thumb Code     0  startup_stm32f405xx.o(.text)
    PVD_IRQHandler                           0x08000263   Thumb Code     0  startup_stm32f405xx.o(.text)
    RCC_IRQHandler                           0x08000263   Thumb Code     0  startup_stm32f405xx.o(.text)
    RTC_Alarm_IRQHandler                     0x08000263   Thumb Code     0  startup_stm32f405xx.o(.text)
    RTC_WKUP_IRQHandler                      0x08000263   Thumb Code     0  startup_stm32f405xx.o(.text)
    SDIO_IRQHandler                          0x08000263   Thumb Code     0  startup_stm32f405xx.o(.text)
    SPI1_IRQHandler                          0x08000263   Thumb Code     0  startup_stm32f405xx.o(.text)
    SPI2_IRQHandler                          0x08000263   Thumb Code     0  startup_stm32f405xx.o(.text)
    SPI3_IRQHandler                          0x08000263   Thumb Code     0  startup_stm32f405xx.o(.text)
    TAMP_STAMP_IRQHandler                    0x08000263   Thumb Code     0  startup_stm32f405xx.o(.text)
    TIM1_BRK_TIM9_IRQHandler                 0x08000263   Thumb Code     0  startup_stm32f405xx.o(.text)
    TIM1_CC_IRQHandler                       0x08000263   Thumb Code     0  startup_stm32f405xx.o(.text)
    TIM1_TRG_COM_TIM11_IRQHandler            0x08000263   Thumb Code     0  startup_stm32f405xx.o(.text)
    TIM1_UP_TIM10_IRQHandler                 0x08000263   Thumb Code     0  startup_stm32f405xx.o(.text)
    TIM2_IRQHandler                          0x08000263   Thumb Code     0  startup_stm32f405xx.o(.text)
    TIM3_IRQHandler                          0x08000263   Thumb Code     0  startup_stm32f405xx.o(.text)
    TIM4_IRQHandler                          0x08000263   Thumb Code     0  startup_stm32f405xx.o(.text)
    TIM5_IRQHandler                          0x08000263   Thumb Code     0  startup_stm32f405xx.o(.text)
    TIM6_DAC_IRQHandler                      0x08000263   Thumb Code     0  startup_stm32f405xx.o(.text)
    TIM7_IRQHandler                          0x08000263   Thumb Code     0  startup_stm32f405xx.o(.text)
    TIM8_BRK_TIM12_IRQHandler                0x08000263   Thumb Code     0  startup_stm32f405xx.o(.text)
    TIM8_CC_IRQHandler                       0x08000263   Thumb Code     0  startup_stm32f405xx.o(.text)
    TIM8_TRG_COM_TIM14_IRQHandler            0x08000263   Thumb Code     0  startup_stm32f405xx.o(.text)
    TIM8_UP_TIM13_IRQHandler                 0x08000263   Thumb Code     0  startup_stm32f405xx.o(.text)
    UART4_IRQHandler                         0x08000263   Thumb Code     0  startup_stm32f405xx.o(.text)
    UART5_IRQHandler                         0x08000263   Thumb Code     0  startup_stm32f405xx.o(.text)
    USART2_IRQHandler                        0x08000263   Thumb Code     0  startup_stm32f405xx.o(.text)
    USART3_IRQHandler                        0x08000263   Thumb Code     0  startup_stm32f405xx.o(.text)
    USART6_IRQHandler                        0x08000263   Thumb Code     0  startup_stm32f405xx.o(.text)
    WWDG_IRQHandler                          0x08000263   Thumb Code     0  startup_stm32f405xx.o(.text)
    __user_initial_stackheap                 0x08000265   Thumb Code     0  startup_stm32f405xx.o(.text)
    malloc                                   0x08000289   Thumb Code    94  h1_alloc.o(.text)
    free                                     0x080002e7   Thumb Code    78  h1_free.o(.text)
    __2sprintf                               0x08000335   Thumb Code    34  noretval__2sprintf.o(.text)
    __printf                                 0x0800035d   Thumb Code   270  __printf_wp.o(.text)
    strcmp                                   0x08000471   Thumb Code   124  strcmpv7em.o(.text)
    __use_two_region_memory                  0x080004ed   Thumb Code     2  heapauxi.o(.text)
    __rt_heap_escrow                         0x080004ef   Thumb Code     2  heapauxi.o(.text)
    __rt_heap_expand                         0x080004f1   Thumb Code     2  heapauxi.o(.text)
    __rt_heap_descriptor                     0x080004f5   Thumb Code     8  rt_heap_descriptor_intlibspace.o(.text)
    __use_no_heap                            0x080004fd   Thumb Code     2  hguard.o(.text)
    __heap$guard                             0x080004ff   Thumb Code     2  hguard.o(.text)
    _terminate_user_alloc                    0x08000501   Thumb Code     2  init_alloc.o(.text)
    _init_user_alloc                         0x08000503   Thumb Code     2  init_alloc.o(.text)
    __Heap_Full                              0x08000505   Thumb Code    34  init_alloc.o(.text)
    __Heap_Broken                            0x08000527   Thumb Code     6  init_alloc.o(.text)
    _init_alloc                              0x0800052d   Thumb Code    94  init_alloc.o(.text)
    __Heap_Initialize                        0x0800058b   Thumb Code    10  h1_init.o(.text)
    __Heap_DescSize                          0x08000595   Thumb Code     4  h1_init.o(.text)
    _printf_fp_dec_real                      0x08000749   Thumb Code   620  _printf_fp_dec.o(.text)
    _printf_char_common                      0x080009bf   Thumb Code    32  _printf_char_common.o(.text)
    _sputc                                   0x080009e5   Thumb Code    10  _sputc.o(.text)
    __user_libspace                          0x080009f1   Thumb Code     8  libspace.o(.text)
    __user_perproc_libspace                  0x080009f1   Thumb Code     0  libspace.o(.text)
    __user_perthread_libspace                0x080009f1   Thumb Code     0  libspace.o(.text)
    __rt_locale                              0x080009f9   Thumb Code     8  rt_locale_intlibspace.o(.text)
    __Heap_ProvideMemory                     0x08000a01   Thumb Code    52  h1_extend.o(.text)
    _maybe_terminate_alloc                   0x08000a01   Thumb Code     0  maybetermalloc1.o(.text)
    _ll_udiv10                               0x08000a35   Thumb Code   138  lludiv10.o(.text)
    _printf_fp_infnan                        0x08000ac1   Thumb Code   112  _printf_fp_infnan.o(.text)
    _btod_etento                             0x08000b41   Thumb Code   224  bigflt0.o(.text)
    __rt_SIGRTMEM                            0x08000c25   Thumb Code    14  defsig_rtmem_outer.o(.text)
    __I$use$semihosting                      0x08000c33   Thumb Code     0  use_no_semi.o(.text)
    __use_no_semihosting_swi                 0x08000c33   Thumb Code     2  use_no_semi.o(.text)
    __semihosting_library_function           0x08000c35   Thumb Code     0  indicate_semi.o(.text)
    __user_setup_stackheap                   0x08000c35   Thumb Code    74  sys_stackheap_outer.o(.text)
    exit                                     0x08000c7f   Thumb Code    18  exit.o(.text)
    __sig_exit                               0x08000c91   Thumb Code    10  defsig_exit.o(.text)
    __rt_SIGRTMEM_inner                      0x08000c9d   Thumb Code    22  defsig_rtmem_inner.o(.text)
    _sys_exit                                0x08000ced   Thumb Code     8  sys_exit.o(.text)
    __default_signal_display                 0x08000cf9   Thumb Code    50  defsig_general.o(.text)
    _ttywrch                                 0x08000d2b   Thumb Code    14  sys_wrch.o(.text)
    ADC1_DMA_Init                            0x08000d39   Thumb Code   202  adc.o(.text.ADC1_DMA_Init)
    ADC_GET_BATTERY_VOLTAGE                  0x08000e09   Thumb Code    64  adc.o(.text.ADC_GET_BATTERY_VOLTAGE)
    ADC_GET_TEMPERATURE_INTERAL              0x08000e49   Thumb Code   104  adc.o(.text.ADC_GET_TEMPERATURE_INTERAL)
    ADC_GET_VREF_INTERNAL                    0x08000eb1   Thumb Code    48  adc.o(.text.ADC_GET_VREF_INTERNAL)
    ADC_IRQHandler                           0x08000ee1   Thumb Code    42  adc.o(.text.ADC_IRQHandler)
    BATTERY_CRITICAL_PROCEDURE               0x08000f11   Thumb Code   272  adc.o(.text.BATTERY_CRITICAL_PROCEDURE)
    BUTTON_EXTI_Init                         0x08001021   Thumb Code   180  gpio.o(.text.BUTTON_EXTI_Init)
    BUZZER_Buzz                              0x080010d5   Thumb Code    58  buzzer.o(.text.BUZZER_Buzz)
    BUZZER_Init                              0x08001111   Thumb Code   110  buzzer.o(.text.BUZZER_Init)
    BUZZER_Volume                            0x08001181   Thumb Code    14  buzzer.o(.text.BUZZER_Volume)
    CLOCK_Init                               0x08001191   Thumb Code     8  clock.o(.text.CLOCK_Init)
    COMMAND_Execute                          0x08001199   Thumb Code   212  uart.o(.text.COMMAND_Execute)
    ENCODERS_Init                            0x0800126d   Thumb Code   250  motors.o(.text.ENCODERS_Init)
    EXTI15_10_IRQHandler                     0x08001369   Thumb Code   184  gpio.o(.text.EXTI15_10_IRQHandler)
    GPIO_Init                                0x08001421   Thumb Code   154  gpio.o(.text.GPIO_Init)
    LED_Switch                               0x080014bd   Thumb Code   462  gpio.o(.text.LED_Switch)
    LED_Write                                0x0800168d   Thumb Code    60  ui.o(.text.LED_Write)
    MOTL_SET_SPEED                           0x080016c9   Thumb Code   172  motors.o(.text.MOTL_SET_SPEED)
    MOTORS_Init                              0x08001775   Thumb Code   244  motors.o(.text.MOTORS_Init)
    MOTR_SET_SPEED                           0x08001869   Thumb Code   172  motors.o(.text.MOTR_SET_SPEED)
    STATE_Handle                             0x08001915   Thumb Code  1384  ui.o(.text.STATE_Handle)
    STATE_Selection                          0x08001e7d   Thumb Code   198  ui.o(.text.STATE_Selection)
    SysTick_Handler                          0x08001f65   Thumb Code    16  clock.o(.text.SysTick_Handler)
    SystemInit                               0x08001f75   Thumb Code    26  system_stm32f4xx.o(.text.SystemInit)
    UART1_COMMAND_PARSERHandler              0x08001f91   Thumb Code    98  uart.o(.text.UART1_COMMAND_PARSERHandler)
    UART1_IT_Init                            0x08001ff5   Thumb Code    86  uart.o(.text.UART1_IT_Init)
    USART1_IRQHandler                        0x0800204d   Thumb Code    44  uart.o(.text.USART1_IRQHandler)
    delay_ms                                 0x080020c9   Thumb Code    20  clock.o(.text.delay_ms)
    main                                     0x080020dd   Thumb Code   134  main.o(.text.main)
    tCircular_buffer_init                    0x08002165   Thumb Code    28  circular_buffer.o(.text.tCircular_buffer_init)
    tCircular_buffer_pop                     0x08002181   Thumb Code    64  circular_buffer.o(.text.tCircular_buffer_pop)
    tCircular_buffer_push                    0x080021c1   Thumb Code    58  circular_buffer.o(.text.tCircular_buffer_push)
    _btod_d2e                                0x080021fb   Thumb Code    62  btod.o(CL$$btod_d2e)
    _d2e_denorm_low                          0x08002239   Thumb Code    70  btod.o(CL$$btod_d2e_denorm_low)
    _d2e_norm_op1                            0x0800227f   Thumb Code    96  btod.o(CL$$btod_d2e_norm_op1)
    __btod_div_common                        0x080022df   Thumb Code   696  btod.o(CL$$btod_div_common)
    _e2e                                     0x08002617   Thumb Code   220  btod.o(CL$$btod_e2e)
    _btod_ediv                               0x080026f3   Thumb Code    42  btod.o(CL$$btod_ediv)
    _btod_emul                               0x0800271d   Thumb Code    42  btod.o(CL$$btod_emul)
    __btod_mult_common                       0x08002747   Thumb Code   580  btod.o(CL$$btod_mult_common)
    __ARM_fpclassify                         0x0800298b   Thumb Code    48  fpclassify.o(i.__ARM_fpclassify)
    _is_digit                                0x080029bb   Thumb Code    14  __printf_wp.o(i._is_digit)
    _get_lc_numeric                          0x080029c9   Thumb Code    44  lc_numeric_c.o(locale$$code)
    __aeabi_dadd                             0x080029f5   Thumb Code     0  daddsub_clz.o(x$fpl$dadd)
    _dadd                                    0x080029f5   Thumb Code   332  daddsub_clz.o(x$fpl$dadd)
    __fpl_dcmp_Inf                           0x08002b45   Thumb Code    24  dcmpi.o(x$fpl$dcmpinf)
    __aeabi_ddiv                             0x08002b5d   Thumb Code     0  ddiv.o(x$fpl$ddiv)
    _ddiv                                    0x08002b5d   Thumb Code   552  ddiv.o(x$fpl$ddiv)
    __aeabi_cdcmpeq                          0x08002e0d   Thumb Code     0  deqf.o(x$fpl$deqf)
    _dcmpeq                                  0x08002e0d   Thumb Code   120  deqf.o(x$fpl$deqf)
    __aeabi_d2iz                             0x08002e85   Thumb Code     0  dfix.o(x$fpl$dfix)
    _dfix                                    0x08002e85   Thumb Code    94  dfix.o(x$fpl$dfix)
    __aeabi_i2d                              0x08002ee3   Thumb Code     0  dflt_clz.o(x$fpl$dflt)
    _dflt                                    0x08002ee3   Thumb Code    46  dflt_clz.o(x$fpl$dflt)
    __aeabi_ui2d                             0x08002f11   Thumb Code     0  dflt_clz.o(x$fpl$dfltu)
    _dfltu                                   0x08002f11   Thumb Code    38  dflt_clz.o(x$fpl$dfltu)
    __aeabi_cdcmpge                          0x08002f39   Thumb Code     0  dgeqf.o(x$fpl$dgeqf)
    _dcmpge                                  0x08002f39   Thumb Code   120  dgeqf.o(x$fpl$dgeqf)
    __aeabi_cdcmple                          0x08002fb1   Thumb Code     0  dleqf.o(x$fpl$dleqf)
    _dcmple                                  0x08002fb1   Thumb Code   120  dleqf.o(x$fpl$dleqf)
    __fpl_dcmple_InfNaN                      0x08003013   Thumb Code     0  dleqf.o(x$fpl$dleqf)
    __aeabi_dmul                             0x08003029   Thumb Code     0  dmul.o(x$fpl$dmul)
    _dmul                                    0x08003029   Thumb Code   332  dmul.o(x$fpl$dmul)
    __fpl_dnaninf                            0x0800317d   Thumb Code   156  dnaninf.o(x$fpl$dnaninf)
    __fpl_dretinf                            0x08003219   Thumb Code    12  dretinf.o(x$fpl$dretinf)
    __aeabi_dsub                             0x08003225   Thumb Code     0  daddsub_clz.o(x$fpl$dsub)
    _dsub                                    0x08003225   Thumb Code   464  daddsub_clz.o(x$fpl$dsub)
    __aeabi_dcmpeq                           0x080033f9   Thumb Code     0  dcmp.o(x$fpl$fcmp)
    _deq                                     0x080033f9   Thumb Code    14  dcmp.o(x$fpl$fcmp)
    _dneq                                    0x08003407   Thumb Code    14  dcmp.o(x$fpl$fcmp)
    __aeabi_dcmpgt                           0x08003415   Thumb Code     0  dcmp.o(x$fpl$fcmp)
    _dgr                                     0x08003415   Thumb Code    14  dcmp.o(x$fpl$fcmp)
    __aeabi_dcmpge                           0x08003423   Thumb Code     0  dcmp.o(x$fpl$fcmp)
    _dgeq                                    0x08003423   Thumb Code    14  dcmp.o(x$fpl$fcmp)
    __aeabi_dcmple                           0x08003431   Thumb Code     0  dcmp.o(x$fpl$fcmp)
    _dleq                                    0x08003431   Thumb Code    14  dcmp.o(x$fpl$fcmp)
    __aeabi_dcmplt                           0x0800343f   Thumb Code     0  dcmp.o(x$fpl$fcmp)
    _dls                                     0x0800343f   Thumb Code    14  dcmp.o(x$fpl$fcmp)
    _fp_init                                 0x0800344d   Thumb Code    26  fpinit.o(x$fpl$fpinit)
    __fplib_config_fpu_vfp                   0x08003465   Thumb Code     0  fpinit.o(x$fpl$fpinit)
    __fplib_config_pureend_doubles           0x08003465   Thumb Code     0  fpinit.o(x$fpl$fpinit)
    _printf_fp_dec                           0x08003467   Thumb Code     4  printf1.o(x$fpl$printf1)
    __I$use$fp                               0x0800346a   Number         0  usenofp.o(x$fpl$usenofp)
    Region$$Table$$Base                      0x08003554   Number         0  anon$$obj.o(Region$$Table)
    Region$$Table$$Limit                     0x08003574   Number         0  anon$$obj.o(Region$$Table)
    __libspace_start                         0x20000008   Data          96  libspace.o(.bss)
    __temporary_stack_top$libspace           0x20000068   Data           0  libspace.o(.bss)
    BUTTON_OK                                0x200000ae   Data           4  gpio.o(.bss.BUTTON_OK)
    BUTTON_SEL                               0x200000b2   Data           4  gpio.o(.bss.BUTTON_SEL)
    MOTL_enc                                 0x200000b8   Data           4  motors.o(.bss.MOTL_enc)
    MOTR_enc                                 0x200000bc   Data           4  motors.o(.bss.MOTR_enc)
    UART_Buffer                              0x20000144   Data          20  uart.o(.bss.UART_Buffer)
    mouse_state                              0x20000158   Data           1  ui.o(.bss.mouse_state)



==============================================================================

Memory Map of the image

  Image Entry point : 0x08000249

  Load Region LR_1 (Base: 0x08000000, Size: 0x00003594, Max: 0xffffffff, ABSOLUTE)

    Execution Region ER_RO (Exec base: 0x08000000, Load base: 0x08000000, Size: 0x00003590, Max: 0xffffffff, ABSOLUTE)

    Exec Addr    Load Addr    Size         Type   Attr      Idx    E Section Name        Object

    0x08000000   0x08000000   0x00000188   Data   RO          161    RESET               startup_stm32f405xx.o
    0x08000188   0x08000188   0x00000008   Code   RO          279  * !!!main             c_w.l(__main.o)
    0x08000190   0x08000190   0x00000034   Code   RO          583    !!!scatter          c_w.l(__scatter.o)
    0x080001c4   0x080001c4   0x0000001a   Code   RO          585    !!handler_copy      c_w.l(__scatter_copy.o)
    0x080001de   0x080001de   0x00000002   PAD
    0x080001e0   0x080001e0   0x0000001c   Code   RO          587    !!handler_zi        c_w.l(__scatter_zi.o)
    0x080001fc   0x080001fc   0x00000000   Code   RO          274    .ARM.Collect$$_printf_percent$$00000000  c_w.l(_printf_percent.o)
    0x080001fc   0x080001fc   0x00000006   Code   RO          273    .ARM.Collect$$_printf_percent$$00000003  c_w.l(_printf_f.o)
    0x08000202   0x08000202   0x00000004   Code   RO          341    .ARM.Collect$$_printf_percent$$00000017  c_w.l(_printf_percent_end.o)
    0x08000206   0x08000206   0x00000002   Code   RO          516    .ARM.Collect$$libinit$$00000000  c_w.l(libinit.o)
    0x08000208   0x08000208   0x00000004   Code   RO          346    .ARM.Collect$$libinit$$00000001  c_w.l(libinit2.o)
    0x0800020c   0x0800020c   0x00000000   Code   RO          349    .ARM.Collect$$libinit$$00000004  c_w.l(libinit2.o)
    0x0800020c   0x0800020c   0x00000008   Code   RO          350    .ARM.Collect$$libinit$$00000005  c_w.l(libinit2.o)
    0x08000214   0x08000214   0x00000000   Code   RO          352    .ARM.Collect$$libinit$$0000000A  c_w.l(libinit2.o)
    0x08000214   0x08000214   0x00000000   Code   RO          354    .ARM.Collect$$libinit$$0000000C  c_w.l(libinit2.o)
    0x08000214   0x08000214   0x00000000   Code   RO          356    .ARM.Collect$$libinit$$0000000E  c_w.l(libinit2.o)
    0x08000214   0x08000214   0x00000006   Code   RO          357    .ARM.Collect$$libinit$$0000000F  c_w.l(libinit2.o)
    0x0800021a   0x0800021a   0x00000000   Code   RO          359    .ARM.Collect$$libinit$$00000011  c_w.l(libinit2.o)
    0x0800021a   0x0800021a   0x00000000   Code   RO          361    .ARM.Collect$$libinit$$00000013  c_w.l(libinit2.o)
    0x0800021a   0x0800021a   0x00000000   Code   RO          363    .ARM.Collect$$libinit$$00000015  c_w.l(libinit2.o)
    0x0800021a   0x0800021a   0x0000000a   Code   RO          364    .ARM.Collect$$libinit$$00000016  c_w.l(libinit2.o)
    0x08000224   0x08000224   0x00000000   Code   RO          365    .ARM.Collect$$libinit$$00000017  c_w.l(libinit2.o)
    0x08000224   0x08000224   0x00000000   Code   RO          367    .ARM.Collect$$libinit$$00000019  c_w.l(libinit2.o)
    0x08000224   0x08000224   0x00000000   Code   RO          369    .ARM.Collect$$libinit$$0000001B  c_w.l(libinit2.o)
    0x08000224   0x08000224   0x00000000   Code   RO          371    .ARM.Collect$$libinit$$0000001D  c_w.l(libinit2.o)
    0x08000224   0x08000224   0x00000000   Code   RO          373    .ARM.Collect$$libinit$$0000001F  c_w.l(libinit2.o)
    0x08000224   0x08000224   0x00000000   Code   RO          375    .ARM.Collect$$libinit$$00000021  c_w.l(libinit2.o)
    0x08000224   0x08000224   0x00000000   Code   RO          377    .ARM.Collect$$libinit$$00000023  c_w.l(libinit2.o)
    0x08000224   0x08000224   0x00000000   Code   RO          379    .ARM.Collect$$libinit$$00000025  c_w.l(libinit2.o)
    0x08000224   0x08000224   0x00000000   Code   RO          383    .ARM.Collect$$libinit$$0000002C  c_w.l(libinit2.o)
    0x08000224   0x08000224   0x00000000   Code   RO          385    .ARM.Collect$$libinit$$0000002E  c_w.l(libinit2.o)
    0x08000224   0x08000224   0x00000000   Code   RO          387    .ARM.Collect$$libinit$$00000030  c_w.l(libinit2.o)
    0x08000224   0x08000224   0x00000000   Code   RO          389    .ARM.Collect$$libinit$$00000032  c_w.l(libinit2.o)
    0x08000224   0x08000224   0x00000002   Code   RO          390    .ARM.Collect$$libinit$$00000033  c_w.l(libinit2.o)
    0x08000226   0x08000226   0x00000002   Code   RO          580    .ARM.Collect$$libshutdown$$00000000  c_w.l(libshutdown.o)
    0x08000228   0x08000228   0x00000000   Code   RO          534    .ARM.Collect$$libshutdown$$00000002  c_w.l(libshutdown2.o)
    0x08000228   0x08000228   0x00000000   Code   RO          536    .ARM.Collect$$libshutdown$$00000004  c_w.l(libshutdown2.o)
    0x08000228   0x08000228   0x00000000   Code   RO          539    .ARM.Collect$$libshutdown$$00000007  c_w.l(libshutdown2.o)
    0x08000228   0x08000228   0x00000000   Code   RO          542    .ARM.Collect$$libshutdown$$0000000A  c_w.l(libshutdown2.o)
    0x08000228   0x08000228   0x00000000   Code   RO          544    .ARM.Collect$$libshutdown$$0000000C  c_w.l(libshutdown2.o)
    0x08000228   0x08000228   0x00000000   Code   RO          547    .ARM.Collect$$libshutdown$$0000000F  c_w.l(libshutdown2.o)
    0x08000228   0x08000228   0x00000002   Code   RO          548    .ARM.Collect$$libshutdown$$00000010  c_w.l(libshutdown2.o)
    0x0800022a   0x0800022a   0x00000000   Code   RO          309    .ARM.Collect$$rtentry$$00000000  c_w.l(__rtentry.o)
    0x0800022a   0x0800022a   0x00000000   Code   RO          410    .ARM.Collect$$rtentry$$00000002  c_w.l(__rtentry2.o)
    0x0800022a   0x0800022a   0x00000006   Code   RO          422    .ARM.Collect$$rtentry$$00000004  c_w.l(__rtentry4.o)
    0x08000230   0x08000230   0x00000000   Code   RO          412    .ARM.Collect$$rtentry$$00000009  c_w.l(__rtentry2.o)
    0x08000230   0x08000230   0x00000004   Code   RO          413    .ARM.Collect$$rtentry$$0000000A  c_w.l(__rtentry2.o)
    0x08000234   0x08000234   0x00000000   Code   RO          415    .ARM.Collect$$rtentry$$0000000C  c_w.l(__rtentry2.o)
    0x08000234   0x08000234   0x00000008   Code   RO          416    .ARM.Collect$$rtentry$$0000000D  c_w.l(__rtentry2.o)
    0x0800023c   0x0800023c   0x00000002   Code   RO          521    .ARM.Collect$$rtexit$$00000000  c_w.l(rtexit.o)
    0x0800023e   0x0800023e   0x00000000   Code   RO          554    .ARM.Collect$$rtexit$$00000002  c_w.l(rtexit2.o)
    0x0800023e   0x0800023e   0x00000004   Code   RO          555    .ARM.Collect$$rtexit$$00000003  c_w.l(rtexit2.o)
    0x08000242   0x08000242   0x00000006   Code   RO          556    .ARM.Collect$$rtexit$$00000004  c_w.l(rtexit2.o)
    0x08000248   0x08000248   0x00000040   Code   RO          162  * .text               startup_stm32f405xx.o
    0x08000288   0x08000288   0x0000005e   Code   RO          189    .text               c_w.l(h1_alloc.o)
    0x080002e6   0x080002e6   0x0000004e   Code   RO          191    .text               c_w.l(h1_free.o)
    0x08000334   0x08000334   0x00000028   Code   RO          249    .text               c_w.l(noretval__2sprintf.o)
    0x0800035c   0x0800035c   0x0000010e   Code   RO          261    .text               c_w.l(__printf_wp.o)
    0x0800046a   0x0800046a   0x00000006   PAD
    0x08000470   0x08000470   0x0000007c   Code   RO          275    .text               c_w.l(strcmpv7em.o)
    0x080004ec   0x080004ec   0x00000006   Code   RO          277    .text               c_w.l(heapauxi.o)
    0x080004f2   0x080004f2   0x00000002   PAD
    0x080004f4   0x080004f4   0x00000008   Code   RO          313    .text               c_w.l(rt_heap_descriptor_intlibspace.o)
    0x080004fc   0x080004fc   0x00000004   Code   RO          315    .text               c_w.l(hguard.o)
    0x08000500   0x08000500   0x0000008a   Code   RO          317    .text               c_w.l(init_alloc.o)
    0x0800058a   0x0800058a   0x0000000e   Code   RO          321    .text               c_w.l(h1_init.o)
    0x08000598   0x08000598   0x0000041c   Code   RO          333    .text               c_w.l(_printf_fp_dec.o)
    0x080009b4   0x080009b4   0x00000030   Code   RO          337    .text               c_w.l(_printf_char_common.o)
    0x080009e4   0x080009e4   0x0000000a   Code   RO          339    .text               c_w.l(_sputc.o)
    0x080009ee   0x080009ee   0x00000002   PAD
    0x080009f0   0x080009f0   0x00000008   Code   RO          406    .text               c_w.l(libspace.o)
    0x080009f8   0x080009f8   0x00000008   Code   RO          427    .text               c_w.l(rt_locale_intlibspace.o)
    0x08000a00   0x08000a00   0x00000000   Code   RO          431    .text               c_w.l(maybetermalloc1.o)
    0x08000a00   0x08000a00   0x00000034   Code   RO          433    .text               c_w.l(h1_extend.o)
    0x08000a34   0x08000a34   0x0000008a   Code   RO          437    .text               c_w.l(lludiv10.o)
    0x08000abe   0x08000abe   0x00000002   PAD
    0x08000ac0   0x08000ac0   0x00000080   Code   RO          439    .text               c_w.l(_printf_fp_infnan.o)
    0x08000b40   0x08000b40   0x000000e4   Code   RO          443    .text               c_w.l(bigflt0.o)
    0x08000c24   0x08000c24   0x0000000e   Code   RO          473    .text               c_w.l(defsig_rtmem_outer.o)
    0x08000c32   0x08000c32   0x00000002   Code   RO          490    .text               c_w.l(use_no_semi.o)
    0x08000c34   0x08000c34   0x00000000   Code   RO          492    .text               c_w.l(indicate_semi.o)
    0x08000c34   0x08000c34   0x0000004a   Code   RO          493    .text               c_w.l(sys_stackheap_outer.o)
    0x08000c7e   0x08000c7e   0x00000012   Code   RO          501    .text               c_w.l(exit.o)
    0x08000c90   0x08000c90   0x0000000a   Code   RO          503    .text               c_w.l(defsig_exit.o)
    0x08000c9a   0x08000c9a   0x00000002   PAD
    0x08000c9c   0x08000c9c   0x00000050   Code   RO          505    .text               c_w.l(defsig_rtmem_inner.o)
    0x08000cec   0x08000cec   0x0000000c   Code   RO          517    .text               c_w.l(sys_exit.o)
    0x08000cf8   0x08000cf8   0x00000032   Code   RO          531    .text               c_w.l(defsig_general.o)
    0x08000d2a   0x08000d2a   0x0000000e   Code   RO          549    .text               c_w.l(sys_wrch.o)
    0x08000d38   0x08000d38   0x000000ca   Code   RO           68    .text.ADC1_DMA_Init  adc.o
    0x08000e02   0x08000e02   0x00000006   PAD
    0x08000e08   0x08000e08   0x00000040   Code   RO           78    .text.ADC_GET_BATTERY_VOLTAGE  adc.o
    0x08000e48   0x08000e48   0x00000068   Code   RO           80    .text.ADC_GET_TEMPERATURE_INTERAL  adc.o
    0x08000eb0   0x08000eb0   0x00000030   Code   RO           82    .text.ADC_GET_VREF_INTERNAL  adc.o
    0x08000ee0   0x08000ee0   0x0000002a   Code   RO           74    .text.ADC_IRQHandler  adc.o
    0x08000f0a   0x08000f0a   0x00000006   PAD
    0x08000f10   0x08000f10   0x00000110   Code   RO           76    .text.BATTERY_CRITICAL_PROCEDURE  adc.o
    0x08001020   0x08001020   0x000000b4   Code   RO           32    .text.BUTTON_EXTI_Init  gpio.o
    0x080010d4   0x080010d4   0x0000003a   Code   RO           97    .text.BUZZER_Buzz   buzzer.o
    0x0800110e   0x0800110e   0x00000002   PAD
    0x08001110   0x08001110   0x0000006e   Code   RO           93    .text.BUZZER_Init   buzzer.o
    0x0800117e   0x0800117e   0x00000002   PAD
    0x08001180   0x08001180   0x0000000e   Code   RO           95    .text.BUZZER_Volume  buzzer.o
    0x0800118e   0x0800118e   0x00000002   PAD
    0x08001190   0x08001190   0x00000008   Code   RO           50    .text.CLOCK_Init    clock.o
    0x08001198   0x08001198   0x000000d4   Code   RO           17    .text.COMMAND_Execute  uart.o
    0x0800126c   0x0800126c   0x000000fa   Code   RO          132    .text.ENCODERS_Init  motors.o
    0x08001366   0x08001366   0x00000002   PAD
    0x08001368   0x08001368   0x000000b8   Code   RO           36    .text.EXTI15_10_IRQHandler  gpio.o
    0x08001420   0x08001420   0x0000009a   Code   RO           30    .text.GPIO_Init     gpio.o
    0x080014ba   0x080014ba   0x00000002   PAD
    0x080014bc   0x080014bc   0x000001ce   Code   RO           38    .text.LED_Switch    gpio.o
    0x0800168a   0x0800168a   0x00000002   PAD
    0x0800168c   0x0800168c   0x0000003c   Code   RO          109    .text.LED_Write     ui.o
    0x080016c8   0x080016c8   0x000000ac   Code   RO          130    .text.MOTL_SET_SPEED  motors.o
    0x08001774   0x08001774   0x000000f4   Code   RO          126    .text.MOTORS_Init   motors.o
    0x08001868   0x08001868   0x000000ac   Code   RO          128    .text.MOTR_SET_SPEED  motors.o
    0x08001914   0x08001914   0x00000568   Code   RO          111    .text.STATE_Handle  ui.o
    0x08001e7c   0x08001e7c   0x000000c6   Code   RO          107    .text.STATE_Selection  ui.o
    0x08001f42   0x08001f42   0x00000002   PAD
    0x08001f44   0x08001f44   0x0000001e   Code   RO           52    .text.SysTick_Config  clock.o
    0x08001f62   0x08001f62   0x00000002   PAD
    0x08001f64   0x08001f64   0x00000010   Code   RO           54    .text.SysTick_Handler  clock.o
    0x08001f74   0x08001f74   0x0000001a   Code   RO          169    .text.SystemInit    system_stm32f4xx.o
    0x08001f8e   0x08001f8e   0x00000002   PAD
    0x08001f90   0x08001f90   0x00000062   Code   RO           15    .text.UART1_COMMAND_PARSERHandler  uart.o
    0x08001ff2   0x08001ff2   0x00000002   PAD
    0x08001ff4   0x08001ff4   0x00000056   Code   RO           11    .text.UART1_IT_Init  uart.o
    0x0800204a   0x0800204a   0x00000002   PAD
    0x0800204c   0x0800204c   0x0000002c   Code   RO           19    .text.USART1_IRQHandler  uart.o
    0x08002078   0x08002078   0x0000000e   Code   RO           13    .text.__NVIC_EnableIRQ  uart.o
    0x08002086   0x08002086   0x00000002   PAD
    0x08002088   0x08002088   0x00000010   Code   RO           34    .text.__NVIC_EnableIRQ  gpio.o
    0x08002098   0x08002098   0x00000010   Code   RO           70    .text.__NVIC_EnableIRQ  adc.o
    0x080020a8   0x080020a8   0x0000000e   Code   RO           58    .text.__NVIC_SetPriority  clock.o
    0x080020b6   0x080020b6   0x00000002   PAD
    0x080020b8   0x080020b8   0x0000000e   Code   RO           72    .text.__NVIC_SetPriority  adc.o
    0x080020c6   0x080020c6   0x00000002   PAD
    0x080020c8   0x080020c8   0x00000014   Code   RO           56    .text.delay_ms      clock.o
    0x080020dc   0x080020dc   0x00000086   Code   RO            2    .text.main          main.o
    0x08002162   0x08002162   0x00000002   PAD
    0x08002164   0x08002164   0x0000001c   Code   RO          144    .text.tCircular_buffer_init  circular_buffer.o
    0x08002180   0x08002180   0x00000040   Code   RO          148    .text.tCircular_buffer_pop  circular_buffer.o
    0x080021c0   0x080021c0   0x0000003a   Code   RO          146    .text.tCircular_buffer_push  circular_buffer.o
    0x080021fa   0x080021fa   0x0000003e   Code   RO          446    CL$$btod_d2e        c_w.l(btod.o)
    0x08002238   0x08002238   0x00000046   Code   RO          448    CL$$btod_d2e_denorm_low  c_w.l(btod.o)
    0x0800227e   0x0800227e   0x00000060   Code   RO          447    CL$$btod_d2e_norm_op1  c_w.l(btod.o)
    0x080022de   0x080022de   0x00000338   Code   RO          456    CL$$btod_div_common  c_w.l(btod.o)
    0x08002616   0x08002616   0x000000dc   Code   RO          453    CL$$btod_e2e        c_w.l(btod.o)
    0x080026f2   0x080026f2   0x0000002a   Code   RO          450    CL$$btod_ediv       c_w.l(btod.o)
    0x0800271c   0x0800271c   0x0000002a   Code   RO          449    CL$$btod_emul       c_w.l(btod.o)
    0x08002746   0x08002746   0x00000244   Code   RO          455    CL$$btod_mult_common  c_w.l(btod.o)
    0x0800298a   0x0800298a   0x00000030   Code   RO          488    i.__ARM_fpclassify  m_wm.l(fpclassify.o)
    0x080029ba   0x080029ba   0x0000000e   Code   RO          263    i._is_digit         c_w.l(__printf_wp.o)
    0x080029c8   0x080029c8   0x0000002c   Code   RO          471    locale$$code        c_w.l(lc_numeric_c.o)
    0x080029f4   0x080029f4   0x00000150   Code   RO          281    x$fpl$dadd          fz_wm.l(daddsub_clz.o)
    0x08002b44   0x08002b44   0x00000018   Code   RO          482    x$fpl$dcmpinf       fz_wm.l(dcmpi.o)
    0x08002b5c   0x08002b5c   0x000002b0   Code   RO          290    x$fpl$ddiv          fz_wm.l(ddiv.o)
    0x08002e0c   0x08002e0c   0x00000078   Code   RO          391    x$fpl$deqf          fz_wm.l(deqf.o)
    0x08002e84   0x08002e84   0x0000005e   Code   RO          293    x$fpl$dfix          fz_wm.l(dfix.o)
    0x08002ee2   0x08002ee2   0x0000002e   Code   RO          298    x$fpl$dflt          fz_wm.l(dflt_clz.o)
    0x08002f10   0x08002f10   0x00000026   Code   RO          297    x$fpl$dfltu         fz_wm.l(dflt_clz.o)
    0x08002f36   0x08002f36   0x00000002   PAD
    0x08002f38   0x08002f38   0x00000078   Code   RO          393    x$fpl$dgeqf         fz_wm.l(dgeqf.o)
    0x08002fb0   0x08002fb0   0x00000078   Code   RO          395    x$fpl$dleqf         fz_wm.l(dleqf.o)
    0x08003028   0x08003028   0x00000154   Code   RO          303    x$fpl$dmul          fz_wm.l(dmul.o)
    0x0800317c   0x0800317c   0x0000009c   Code   RO          397    x$fpl$dnaninf       fz_wm.l(dnaninf.o)
    0x08003218   0x08003218   0x0000000c   Code   RO          399    x$fpl$dretinf       fz_wm.l(dretinf.o)
    0x08003224   0x08003224   0x000001d4   Code   RO          283    x$fpl$dsub          fz_wm.l(daddsub_clz.o)
    0x080033f8   0x080033f8   0x00000054   Code   RO          287    x$fpl$fcmp          fz_wm.l(dcmp.o)
    0x0800344c   0x0800344c   0x0000001a   Code   RO          484    x$fpl$fpinit        fz_wm.l(fpinit.o)
    0x08003466   0x08003466   0x00000004   Code   RO          305    x$fpl$printf1       fz_wm.l(printf1.o)
    0x0800346a   0x0800346a   0x00000000   Code   RO          401    x$fpl$usenofp       fz_wm.l(usenofp.o)
    0x0800346a   0x0800346a   0x00000002   PAD
    0x0800346c   0x0800346c   0x00000094   Data   RO          444    .constdata          c_w.l(bigflt0.o)
    0x08003500   0x08003500   0x00000054   Data   RO          117    .rodata.str1.1      ui.o
    0x08003554   0x08003554   0x00000020   Data   RO          582    Region$$Table       anon$$obj.o
    0x08003574   0x08003574   0x0000001c   Data   RO          470    locale$$data        c_w.l(lc_numeric_c.o)


    Execution Region ER_RW (Exec base: 0x20000000, Load base: 0x08003590, Size: 0x00000004, Max: 0xffffffff, ABSOLUTE)

    Exec Addr    Load Addr    Size         Type   Attr      Idx    E Section Name        Object

    0x20000000   0x08003590   0x00000001   Data   RW          113    .data.STATE_Selection.mode  ui.o


    Execution Region ER_ZI (Exec base: 0x20000008, Load base: 0x08003594, Size: 0x00000758, Max: 0xffffffff, ABSOLUTE)

    Exec Addr    Load Addr    Size         Type   Attr      Idx    E Section Name        Object

    0x20000008        -       0x00000060   Zero   RW          407    .bss                c_w.l(libspace.o)
    0x20000068        -       0x00000006   Zero   RW           84    .bss.ADC1_readings  adc.o
    0x2000006e        -       0x00000040   Zero   RW           85    .bss.BATTERY_CRITICAL_PROCEDURE.buf  adc.o
    0x200000ae        -       0x00000004   Zero   RW           40    .bss.BUTTON_OK      gpio.o
    0x200000b2        -       0x00000004   Zero   RW           41    .bss.BUTTON_SEL     gpio.o
    0x200000b6   0x08003594   0x00000002   PAD
    0x200000b8        -       0x00000004   Zero   RW          135    .bss.MOTL_enc       motors.o
    0x200000bc        -       0x00000004   Zero   RW          134    .bss.MOTR_enc       motors.o
    0x200000c0        -       0x00000080   Zero   RW          116    .bss.STATE_Handle.buf  ui.o
    0x20000140        -       0x00000004   Zero   RW          115    .bss.STATE_Handle.state  ui.o
    0x20000144        -       0x00000014   Zero   RW           21    .bss.UART_Buffer    uart.o
    0x20000158        -       0x00000001   Zero   RW          114    .bss.mouse_state    ui.o
    0x20000159   0x08003594   0x00000003   PAD
    0x2000015c        -       0x00000004   Zero   RW           60    .bss.tick           clock.o
    0x20000160        -       0x00000200   Zero   RW          160    HEAP                startup_stm32f405xx.o
    0x20000360        -       0x00000400   Zero   RW          159    STACK               startup_stm32f405xx.o


==============================================================================

Image component sizes


      Code (inc. data)   RO Data    RW Data    ZI Data      Debug   Object Name

       762        128          0          0         70       6815   adc.o
       182          0          0          0          0       2779   buzzer.o
       150          0          0          0          0       1813   circular_buffer.o
        88          0          0          0          4       4262   clock.o
       996         14          0          0          8       6395   gpio.o
       134          0          0          0          0       1078   main.o
       838         16          0          0          8       2726   motors.o
        64         26        392          0       1536        884   startup_stm32f405xx.o
        26          0          0          0          0       2757   system_stm32f4xx.o
       454         80          0          0         20       5561   uart.o
      1642         26         84          1        133       2740   ui.o

    ----------------------------------------------------------------------
      5378        290        508          4       1784      37810   Object Totals
         0          0         32          0          0          0   (incl. Generated)
        42          0          0          3          5          0   (incl. Padding)

    ----------------------------------------------------------------------

      Code (inc. data)   RO Data    RW Data    ZI Data      Debug   Library Member Name

         8          0          0          0          0         68   __main.o
       284          0          0          0          0        156   __printf_wp.o
         0          0          0          0          0          0   __rtentry.o
        12          0          0          0          0          0   __rtentry2.o
         6          0          0          0          0          0   __rtentry4.o
        52          8          0          0          0          0   __scatter.o
        26          0          0          0          0          0   __scatter_copy.o
        28          0          0          0          0          0   __scatter_zi.o
        48          6          0          0          0         96   _printf_char_common.o
         6          0          0          0          0          0   _printf_f.o
      1052          0          0          0          0        148   _printf_fp_dec.o
       128         16          0          0          0         84   _printf_fp_infnan.o
         0          0          0          0          0          0   _printf_percent.o
         4          0          0          0          0          0   _printf_percent_end.o
        10          0          0          0          0         68   _sputc.o
       228          4        148          0          0         96   bigflt0.o
      1936        128          0          0          0        672   btod.o
        10          0          0          0          0         68   defsig_exit.o
        50          0          0          0          0         88   defsig_general.o
        80         58          0          0          0         76   defsig_rtmem_inner.o
        14          0          0          0          0         80   defsig_rtmem_outer.o
        18          0          0          0          0         80   exit.o
        94          0          0          0          0         80   h1_alloc.o
        52          0          0          0          0         68   h1_extend.o
        78          0          0          0          0         80   h1_free.o
        14          0          0          0          0         84   h1_init.o
         6          0          0          0          0        152   heapauxi.o
         4          0          0          0          0        136   hguard.o
         0          0          0          0          0          0   indicate_semi.o
       138          0          0          0          0        168   init_alloc.o
        44         10         28          0          0         76   lc_numeric_c.o
         2          0          0          0          0          0   libinit.o
        30          0          0          0          0          0   libinit2.o
         2          0          0          0          0          0   libshutdown.o
         2          0          0          0          0          0   libshutdown2.o
         8          4          0          0         96         68   libspace.o
       138          0          0          0          0         80   lludiv10.o
         0          0          0          0          0          0   maybetermalloc1.o
        40          6          0          0          0         84   noretval__2sprintf.o
         8          4          0          0          0         68   rt_heap_descriptor_intlibspace.o
         8          4          0          0          0         68   rt_locale_intlibspace.o
         2          0          0          0          0          0   rtexit.o
        10          0          0          0          0          0   rtexit2.o
       124          0          0          0          0         88   strcmpv7em.o
        12          4          0          0          0         68   sys_exit.o
        74          0          0          0          0         80   sys_stackheap_outer.o
        14          0          0          0          0         76   sys_wrch.o
         2          0          0          0          0         68   use_no_semi.o
       804         16          0          0          0        376   daddsub_clz.o
        84          0          0          0          0        244   dcmp.o
        24          0          0          0          0        116   dcmpi.o
       688        140          0          0          0        264   ddiv.o
       120          4          0          0          0        140   deqf.o
        94          4          0          0          0        140   dfix.o
        84          0          0          0          0        232   dflt_clz.o
       120          4          0          0          0        140   dgeqf.o
       120          4          0          0          0        140   dleqf.o
       340         12          0          0          0        152   dmul.o
       156          4          0          0          0        140   dnaninf.o
        12          0          0          0          0        116   dretinf.o
        26          0          0          0          0        116   fpinit.o
         4          0          0          0          0        116   printf1.o
         0          0          0          0          0          0   usenofp.o
        48          0          0          0          0        124   fpclassify.o

    ----------------------------------------------------------------------
      7650        440        176          0         96       5928   Library Totals
        20          0          0          0          0          0   (incl. Padding)

    ----------------------------------------------------------------------

      Code (inc. data)   RO Data    RW Data    ZI Data      Debug   Library Name

      4906        252        176          0         96       3372   c_w.l
      2676        188          0          0          0       2432   fz_wm.l
        48          0          0          0          0        124   m_wm.l

    ----------------------------------------------------------------------
      7650        440        176          0         96       5928   Library Totals

    ----------------------------------------------------------------------

==============================================================================


      Code (inc. data)   RO Data    RW Data    ZI Data      Debug   

     13028        730        684          4       1880      40222   Grand Totals
     13028        730        684          4       1880      40222   ELF Image Totals
     13028        730        684          4          0          0   ROM Totals

==============================================================================

    Total RO  Size (Code + RO Data)                13712 (  13.39kB)
    Total RW  Size (RW Data + ZI Data)              1884 (   1.84kB)
    Total ROM Size (Code + RO Data + RW Data)      13716 (  13.39kB)

==============================================================================

