Component: ARM Compiler 5.06 update 6 (build 750) Tool: armlink [4d35ed]

==============================================================================

Section Cross References

    hd44780.o(i.LCD_Clear) refers to hd44780.o(i.LCD_WriteCommand) for LCD_WriteCommand
    hd44780.o(i.LCD_Clear) refers to hd44780.o(i.LCD_delayms) for LCD_delayms
    hd44780.o(i.LCD_GoTo) refers to hd44780.o(i.LCD_WriteCommand) for LCD_WriteCommand
    hd44780.o(i.LCD_Home) refers to hd44780.o(i.LCD_WriteCommand) for LCD_WriteCommand
    hd44780.o(i.LCD_Home) refers to hd44780.o(i.LCD_delayms) for LCD_delayms
    hd44780.o(i.LCD_Init) refers to hd44780.o(i.LCD_delayms) for LCD_delayms
    hd44780.o(i.LCD_Init) refers to hd44780.o(i.LCD_Setbits) for LCD_Setbits
    hd44780.o(i.LCD_Init) refers to hd44780.o(i.LCD_WriteCommand) for LCD_WriteCommand
    hd44780.o(i.LCD_Write) refers to hd44780.o(i.LCD_Setbits) for LCD_Setbits
    hd44780.o(i.LCD_Write) refers to hd44780.o(i.LCD_delay50us) for LCD_delay50us
    hd44780.o(i.LCD_WriteCommand) refers to hd44780.o(i.LCD_Write) for LCD_Write
    hd44780.o(i.LCD_WriteData) refers to hd44780.o(i.LCD_Write) for LCD_Write
    hd44780.o(i.LCD_WriteNumber) refers to _printf_percent.o(.ARM.Collect$$_printf_percent$$00000000) for _printf_percent
    hd44780.o(i.LCD_WriteNumber) refers to _printf_d.o(.ARM.Collect$$_printf_percent$$00000009) for _printf_d
    hd44780.o(i.LCD_WriteNumber) refers to _printf_dec.o(.text) for _printf_int_dec
    hd44780.o(i.LCD_WriteNumber) refers to noretval__2sprintf.o(.text) for __2sprintf
    hd44780.o(i.LCD_WriteNumber) refers to hd44780.o(i.LCD_WriteText) for LCD_WriteText
    hd44780.o(i.LCD_WriteText) refers to hd44780.o(i.LCD_WriteData) for LCD_WriteData
    hd44780.o(i.LCD_delay50us) refers to hd44780.o(.data) for lcdtick1
    hd44780.o(i.LCD_delayms) refers to hd44780.o(.data) for lcdtick1
    hd44780.o(i.TIM6_DAC_IRQHandler) refers to hd44780.o(.data) for lcdtick1
    main.o(i.main) refers to _printf_percent.o(.ARM.Collect$$_printf_percent$$00000000) for _printf_percent
    main.o(i.main) refers to _printf_f.o(.ARM.Collect$$_printf_percent$$00000003) for _printf_f
    main.o(i.main) refers to printf1.o(x$fpl$printf1) for _printf_fp_dec
    main.o(i.main) refers to myfun.o(i.ADC_ConfInterrupt) for ADC_ConfInterrupt
    main.o(i.main) refers to hd44780.o(i.LCD_Init) for LCD_Init
    main.o(i.main) refers to myfun.o(i.Led_Conf) for Led_Conf
    main.o(i.main) refers to dflt_clz.o(x$fpl$dflt) for __aeabi_i2d
    main.o(i.main) refers to ddiv.o(x$fpl$ddiv) for __aeabi_ddiv
    main.o(i.main) refers to dmul.o(x$fpl$dmul) for __aeabi_dmul
    main.o(i.main) refers to hd44780.o(i.LCD_Clear) for LCD_Clear
    main.o(i.main) refers to noretval__2sprintf.o(.text) for __2sprintf
    main.o(i.main) refers to hd44780.o(i.LCD_WriteText) for LCD_WriteText
    main.o(i.main) refers to hd44780.o(i.LCD_GoTo) for LCD_GoTo
    main.o(i.main) refers to myfun.o(i.Led_OnOff) for Led_OnOff
    main.o(i.main) refers to myfun.o(i.delay_ms) for delay_ms
    main.o(i.main) refers to myfun.o(.data) for val
    main.o(i.main) refers to main.o(.data) for vmeasure
    main.o(i.main) refers to main.o(.bss) for buf
    myfun.o(i.ADC3_IRQHandler) refers to myfun.o(.data) for val
    myfun.o(i.ADC_Conf_DMA_2Channels) refers to myfun.o(.bss) for tab
    myfun.o(i.ADC_Conf_DMA_2ChannelsMeans) refers to myfun.o(.bss) for tab
    myfun.o(i.ComPuts) refers to myfun.o(i.ComSendChar) for ComSendChar
    myfun.o(i.LSM303_ACC_Read) refers to dflt_clz.o(x$fpl$dflt) for __aeabi_i2d
    myfun.o(i.LSM303_ACC_Read) refers to ddiv.o(x$fpl$ddiv) for __aeabi_ddiv
    myfun.o(i.LSM303_ACC_Read) refers to myfun.o(.data) for accx
    myfun.o(i.LSM303_ACC_ReadWhoAmI) refers to myfun.o(.data) for whoacc
    myfun.o(i.LSM303_MAG_Read) refers to dflt_clz.o(x$fpl$dflt) for __aeabi_i2d
    myfun.o(i.LSM303_MAG_Read) refers to ddiv.o(x$fpl$ddiv) for __aeabi_ddiv
    myfun.o(i.LSM303_MAG_Read) refers to myfun.o(.data) for magx
    myfun.o(i.LSM303_MAG_ReadWhoAmI) refers to myfun.o(.data) for whomag
    myfun.o(i.Led7seg_WriteNumber) refers to myfun.o(i.Led7seg_WriteDigit) for Led7seg_WriteDigit
    myfun.o(i.Led7seg_WriteNumber) refers to myfun.o(.data) for lcdvalue
    myfun.o(i.ShowTime) refers to hd44780.o(i.LCD_Clear) for LCD_Clear
    myfun.o(i.ShowTime) refers to hd44780.o(i.LCD_WriteNumber) for LCD_WriteNumber
    myfun.o(i.ShowTime) refers to hd44780.o(i.LCD_WriteText) for LCD_WriteText
    myfun.o(i.ShowTime) refers to myfun.o(.data) for h
    myfun.o(i.SysTick_Handler) refers to myfun.o(i.Led7seg_WriteNumber) for Led7seg_WriteNumber
    myfun.o(i.SysTick_Handler) refers to myfun.o(i.Timer) for Timer
    myfun.o(i.SysTick_Handler) refers to myfun.o(.data) for tick
    myfun.o(i.Timer) refers to myfun.o(.data) for ms
    myfun.o(i.delay_ms) refers to myfun.o(.data) for tick
    startup_stm32l496xx.o(STACK) refers (Special) to heapauxi.o(.text) for __use_two_region_memory
[...]
    __printf_ss_wp.o(.text) refers to _printf_percent.o(.ARM.Collect$$_printf_percent$$00000000) for _printf_percent
    __printf_flags_ss_wp.o(.text) refers to __printf_wp.o(i._is_digit) for _is_digit
    __printf_flags_ss_wp.o(.text) refers to _printf_percent.o(.ARM.Collect$$_printf_percent$$00000000) for _printf_percent
    __printf_flags_ss_wp.o(.text) refers to __printf_flags_ss_wp.o(.constdata) for .constdata
    _printf_d.o(.ARM.Collect$$_printf_percent$$00000009) refers (Weak) to _printf_dec.o(.text) for _printf_int_dec
    _printf_f.o(.ARM.Collect$$_printf_percent$$00000003) refers (Weak) to printf1.o(x$fpl$printf1) for _printf_fp_dec
    _printf_percent.o(.ARM.Collect$$_printf_percent$$00000000) refers (Special) to _printf_percent_end.o(.ARM.Collect$$_printf_percent$$00000017) for _printf_percent_end
    __main.o(!!!main) refers to __rtentry.o(.ARM.Collect$$rtentry$$00000000) for __rt_entry
    ddiv.o(x$fpl$drdiv) refers (Special) to usenofp.o(x$fpl$usenofp) for __I$use$fp
    ddiv.o(x$fpl$drdiv) refers to ddiv.o(x$fpl$ddiv) for ddiv_entry
    ddiv.o(x$fpl$ddiv) refers (Special) to usenofp.o(x$fpl$usenofp) for __I$use$fp
    ddiv.o(x$fpl$ddiv) refers to dretinf.o(x$fpl$dretinf) for __fpl_dretinf
    ddiv.o(x$fpl$ddiv) refers to dnaninf.o(x$fpl$dnaninf) for __fpl_dnaninf
    dflt_clz.o(x$fpl$dfltu) refers (Special) to usenofp.o(x$fpl$usenofp) for __I$use$fp
    dflt_clz.o(x$fpl$dflt) refers (Special) to usenofp.o(x$fpl$usenofp) for __I$use$fp
    dflt_clz.o(x$fpl$dfltn) refers (Special) to usenofp.o(x$fpl$usenofp) for __I$use$fp
    dmul.o(x$fpl$dmul) refers (Special) to usenofp.o(x$fpl$usenofp) for __I$use$fp
    dmul.o(x$fpl$dmul) refers to dretinf.o(x$fpl$dretinf) for __fpl_dretinf
    dmul.o(x$fpl$dmul) refers to dnaninf.o(x$fpl$dnaninf) for __fpl_dnaninf
    printf1.o(x$fpl$printf1) refers to _printf_fp_dec.o(.text) for _printf_fp_dec_real
    __rtentry.o(.ARM.Collect$$rtentry$$00000000) refers (Special) to __rtentry2.o(.ARM.Collect$$rtentry$$0000000A) for __rt_entry_li
    __rtentry.o(.ARM.Collect$$rtentry$$00000000) refers (Special) to __rtentry2.o(.ARM.Collect$$rtentry$$0000000D) for __rt_entry_main
    __rtentry.o(.ARM.Collect$$rtentry$$00000000) refers (Special) to __rtentry2.o(.ARM.Collect$$rtentry$$0000000C) for __rt_entry_postli_1
    __rtentry.o(.ARM.Collect$$rtentry$$00000000) refers (Special) to __rtentry2.o(.ARM.Collect$$rtentry$$00000009) for __rt_entry_postsh_1
    __rtentry.o(.ARM.Collect$$rtentry$$00000000) refers (Special) to __rtentry2.o(.ARM.Collect$$rtentry$$00000002) for __rt_entry_presh_1
    __rtentry.o(.ARM.Collect$$rtentry$$00000000) refers (Special) to __rtentry4.o(.ARM.Collect$$rtentry$$00000004) for __rt_entry_sh
    _printf_fp_dec.o(.text) refers (Special) to usenofp.o(x$fpl$usenofp) for __I$use$fp
    _printf_fp_dec.o(.text) refers (Special) to lc_numeric_c.o(locale$$code) for _get_lc_numeric
    _printf_fp_dec.o(.text) refers to bigflt0.o(.text) for _btod_etento
    _printf_fp_dec.o(.text) refers to btod.o(CL$$btod_d2e) for _btod_d2e
    _printf_fp_dec.o(.text) refers to btod.o(CL$$btod_ediv) for _btod_ediv
    _printf_fp_dec.o(.text) refers to btod.o(CL$$btod_emul) for _btod_emul
    _printf_fp_dec.o(.text) refers to lludiv10.o(.text) for _ll_udiv10
    _printf_fp_dec.o(.text) refers to fpclassify.o(i.__ARM_fpclassify) for __ARM_fpclassify
    _printf_fp_dec.o(.text) refers to _printf_fp_infnan.o(.text) for _printf_fp_infnan
    _printf_fp_dec.o(.text) refers to rt_locale_intlibspace.o(.text) for __rt_locale
    _printf_char_common.o(.text) refers to __printf_wp.o(.text) for __printf
    dnaninf.o(x$fpl$dnaninf) refers (Special) to usenofp.o(x$fpl$usenofp) for __I$use$fp
    dretinf.o(x$fpl$dretinf) refers (Special) to usenofp.o(x$fpl$usenofp) for __I$use$fp
    __rtentry2.o(.ARM.Collect$$rtentry$$00000008) refers to boardinit2.o(.text) for _platform_post_stackheap_init
    __rtentry2.o(.ARM.Collect$$rtentry$$0000000A) refers to libinit.o(.ARM.Collect$$libinit$$00000000) for __rt_lib_init
    __rtentry2.o(.ARM.Collect$$rtentry$$0000000B) refers to boardinit3.o(.text) for _platform_post_lib_init
    __rtentry2.o(.ARM.Collect$$rtentry$$0000000D) refers to main.o(i.main) for main
    __rtentry2.o(.ARM.Collect$$rtentry$$0000000D) refers to exit.o(.text) for exit
    __rtentry2.o(.ARM.exidx) refers to __rtentry2.o(.ARM.Collect$$rtentry$$00000001) for .ARM.Collect$$rtentry$$00000001
    __rtentry2.o(.ARM.exidx) refers to __rtentry2.o(.ARM.Collect$$rtentry$$00000008) for .ARM.Collect$$rtentry$$00000008
    __rtentry2.o(.ARM.exidx) refers to __rtentry2.o(.ARM.Collect$$rtentry$$0000000A) for .ARM.Collect$$rtentry$$0000000A
    __rtentry2.o(.ARM.exidx) refers to __rtentry2.o(.ARM.Collect$$rtentry$$0000000B) for .ARM.Collect$$rtentry$$0000000B
    __rtentry2.o(.ARM.exidx) refers to __rtentry2.o(.ARM.Collect$$rtentry$$0000000D) for .ARM.Collect$$rtentry$$0000000D
    __rtentry4.o(.ARM.Collect$$rtentry$$00000004) refers to sys_stackheap_outer.o(.text) for __user_setup_stackheap
    __rtentry4.o(.ARM.exidx) refers to __rtentry4.o(.ARM.Collect$$rtentry$$00000004) for .ARM.Collect$$rtentry$$00000004
    rt_locale.o(.text) refers to rt_locale.o(.bss) for __rt_locale_data
    rt_locale_intlibspace.o(.text) refers to libspace.o(.bss) for __libspace_start
    bigflt0.o(.text) refers (Special) to usenofp.o(x$fpl$usenofp) for __I$use$fp
    bigflt0.o(.text) refers to btod.o(CL$$btod_emul) for _btod_emul
    bigflt0.o(.text) refers to btod.o(CL$$btod_ediv) for _btod_ediv
    bigflt0.o(.text) refers to bigflt0.o(.constdata) for .constdata
    bigflt0.o(.constdata) refers (Special) to usenofp.o(x$fpl$usenofp) for __I$use$fp
    btod.o(CL$$btod_d2e) refers (Special) to usenofp.o(x$fpl$usenofp) for __I$use$fp
    btod.o(CL$$btod_d2e) refers to btod.o(CL$$btod_d2e_norm_op1) for _d2e_norm_op1
    btod.o(CL$$btod_d2e_norm_op1) refers (Special) to usenofp.o(x$fpl$usenofp) for __I$use$fp
    btod.o(CL$$btod_d2e_norm_op1) refers to btod.o(CL$$btod_d2e_denorm_low) for _d2e_denorm_low
    btod.o(CL$$btod_d2e_denorm_low) refers (Special) to usenofp.o(x$fpl$usenofp) for __I$use$fp
    btod.o(CL$$btod_emul) refers (Special) to usenofp.o(x$fpl$usenofp) for __I$use$fp
    btod.o(CL$$btod_emul) refers to btod.o(CL$$btod_mult_common) for __btod_mult_common
    btod.o(CL$$btod_emul) refers to btod.o(CL$$btod_e2e) for _e2e
    btod.o(CL$$btod_ediv) refers (Special) to usenofp.o(x$fpl$usenofp) for __I$use$fp
    btod.o(CL$$btod_ediv) refers to btod.o(CL$$btod_div_common) for __btod_div_common
    btod.o(CL$$btod_ediv) refers to btod.o(CL$$btod_e2e) for _e2e
    btod.o(CL$$btod_emuld) refers (Special) to usenofp.o(x$fpl$usenofp) for __I$use$fp
    btod.o(CL$$btod_emuld) refers to btod.o(CL$$btod_mult_common) for __btod_mult_common
    btod.o(CL$$btod_emuld) refers to btod.o(CL$$btod_e2d) for _e2d
    btod.o(CL$$btod_edivd) refers (Special) to usenofp.o(x$fpl$usenofp) for __I$use$fp
    btod.o(CL$$btod_edivd) refers to btod.o(CL$$btod_div_common) for __btod_div_common
    btod.o(CL$$btod_edivd) refers to btod.o(CL$$btod_e2d) for _e2d
    btod.o(CL$$btod_e2e) refers (Special) to usenofp.o(x$fpl$usenofp) for __I$use$fp
    btod.o(CL$$btod_e2d) refers (Special) to usenofp.o(x$fpl$usenofp) for __I$use$fp
    btod.o(CL$$btod_e2d) refers to btod.o(CL$$btod_e2e) for _e2e
    btod.o(CL$$btod_mult_common) refers (Special) to usenofp.o(x$fpl$usenofp) for __I$use$fp
    btod.o(CL$$btod_div_common) refers (Special) to usenofp.o(x$fpl$usenofp) for __I$use$fp
    lc_numeric_c.o(locale$$data) refers (Special) to libinit2.o(.ARM.Collect$$libinit$$00000016) for __rt_lib_init_lc_numeric_2
    lc_numeric_c.o(locale$$code) refers (Special) to libinit2.o(.ARM.Collect$$libinit$$00000016) for __rt_lib_init_lc_numeric_2
    lc_numeric_c.o(locale$$code) refers to strcmpv7m.o(.text) for strcmp
    lc_numeric_c.o(locale$$code) refers to lc_numeric_c.o(locale$$data) for __lcnum_c_name
    istatus.o(x$fpl$ieeestatus) refers (Special) to usenofp.o(x$fpl$usenofp) for __I$use$fp
    fpclassify.o(i.__ARM_fpclassify) refers (Special) to usenofp.o(x$fpl$usenofp) for __I$use$fp
    libspace.o(.text) refers to libspace.o(.bss) for __libspace_start
    sys_stackheap_outer.o(.text) refers to libspace.o(.text) for __user_perproc_libspace
    sys_stackheap_outer.o(.text) refers to startup_stm32l496xx.o(.text) for __user_initial_stackheap
    exit.o(.text) refers to rtexit.o(.ARM.Collect$$rtexit$$00000000) for __rt_exit
    libinit.o(.ARM.Collect$$libinit$$00000000) refers (Special) to libinit2.o(.ARM.Collect$$libinit$$0000002E) for __rt_lib_init_alloca_1
    libinit.o(.ARM.Collect$$libinit$$00000000) refers (Special) to libinit2.o(.ARM.Collect$$libinit$$0000002C) for __rt_lib_init_argv_1
    libinit.o(.ARM.Collect$$libinit$$00000000) refers (Special) to libinit2.o(.ARM.Collect$$libinit$$0000001B) for __rt_lib_init_atexit_1
    libinit.o(.ARM.Collect$$libinit$$00000000) refers (Special) to libinit2.o(.ARM.Collect$$libinit$$00000021) for __rt_lib_init_clock_1
    libinit.o(.ARM.Collect$$libinit$$00000000) refers (Special) to libinit2.o(.ARM.Collect$$libinit$$00000032) for __rt_lib_init_cpp_1
    libinit.o(.ARM.Collect$$libinit$$00000000) refers (Special) to libinit2.o(.ARM.Collect$$libinit$$00000030) for __rt_lib_init_exceptions_1
    libinit.o(.ARM.Collect$$libinit$$00000000) refers (Special) to libinit2.o(.ARM.Collect$$libinit$$00000001) for __rt_lib_init_fp_1
    libinit.o(.ARM.Collect$$libinit$$00000000) refers (Special) to libinit2.o(.ARM.Collect$$libinit$$0000001F) for __rt_lib_init_fp_trap_1
    libinit.o(.ARM.Collect$$libinit$$00000000) refers (Special) to libinit2.o(.ARM.Collect$$libinit$$00000023) for __rt_lib_init_getenv_1
    libinit.o(.ARM.Collect$$libinit$$00000000) refers (Special) to libinit2.o(.ARM.Collect$$libinit$$0000000A) for __rt_lib_init_heap_1
    libinit.o(.ARM.Collect$$libinit$$00000000) refers (Special) to libinit2.o(.ARM.Collect$$libinit$$00000011) for __rt_lib_init_lc_collate_1
    libinit.o(.ARM.Collect$$libinit$$00000000) refers (Special) to libinit2.o(.ARM.Collect$$libinit$$00000013) for __rt_lib_init_lc_ctype_1
    libinit.o(.ARM.Collect$$libinit$$00000000) refers (Special) to libinit2.o(.ARM.Collect$$libinit$$00000015) for __rt_lib_init_lc_monetary_1
    libinit.o(.ARM.Collect$$libinit$$00000000) refers (Special) to libinit2.o(.ARM.Collect$$libinit$$00000017) for __rt_lib_init_lc_numeric_1
    libinit.o(.ARM.Collect$$libinit$$00000000) refers (Special) to libinit2.o(.ARM.Collect$$libinit$$00000019) for __rt_lib_init_lc_time_1
    libinit.o(.ARM.Collect$$libinit$$00000000) refers (Special) to libinit2.o(.ARM.Collect$$libinit$$00000004) for __rt_lib_init_preinit_1
    libinit.o(.ARM.Collect$$libinit$$00000000) refers (Special) to libinit2.o(.ARM.Collect$$libinit$$0000000E) for __rt_lib_init_rand_1
    libinit.o(.ARM.Collect$$libinit$$00000000) refers (Special) to libinit2.o(.ARM.Collect$$libinit$$00000033) for __rt_lib_init_return
    libinit.o(.ARM.Collect$$libinit$$00000000) refers (Special) to libinit2.o(.ARM.Collect$$libinit$$0000001D) for __rt_lib_init_signal_1
    libinit.o(.ARM.Collect$$libinit$$00000000) refers (Special) to libinit2.o(.ARM.Collect$$libinit$$00000025) for __rt_lib_init_stdio_1
    libinit.o(.ARM.Collect$$libinit$$00000000) refers (Special) to libinit2.o(.ARM.Collect$$libinit$$0000000C) for __rt_lib_init_user_alloc_1
    libinit2.o(.ARM.Collect$$libinit$$00000001) refers to fpinit.o(x$fpl$fpinit) for _fp_init
    libinit2.o(.ARM.Collect$$libinit$$0000000F) refers (Weak) to rt_locale_intlibspace.o(.text) for __rt_locale
    libinit2.o(.ARM.Collect$$libinit$$00000010) refers to libinit2.o(.ARM.Collect$$libinit$$0000000F) for .ARM.Collect$$libinit$$0000000F
    libinit2.o(.ARM.Collect$$libinit$$00000012) refers to libinit2.o(.ARM.Collect$$libinit$$0000000F) for .ARM.Collect$$libinit$$0000000F
    libinit2.o(.ARM.Collect$$libinit$$00000014) refers to libinit2.o(.ARM.Collect$$libinit$$0000000F) for .ARM.Collect$$libinit$$0000000F
    libinit2.o(.ARM.Collect$$libinit$$00000016) refers to libinit2.o(.ARM.Collect$$libinit$$0000000F) for .ARM.Collect$$libinit$$0000000F
    libinit2.o(.ARM.Collect$$libinit$$00000016) refers (Weak) to lc_numeric_c.o(locale$$code) for _get_lc_numeric
    libinit2.o(.ARM.Collect$$libinit$$00000018) refers to libinit2.o(.ARM.Collect$$libinit$$0000000F) for .ARM.Collect$$libinit$$0000000F
    libinit2.o(.ARM.Collect$$libinit$$00000026) refers to argv_veneer.o(.emb_text) for __ARM_argv_veneer
    libinit2.o(.ARM.Collect$$libinit$$00000027) refers to argv_veneer.o(.emb_text) for __ARM_argv_veneer
    rtexit.o(.ARM.Collect$$rtexit$$00000000) refers (Special) to rtexit2.o(.ARM.Collect$$rtexit$$00000004) for __rt_exit_exit
    rtexit.o(.ARM.Collect$$rtexit$$00000000) refers (Special) to rtexit2.o(.ARM.Collect$$rtexit$$00000003) for __rt_exit_ls
    rtexit.o(.ARM.Collect$$rtexit$$00000000) refers (Special) to rtexit2.o(.ARM.Collect$$rtexit$$00000002) for __rt_exit_prels_1
    rtexit.o(.ARM.exidx) refers (Special) to rtexit2.o(.ARM.Collect$$rtexit$$00000004) for __rt_exit_exit
    rtexit.o(.ARM.exidx) refers (Special) to rtexit2.o(.ARM.Collect$$rtexit$$00000003) for __rt_exit_ls
    rtexit.o(.ARM.exidx) refers (Special) to rtexit2.o(.ARM.Collect$$rtexit$$00000002) for __rt_exit_prels_1
    rtexit.o(.ARM.exidx) refers to rtexit.o(.ARM.Collect$$rtexit$$00000000) for .ARM.Collect$$rtexit$$00000000
    argv_veneer.o(.emb_text) refers to no_argv.o(.text) for __ARM_get_argv
    rtexit2.o(.ARM.Collect$$rtexit$$00000003) refers to libshutdown.o(.ARM.Collect$$libshutdown$$00000000) for __rt_lib_shutdown
    rtexit2.o(.ARM.Collect$$rtexit$$00000004) refers to sys_exit.o(.text) for _sys_exit
    rtexit2.o(.ARM.exidx) refers to rtexit2.o(.ARM.Collect$$rtexit$$00000001) for .ARM.Collect$$rtexit$$00000001
    rtexit2.o(.ARM.exidx) refers to rtexit2.o(.ARM.Collect$$rtexit$$00000003) for .ARM.Collect$$rtexit$$00000003
    rtexit2.o(.ARM.exidx) refers to rtexit2.o(.ARM.Collect$$rtexit$$00000004) for .ARM.Collect$$rtexit$$00000004
    _get_argv_nomalloc.o(.text) refers (Special) to hrguard.o(.text) for __heap_region$guard
    _get_argv_nomalloc.o(.text) refers to defsig_rtmem_outer.o(.text) for __rt_SIGRTMEM
    _get_argv_nomalloc.o(.text) refers to sys_command.o(.text) for _sys_command_string
    sys_command.o(.text) refers (Special) to use_no_semi.o(.text) for __I$use$semihosting
    sys_command.o(.text) refers (Special) to indicate_semi.o(.text) for __semihosting_library_function
    sys_exit.o(.text) refers (Special) to use_no_semi.o(.text) for __I$use$semihosting
    sys_exit.o(.text) refers (Special) to indicate_semi.o(.text) for __semihosting_library_function
    defsig_rtmem_outer.o(.text) refers to defsig_rtmem_inner.o(.text) for __rt_SIGRTMEM_inner
    defsig_rtmem_outer.o(.text) refers to defsig_exit.o(.text) for __sig_exit
    defsig_rtmem_formal.o(.text) refers to rt_raise.o(.text) for __rt_raise
    libshutdown.o(.ARM.Collect$$libshutdown$$00000000) refers (Special) to libshutdown2.o(.ARM.Collect$$libshutdown$$00000002) for __rt_lib_shutdown_cpp_1
    libshutdown.o(.ARM.Collect$$libshutdown$$00000000) refers (Special) to libshutdown2.o(.ARM.Collect$$libshutdown$$00000007) for __rt_lib_shutdown_fp_trap_1
    libshutdown.o(.ARM.Collect$$libshutdown$$00000000) refers (Special) to libshutdown2.o(.ARM.Collect$$libshutdown$$0000000F) for __rt_lib_shutdown_heap_1
    libshutdown.o(.ARM.Collect$$libshutdown$$00000000) refers (Special) to libshutdown2.o(.ARM.Collect$$libshutdown$$00000010) for __rt_lib_shutdown_return
    libshutdown.o(.ARM.Collect$$libshutdown$$00000000) refers (Special) to libshutdown2.o(.ARM.Collect$$libshutdown$$0000000A) for __rt_lib_shutdown_signal_1
    libshutdown.o(.ARM.Collect$$libshutdown$$00000000) refers (Special) to libshutdown2.o(.ARM.Collect$$libshutdown$$00000004) for __rt_lib_shutdown_stdio_1
    libshutdown.o(.ARM.Collect$$libshutdown$$00000000) refers (Special) to libshutdown2.o(.ARM.Collect$$libshutdown$$0000000C) for __rt_lib_shutdown_user_alloc_1
    rt_raise.o(.text) refers to __raise.o(.text) for __raise
    rt_raise.o(.text) refers to sys_exit.o(.text) for _sys_exit
    defsig_exit.o(.text) refers to sys_exit.o(.text) for _sys_exit
    defsig_rtmem_inner.o(.text) refers to defsig_general.o(.text) for __default_signal_display
    __raise.o(.text) refers to defsig.o(CL$$defsig) for __default_signal_handler
    defsig_general.o(.text) refers to sys_wrch.o(.text) for _ttywrch
    sys_wrch.o(.text) refers (Special) to use_no_semi.o(.text) for __I$use$semihosting
    sys_wrch.o(.text) refers (Special) to indicate_semi.o(.text) for __semihosting_library_function
    defsig.o(CL$$defsig) refers to defsig_rtmem_inner.o(.text) for __rt_SIGRTMEM_inner
    defsig_abrt_inner.o(.text) refers to defsig_general.o(.text) for __default_signal_display
    defsig_fpe_inner.o(.text) refers to defsig_general.o(.text) for __default_signal_display
    defsig_rtred_inner.o(.text) refers to defsig_general.o(.text) for __default_signal_display
    defsig_stak_inner.o(.text) refers to defsig_general.o(.text) for __default_signal_display
    defsig_pvfn_inner.o(.text) refers to defsig_general.o(.text) for __default_signal_display
    defsig_cppl_inner.o(.text) refers to defsig_general.o(.text) for __default_signal_display
    defsig_segv_inner.o(.text) refers to defsig_general.o(.text) for __default_signal_display
    defsig_other.o(.text) refers to defsig_general.o(.text) for __default_signal_display


==============================================================================

Removing Unused input sections from the image.

    Removing hd44780.o(.rev16_text), (4 bytes).
    Removing hd44780.o(.revsh_text), (4 bytes).
    Removing hd44780.o(.rrx_text), (6 bytes).
    Removing hd44780.o(i.LCD_Home), (16 bytes).
    Removing hd44780.o(i.LCD_WriteNumber), (28 bytes).
    Removing main.o(.rev16_text), (4 bytes).
    Removing main.o(.revsh_text), (4 bytes).
    Removing main.o(.rrx_text), (6 bytes).
    Removing myfun.o(.rev16_text), (4 bytes).
    Removing myfun.o(.revsh_text), (4 bytes).
    Removing myfun.o(.rrx_text), (6 bytes).
    Removing myfun.o(i.ADC_ConfBasic), (140 bytes).
    Removing myfun.o(i.ADC_Conf_DMA_2Channels), (204 bytes).
    Removing myfun.o(i.ADC_Conf_DMA_2ChannelsMeans), (204 bytes).
    Removing myfun.o(i.ComPuts), (26 bytes).
    Removing myfun.o(i.ComSendChar), (16 bytes).
    Removing myfun.o(i.I2C3_ConfBasic), (124 bytes).
    Removing myfun.o(i.Joy_Conf), (76 bytes).
    Removing myfun.o(i.Joy_Read), (68 bytes).
    Removing myfun.o(i.LPUART1_Conf_Basic), (92 bytes).
    Removing myfun.o(i.LSM303_ACC_Read), (292 bytes).
    Removing myfun.o(i.LSM303_ACC_ReadWhoAmI), (96 bytes).
    Removing myfun.o(i.LSM303_ACC_WriteConfig), (120 bytes).
    Removing myfun.o(i.LSM303_MAG_Read), (292 bytes).
    Removing myfun.o(i.LSM303_MAG_ReadWhoAmI), (96 bytes).
    Removing myfun.o(i.LSM303_MAG_WriteConfig), (136 bytes).
    Removing myfun.o(i.Led7seg_Conf), (308 bytes).
    Removing myfun.o(i.ShowTime), (84 bytes).
    Removing myfun.o(.bss), (400 bytes).
    Removing system_stm32l4xx.o(.rev16_text), (4 bytes).
    Removing system_stm32l4xx.o(.revsh_text), (4 bytes).
    Removing system_stm32l4xx.o(.rrx_text), (6 bytes).
    Removing system_stm32l4xx.o(i.SystemCoreClockUpdate), (236 bytes).
    Removing system_stm32l4xx.o(.constdata), (72 bytes).
    Removing system_stm32l4xx.o(.data), (4 bytes).

35 unused section(s) (total 3186 bytes) removed from the image.

==============================================================================

Image Symbol Table

    Local Symbols

    Symbol Name                              Value     Ov Type        Size  Object(Section)

    ../clib/angel/boardlib.s                 0x00000000   Number         0  boardinit3.o ABSOLUTE
    ../clib/angel/boardlib.s                 0x00000000   Number         0  boardshut.o ABSOLUTE
    ../clib/angel/boardlib.s                 0x00000000   Number         0  boardinit1.o ABSOLUTE
    ../clib/angel/boardlib.s                 0x00000000   Number         0  boardinit2.o ABSOLUTE
    ../clib/angel/handlers.s                 0x00000000   Number         0  __scatter_copy.o ABSOLUTE
    ../clib/angel/handlers.s                 0x00000000   Number         0  __scatter_zi.o ABSOLUTE
    ../clib/angel/kernel.s                   0x00000000   Number         0  rtexit.o ABSOLUTE
    ../clib/angel/kernel.s                   0x00000000   Number         0  __rtentry.o ABSOLUTE
    ../clib/angel/kernel.s                   0x00000000   Number         0  __rtentry4.o ABSOLUTE
    ../clib/angel/kernel.s                   0x00000000   Number         0  rtexit2.o ABSOLUTE
    ../clib/angel/kernel.s                   0x00000000   Number         0  __rtentry2.o ABSOLUTE
    ../clib/angel/rt.s                       0x00000000   Number         0  rt_raise.o ABSOLUTE
    ../clib/angel/rt.s                       0x00000000   Number         0  rt_locale_intlibspace.o ABSOLUTE
    ../clib/angel/rt.s                       0x00000000   Number         0  rt_locale.o ABSOLUTE
    ../clib/angel/scatter.s                  0x00000000   Number         0  __scatter.o ABSOLUTE
    ../clib/angel/startup.s                  0x00000000   Number         0  __main.o ABSOLUTE
    ../clib/angel/sys.s                      0x00000000   Number         0  libspace.o ABSOLUTE
    ../clib/angel/sys.s                      0x00000000   Number         0  use_no_semi.o ABSOLUTE
    ../clib/angel/sys.s                      0x00000000   Number         0  sys_stackheap_outer.o ABSOLUTE
    ../clib/angel/sys.s                      0x00000000   Number         0  indicate_semi.o ABSOLUTE
    ../clib/angel/sysapp.c                   0x00000000   Number         0  sys_exit.o ABSOLUTE
    ../clib/angel/sysapp.c                   0x00000000   Number         0  sys_command.o ABSOLUTE
    ../clib/angel/sysapp.c                   0x00000000   Number         0  sys_wrch.o ABSOLUTE
    ../clib/armsys.c                         0x00000000   Number         0  no_argv.o ABSOLUTE
    ../clib/armsys.c                         0x00000000   Number         0  _get_argv_nomalloc.o ABSOLUTE
    ../clib/armsys.c                         0x00000000   Number         0  argv_veneer.o ABSOLUTE
    ../clib/armsys.c                         0x00000000   Number         0  argv_veneer.o ABSOLUTE
    ../clib/bigflt.c                         0x00000000   Number         0  bigflt0.o ABSOLUTE
    ../clib/btod.s                           0x00000000   Number         0  btod.o ABSOLUTE
    ../clib/heapalloc.c                      0x00000000   Number         0  hrguard.o ABSOLUTE
    ../clib/heapaux.c                        0x00000000   Number         0  heapauxi.o ABSOLUTE
    ../clib/libinit.s                        0x00000000   Number         0  libshutdown.o ABSOLUTE
    ../clib/libinit.s                        0x00000000   Number         0  libinit.o ABSOLUTE
    ../clib/libinit.s                        0x00000000   Number         0  libshutdown2.o ABSOLUTE
    ../clib/libinit.s                        0x00000000   Number         0  libinit2.o ABSOLUTE
    ../clib/locale.s                         0x00000000   Number         0  lc_numeric_c.o ABSOLUTE
    ../clib/longlong.s                       0x00000000   Number         0  lludiv10.o ABSOLUTE
    ../clib/memcpset.s                       0x00000000   Number         0  strcmpv7m.o ABSOLUTE
    ../clib/misc.s                           0x00000000   Number         0  printf_stubs.o ABSOLUTE
    ../clib/printf.c                         0x00000000   Number         0  __printf_flags_wp.o ABSOLUTE
    ../clib/printf.c                         0x00000000   Number         0  __printf_ss_wp.o ABSOLUTE
    ../clib/printf.c                         0x00000000   Number         0  __printf_flags_ss_wp.o ABSOLUTE
    ../clib/printf.c                         0x00000000   Number         0  __printf_nopercent.o ABSOLUTE
    ../clib/printf.c                         0x00000000   Number         0  _sputc.o ABSOLUTE
    ../clib/printf.c                         0x00000000   Number         0  _printf_char_common.o ABSOLUTE
    ../clib/printf.c                         0x00000000   Number         0  _printf_fp_infnan.o ABSOLUTE
    ../clib/printf.c                         0x00000000   Number         0  _printf_fp_dec.o ABSOLUTE
    ../clib/printf.c                         0x00000000   Number         0  _printf_intcommon.o ABSOLUTE
    ../clib/printf.c                         0x00000000   Number         0  __2sprintf.o ABSOLUTE
    ../clib/printf.c                         0x00000000   Number         0  noretval__2sprintf.o ABSOLUTE
    ../clib/printf.c                         0x00000000   Number         0  __printf.o ABSOLUTE
    ../clib/printf.c                         0x00000000   Number         0  _printf_dec.o ABSOLUTE
    ../clib/printf.c                         0x00000000   Number         0  __printf_flags.o ABSOLUTE
    ../clib/printf.c                         0x00000000   Number         0  __printf_ss.o ABSOLUTE
    ../clib/printf.c                         0x00000000   Number         0  __printf_flags_ss.o ABSOLUTE
    ../clib/printf.c                         0x00000000   Number         0  __printf_wp.o ABSOLUTE
    ../clib/printf_percent.s                 0x00000000   Number         0  _printf_percent_end.o ABSOLUTE
    ../clib/printf_percent.s                 0x00000000   Number         0  _printf_d.o ABSOLUTE
    ../clib/printf_percent.s                 0x00000000   Number         0  _printf_percent.o ABSOLUTE
    ../clib/printf_percent.s                 0x00000000   Number         0  _printf_f.o ABSOLUTE
    ../clib/signal.c                         0x00000000   Number         0  defsig_rtmem_formal.o ABSOLUTE
    ../clib/signal.c                         0x00000000   Number         0  defsig_rtmem_outer.o ABSOLUTE
    ../clib/signal.c                         0x00000000   Number         0  defsig_exit.o ABSOLUTE
    ../clib/signal.c                         0x00000000   Number         0  defsig_rtmem_inner.o ABSOLUTE
    ../clib/signal.c                         0x00000000   Number         0  __raise.o ABSOLUTE
    ../clib/signal.c                         0x00000000   Number         0  defsig_fpe_inner.o ABSOLUTE
    ../clib/signal.c                         0x00000000   Number         0  defsig_rtred_inner.o ABSOLUTE
    ../clib/signal.c                         0x00000000   Number         0  defsig_stak_inner.o ABSOLUTE
    ../clib/signal.c                         0x00000000   Number         0  defsig_pvfn_inner.o ABSOLUTE
    ../clib/signal.c                         0x00000000   Number         0  defsig_cppl_inner.o ABSOLUTE
    ../clib/signal.c                         0x00000000   Number         0  defsig_segv_inner.o ABSOLUTE
    ../clib/signal.c                         0x00000000   Number         0  defsig_other.o ABSOLUTE
    ../clib/signal.c                         0x00000000   Number         0  defsig_general.o ABSOLUTE
    ../clib/signal.c                         0x00000000   Number         0  defsig_abrt_inner.o ABSOLUTE
    ../clib/signal.s                         0x00000000   Number         0  defsig.o ABSOLUTE
    ../clib/stdlib.c                         0x00000000   Number         0  exit.o ABSOLUTE
    ../fplib/ddiv.s                          0x00000000   Number         0  ddiv.o ABSOLUTE
    ../fplib/dflt.s                          0x00000000   Number         0  dflt_clz.o ABSOLUTE
    ../fplib/dmul.s                          0x00000000   Number         0  dmul.o ABSOLUTE
    ../fplib/dnaninf.s                       0x00000000   Number         0  dnaninf.o ABSOLUTE
    ../fplib/dretinf.s                       0x00000000   Number         0  dretinf.o ABSOLUTE
    ../fplib/fpinit.s                        0x00000000   Number         0  fpinit.o ABSOLUTE
    ../fplib/istatus.s                       0x00000000   Number         0  istatus.o ABSOLUTE
    ../fplib/printf1.s                       0x00000000   Number         0  printf1.o ABSOLUTE
    ../fplib/usenofp.s                       0x00000000   Number         0  usenofp.o ABSOLUTE
    ../mathlib/fpclassify.c                  0x00000000   Number         0  fpclassify.o ABSOLUTE
    HD44780.c                                0x00000000   Number         0  hd44780.o ABSOLUTE
    HD44780.c                                0x00000000   Number         0  hd44780.o ABSOLUTE
    Myfun.c                                  0x00000000   Number         0  myfun.o ABSOLUTE
    Myfun.c                                  0x00000000   Number         0  myfun.o ABSOLUTE
    RTE\Device\STM32L496ZGTx\startup_stm32l496xx.s 0x00000000   Number         0  startup_stm32l496xx.o ABSOLUTE
    RTE\Device\STM32L496ZGTx\system_stm32l4xx.c 0x00000000   Number         0  system_stm32l4xx.o ABSOLUTE
    RTE\\Device\\STM32L496ZGTx\\system_stm32l4xx.c 0x00000000   Number         0  system_stm32l4xx.o ABSOLUTE
    dc.s                                     0x00000000   Number         0  dc.o ABSOLUTE
    main.c                                   0x00000000   Number         0  main.o ABSOLUTE
    main.c                                   0x00000000   Number         0  main.o ABSOLUTE
    RESET                                    0x08000000   Section      428  startup_stm32l496xx.o(RESET)
    !!!main                                  0x080001ac   Section        8  __main.o(!!!main)
    !!!scatter                               0x080001b4   Section       52  __scatter.o(!!!scatter)
    !!handler_copy                           0x080001e8   Section       26  __scatter_copy.o(!!handler_copy)
    !!handler_zi                             0x08000204   Section       28  __scatter_zi.o(!!handler_zi)
    .ARM.Collect$$_printf_percent$$00000000  0x08000220   Section        0  _printf_percent.o(.ARM.Collect$$_printf_percent$$00000000)
    .ARM.Collect$$_printf_percent$$00000003  0x08000220   Section        6  _printf_f.o(.ARM.Collect$$_printf_percent$$00000003)
    .ARM.Collect$$_printf_percent$$00000017  0x08000226   Section        4  _printf_percent_end.o(.ARM.Collect$$_printf_percent$$00000017)
    .ARM.Collect$$libinit$$00000000          0x0800022a   Section        2  libinit.o(.ARM.Collect$$libinit$$00000000)
    .ARM.Collect$$libinit$$00000001          0x0800022c   Section        4  libinit2.o(.ARM.Collect$$libinit$$00000001)
    .ARM.Collect$$libinit$$00000004          0x08000230   Section        0  libinit2.o(.ARM.Collect$$libinit$$00000004)
    .ARM.Collect$$libinit$$0000000A          0x08000230   Section        0  libinit2.o(.ARM.Collect$$libinit$$0000000A)
    .ARM.Collect$$libinit$$0000000C          0x08000230   Section        0  libinit2.o(.ARM.Collect$$libinit$$0000000C)
    .ARM.Collect$$libinit$$0000000E          0x08000230   Section        0  libinit2.o(.ARM.Collect$$libinit$$0000000E)
    .ARM.Collect$$libinit$$0000000F          0x08000230   Section        6  libinit2.o(.ARM.Collect$$libinit$$0000000F)
    .ARM.Collect$$libinit$$00000011          0x08000236   Section        0  libinit2.o(.ARM.Collect$$libinit$$00000011)
    .ARM.Collect$$libinit$$00000013          0x08000236   Section        0  libinit2.o(.ARM.Collect$$libinit$$00000013)
    .ARM.Collect$$libinit$$00000015          0x08000236   Section        0  libinit2.o(.ARM.Collect$$libinit$$00000015)
    .ARM.Collect$$libinit$$00000016          0x08000236   Section       10  libinit2.o(.ARM.Collect$$libinit$$00000016)
    .ARM.Collect$$libinit$$00000017          0x08000240   Section        0  libinit2.o(.ARM.Collect$$libinit$$00000017)
    .ARM.Collect$$libinit$$00000019          0x08000240   Section        0  libinit2.o(.ARM.Collect$$libinit$$00000019)
    .ARM.Collect$$libinit$$0000001B          0x08000240   Section        0  libinit2.o(.ARM.Collect$$libinit$$0000001B)
    .ARM.Collect$$libinit$$0000001D          0x08000240   Section        0  libinit2.o(.ARM.Collect$$libinit$$0000001D)
    .ARM.Collect$$libinit$$0000001F          0x08000240   Section        0  libinit2.o(.ARM.Collect$$libinit$$0000001F)
    .ARM.Collect$$libinit$$00000021          0x08000240   Section        0  libinit2.o(.ARM.Collect$$libinit$$00000021)
    .ARM.Collect$$libinit$$00000023          0x08000240   Section        0  libinit2.o(.ARM.Collect$$libinit$$00000023)
    .ARM.Collect$$libinit$$00000025          0x08000240   Section        0  libinit2.o(.ARM.Collect$$libinit$$00000025)
    .ARM.Collect$$libinit$$0000002C          0x08000240   Section        0  libinit2.o(.ARM.Collect$$libinit$$0000002C)
    .ARM.Collect$$libinit$$0000002E          0x08000240   Section        0  libinit2.o(.ARM.Collect$$libinit$$0000002E)
    .ARM.Collect$$libinit$$00000030          0x08000240   Section        0  libinit2.o(.ARM.Collect$$libinit$$00000030)
    .ARM.Collect$$libinit$$00000032          0x08000240   Section        0  libinit2.o(.ARM.Collect$$libinit$$00000032)
    .ARM.Collect$$libinit$$00000033          0x08000240   Section        2  libinit2.o(.ARM.Collect$$libinit$$00000033)
    .ARM.Collect$$libshutdown$$00000000      0x08000242   Section        2  libshutdown.o(.ARM.Collect$$libshutdown$$00000000)
    .ARM.Collect$$libshutdown$$00000002      0x08000244   Section        0  libshutdown2.o(.ARM.Collect$$libshutdown$$00000002)
    .ARM.Collect$$libshutdown$$00000004      0x08000244   Section        0  libshutdown2.o(.ARM.Collect$$libshutdown$$00000004)
    .ARM.Collect$$libshutdown$$00000007      0x08000244   Section        0  libshutdown2.o(.ARM.Collect$$libshutdown$$00000007)
    .ARM.Collect$$libshutdown$$0000000A      0x08000244   Section        0  libshutdown2.o(.ARM.Collect$$libshutdown$$0000000A)
    .ARM.Collect$$libshutdown$$0000000C      0x08000244   Section        0  libshutdown2.o(.ARM.Collect$$libshutdown$$0000000C)
    .ARM.Collect$$libshutdown$$0000000F      0x08000244   Section        0  libshutdown2.o(.ARM.Collect$$libshutdown$$0000000F)
    .ARM.Collect$$libshutdown$$00000010      0x08000244   Section        2  libshutdown2.o(.ARM.Collect$$libshutdown$$00000010)
    .ARM.Collect$$rtentry$$00000000          0x08000246   Section        0  __rtentry.o(.ARM.Collect$$rtentry$$00000000)
    .ARM.Collect$$rtentry$$00000002          0x08000246   Section        0  __rtentry2.o(.ARM.Collect$$rtentry$$00000002)
    .ARM.Collect$$rtentry$$00000004          0x08000246   Section        6  __rtentry4.o(.ARM.Collect$$rtentry$$00000004)
    .ARM.Collect$$rtentry$$00000009          0x0800024c   Section        0  __rtentry2.o(.ARM.Collect$$rtentry$$00000009)
    .ARM.Collect$$rtentry$$0000000A          0x0800024c   Section        4  __rtentry2.o(.ARM.Collect$$rtentry$$0000000A)
    .ARM.Collect$$rtentry$$0000000C          0x08000250   Section        0  __rtentry2.o(.ARM.Collect$$rtentry$$0000000C)
    .ARM.Collect$$rtentry$$0000000D          0x08000250   Section        8  __rtentry2.o(.ARM.Collect$$rtentry$$0000000D)
    .ARM.Collect$$rtexit$$00000000           0x08000258   Section        2  rtexit.o(.ARM.Collect$$rtexit$$00000000)
    .ARM.Collect$$rtexit$$00000002           0x0800025a   Section        0  rtexit2.o(.ARM.Collect$$rtexit$$00000002)
    .ARM.Collect$$rtexit$$00000003           0x0800025a   Section        4  rtexit2.o(.ARM.Collect$$rtexit$$00000003)
    .ARM.Collect$$rtexit$$00000004           0x0800025e   Section        6  rtexit2.o(.ARM.Collect$$rtexit$$00000004)
    .text                                    0x08000264   Section       64  startup_stm32l496xx.o(.text)
    $v0                                      0x08000264   Number         0  startup_stm32l496xx.o(.text)
    .text                                    0x080002a4   Section        0  noretval__2sprintf.o(.text)
    .text                                    0x080002cc   Section        0  __printf_wp.o(.text)
    .text                                    0x080003da   Section        0  heapauxi.o(.text)
    .text                                    0x080003e0   Section        0  _printf_fp_dec.o(.text)
    _fp_digits                               0x080003e3   Thumb Code   432  _printf_fp_dec.o(.text)
    .text                                    0x08000804   Section        0  _printf_char_common.o(.text)
    _printf_input_char                       0x08000805   Thumb Code    10  _printf_char_common.o(.text)
    .text                                    0x08000834   Section        0  _sputc.o(.text)
    .text                                    0x08000840   Section        8  rt_locale_intlibspace.o(.text)
    .text                                    0x08000848   Section      138  lludiv10.o(.text)
    .text                                    0x080008d4   Section        0  _printf_fp_infnan.o(.text)
    .text                                    0x08000954   Section        0  bigflt0.o(.text)
    .text                                    0x08000a38   Section        8  libspace.o(.text)
    .text                                    0x08000a40   Section       74  sys_stackheap_outer.o(.text)
    .text                                    0x08000a8a   Section        0  exit.o(.text)
    .text                                    0x08000a9c   Section      128  strcmpv7m.o(.text)
    .text                                    0x08000b1c   Section        0  sys_exit.o(.text)
    .text                                    0x08000b28   Section        2  use_no_semi.o(.text)
    .text                                    0x08000b2a   Section        0  indicate_semi.o(.text)
    CL$$btod_d2e                             0x08000b2a   Section       62  btod.o(CL$$btod_d2e)
    CL$$btod_d2e_denorm_low                  0x08000b68   Section       70  btod.o(CL$$btod_d2e_denorm_low)
    CL$$btod_d2e_norm_op1                    0x08000bae   Section       96  btod.o(CL$$btod_d2e_norm_op1)
    CL$$btod_div_common                      0x08000c0e   Section      824  btod.o(CL$$btod_div_common)
    CL$$btod_e2e                             0x08000f46   Section      220  btod.o(CL$$btod_e2e)
    CL$$btod_ediv                            0x08001022   Section       42  btod.o(CL$$btod_ediv)
    CL$$btod_emul                            0x0800104c   Section       42  btod.o(CL$$btod_emul)
    CL$$btod_mult_common                     0x08001076   Section      580  btod.o(CL$$btod_mult_common)
    i.ADC3_IRQHandler                        0x080012bc   Section        0  myfun.o(i.ADC3_IRQHandler)
    i.ADC_ConfInterrupt                      0x080012dc   Section        0  myfun.o(i.ADC_ConfInterrupt)
    i.LCD_Clear                              0x08001390   Section        0  hd44780.o(i.LCD_Clear)
    i.LCD_GoTo                               0x080013a0   Section        0  hd44780.o(i.LCD_GoTo)
    i.LCD_Init                               0x080013b8   Section        0  hd44780.o(i.LCD_Init)
    i.LCD_Setbits                            0x0800160c   Section        0  hd44780.o(i.LCD_Setbits)
    LCD_Setbits                              0x0800160d   Thumb Code   130  hd44780.o(i.LCD_Setbits)
    i.LCD_Write                              0x08001694   Section        0  hd44780.o(i.LCD_Write)
    LCD_Write                                0x08001695   Thumb Code    68  hd44780.o(i.LCD_Write)
    i.LCD_WriteCommand                       0x080016dc   Section        0  hd44780.o(i.LCD_WriteCommand)
    LCD_WriteCommand                         0x080016dd   Thumb Code    24  hd44780.o(i.LCD_WriteCommand)
    i.LCD_WriteData                          0x080016f8   Section        0  hd44780.o(i.LCD_WriteData)
    LCD_WriteData                            0x080016f9   Thumb Code    24  hd44780.o(i.LCD_WriteData)
    i.LCD_WriteText                          0x08001714   Section        0  hd44780.o(i.LCD_WriteText)
    i.LCD_delay50us                          0x0800172c   Section        0  hd44780.o(i.LCD_delay50us)
    LCD_delay50us                            0x0800172d   Thumb Code    18  hd44780.o(i.LCD_delay50us)
    i.LCD_delayms                            0x08001744   Section        0  hd44780.o(i.LCD_delayms)
    LCD_delayms                              0x08001745   Thumb Code    24  hd44780.o(i.LCD_delayms)
    i.Led7seg_WriteDigit                     0x08001760   Section        0  myfun.o(i.Led7seg_WriteDigit)
    i.Led7seg_WriteNumber                    0x080018d0   Section        0  myfun.o(i.Led7seg_WriteNumber)
    i.Led_Conf                               0x0800196c   Section        0  myfun.o(i.Led_Conf)
    i.Led_OnOff                              0x08001a48   Section        0  myfun.o(i.Led_OnOff)
    i.SysTick_Handler                        0x08001c08   Section        0  myfun.o(i.SysTick_Handler)
    i.SystemInit                             0x08001c24   Section        0  system_stm32l4xx.o(i.SystemInit)
    i.TIM6_DAC_IRQHandler                    0x08001c74   Section        0  hd44780.o(i.TIM6_DAC_IRQHandler)
    i.Timer                                  0x08001ca0   Section        0  myfun.o(i.Timer)
    i.__ARM_fpclassify                       0x08001d14   Section        0  fpclassify.o(i.__ARM_fpclassify)
    i._is_digit                              0x08001d44   Section        0  __printf_wp.o(i._is_digit)
    i.delay_ms                               0x08001d54   Section        0  myfun.o(i.delay_ms)
    i.main                                   0x08001d6c   Section        0  main.o(i.main)
    locale$$code                             0x08001ea8   Section       44  lc_numeric_c.o(locale$$code)
    x$fpl$ddiv                               0x08001ed4   Section      688  ddiv.o(x$fpl$ddiv)
    $v0                                      0x08001ed4   Number         0  ddiv.o(x$fpl$ddiv)
    ddiv_entry                               0x08001edb   Thumb Code     0  ddiv.o(x$fpl$ddiv)
    x$fpl$dflt                               0x08002184   Section       46  dflt_clz.o(x$fpl$dflt)
    $v0                                      0x08002184   Number         0  dflt_clz.o(x$fpl$dflt)
    x$fpl$dmul                               0x080021b4   Section      340  dmul.o(x$fpl$dmul)
    $v0                                      0x080021b4   Number         0  dmul.o(x$fpl$dmul)
    x$fpl$dnaninf                            0x08002308   Section      156  dnaninf.o(x$fpl$dnaninf)
    $v0                                      0x08002308   Number         0  dnaninf.o(x$fpl$dnaninf)
    x$fpl$dretinf                            0x080023a4   Section       12  dretinf.o(x$fpl$dretinf)
    $v0                                      0x080023a4   Number         0  dretinf.o(x$fpl$dretinf)
    x$fpl$fpinit                             0x080023b0   Section       10  fpinit.o(x$fpl$fpinit)
    $v0                                      0x080023b0   Number         0  fpinit.o(x$fpl$fpinit)
    x$fpl$printf1                            0x080023ba   Section        4  printf1.o(x$fpl$printf1)
    $v0                                      0x080023ba   Number         0  printf1.o(x$fpl$printf1)
    x$fpl$usenofp                            0x080023be   Section        0  usenofp.o(x$fpl$usenofp)
    .constdata                               0x080023c0   Section      148  bigflt0.o(.constdata)
    tenpwrs_x                                0x080023c0   Data          60  bigflt0.o(.constdata)
    tenpwrs_i                                0x080023fc   Data          64  bigflt0.o(.constdata)
    locale$$data                             0x08002474   Section       28  lc_numeric_c.o(locale$$data)
    __lcnum_c_name                           0x08002478   Data           2  lc_numeric_c.o(locale$$data)
    __lcnum_c_start                          0x08002480   Data           0  lc_numeric_c.o(locale$$data)
    __lcnum_c_point                          0x0800248c   Data           0  lc_numeric_c.o(locale$$data)
    __lcnum_c_thousands                      0x0800248e   Data           0  lc_numeric_c.o(locale$$data)
    __lcnum_c_grouping                       0x0800248f   Data           0  lc_numeric_c.o(locale$$data)
    __lcnum_c_end                            0x08002490   Data           0  lc_numeric_c.o(locale$$data)
    .data                                    0x20000000   Section        4  hd44780.o(.data)
    .data                                    0x20000008   Section       24  main.o(.data)
    .data                                    0x20000020   Section      122  myfun.o(.data)
    .bss                                     0x2000009c   Section       50  main.o(.bss)
    .bss                                     0x200000d0   Section       96  libspace.o(.bss)
    HEAP                                     0x20000130   Section      512  startup_stm32l496xx.o(HEAP)
    Heap_Mem                                 0x20000130   Data         512  startup_stm32l496xx.o(HEAP)
    STACK                                    0x20000330   Section     1024  startup_stm32l496xx.o(STACK)
    Stack_Mem                                0x20000330   Data        1024  startup_stm32l496xx.o(STACK)
    __initial_sp                             0x20000730   Data           0  startup_stm32l496xx.o(STACK)

    Global Symbols

    Symbol Name                              Value     Ov Type        Size  Object(Section)

    BuildAttributes$$THM_ISAv4$E$P$D$K$B$S$7EM$VFPi3$EXTD16$VFPS$VFMA$PE$A:L22UL41UL21$X:L11$S22US41US21$IEEE1$IW$USESV6$~STKCKD$USESV7$~SHL$OTIME$ROPI$IEEEJ$EBA8$UX$STANDARDLIB$REQ8$PRES8$EABIv2 0x00000000   Number         0  anon$$obj.o ABSOLUTE
    __ARM_use_no_argv                        0x00000000   Number         0  main.o ABSOLUTE
    _printf_flags                            0x00000000   Number         0  printf_stubs.o ABSOLUTE
    _printf_return_value                     0x00000000   Number         0  printf_stubs.o ABSOLUTE
    _printf_sizespec                         0x00000000   Number         0  printf_stubs.o ABSOLUTE
    _printf_widthprec                        0x00000000   Number         0  printf_stubs.o ABSOLUTE
    __ARM_exceptions_init                     - Undefined Weak Reference
    __alloca_initialize                       - Undefined Weak Reference
    __arm_preinit_                            - Undefined Weak Reference
    __cpp_initialize__aeabi_                  - Undefined Weak Reference
    __cxa_finalize                            - Undefined Weak Reference
    __sigvec_lookup                           - Undefined Weak Reference
    _atexit_init                              - Undefined Weak Reference
    _call_atexit_fns                          - Undefined Weak Reference
    _clock_init                               - Undefined Weak Reference
    _fp_trap_init                             - Undefined Weak Reference
    _fp_trap_shutdown                         - Undefined Weak Reference
    _get_lc_collate                           - Undefined Weak Reference
    _get_lc_ctype                             - Undefined Weak Reference
    _get_lc_monetary                          - Undefined Weak Reference
    _get_lc_time                              - Undefined Weak Reference
    _getenv_init                              - Undefined Weak Reference
    _handle_redirection                       - Undefined Weak Reference
    _init_alloc                               - Undefined Weak Reference
    _init_user_alloc                          - Undefined Weak Reference
    _initio                                   - Undefined Weak Reference
    _printf_post_padding                      - Undefined Weak Reference
    _printf_pre_padding                       - Undefined Weak Reference
    _printf_truncate_signed                   - Undefined Weak Reference
    _printf_truncate_unsigned                 - Undefined Weak Reference
    _rand_init                                - Undefined Weak Reference
    _signal_finish                            - Undefined Weak Reference
    _signal_init                              - Undefined Weak Reference
    _terminate_alloc                          - Undefined Weak Reference
    _terminate_user_alloc                     - Undefined Weak Reference
    _terminateio                              - Undefined Weak Reference
    __Vectors_Size                           0x000001ac   Number         0  startup_stm32l496xx.o ABSOLUTE
    __Vectors                                0x08000000   Data           4  startup_stm32l496xx.o(RESET)
    __Vectors_End                            0x080001ac   Data           0  startup_stm32l496xx.o(RESET)
    __main                                   0x080001ad   Thumb Code     8  __main.o(!!!main)
    __scatterload                            0x080001b5   Thumb Code     0  __scatter.o(!!!scatter)
    __scatterload_rt2                        0x080001b5   Thumb Code    44  __scatter.o(!!!scatter)
    __scatterload_rt2_thumb_only             0x080001b5   Thumb Code     0  __scatter.o(!!!scatter)
    __scatterload_null                       0x080001c3   Thumb Code     0  __scatter.o(!!!scatter)
    __scatterload_copy                       0x080001e9   Thumb Code    26  __scatter_copy.o(!!handler_copy)
    __scatterload_zeroinit                   0x08000205   Thumb Code    28  __scatter_zi.o(!!handler_zi)
    _printf_f                                0x08000221   Thumb Code     0  _printf_f.o(.ARM.Collect$$_printf_percent$$00000003)
    _printf_percent                          0x08000221   Thumb Code     0  _printf_percent.o(.ARM.Collect$$_printf_percent$$00000000)
    _printf_percent_end                      0x08000227   Thumb Code     0  _printf_percent_end.o(.ARM.Collect$$_printf_percent$$00000017)
    __rt_lib_init                            0x0800022b   Thumb Code     0  libinit.o(.ARM.Collect$$libinit$$00000000)
    __rt_lib_init_fp_1                       0x0800022d   Thumb Code     0  libinit2.o(.ARM.Collect$$libinit$$00000001)
    __rt_lib_init_heap_1                     0x08000231   Thumb Code     0  libinit2.o(.ARM.Collect$$libinit$$0000000A)
    __rt_lib_init_lc_common                  0x08000231   Thumb Code     0  libinit2.o(.ARM.Collect$$libinit$$0000000F)
    __rt_lib_init_preinit_1                  0x08000231   Thumb Code     0  libinit2.o(.ARM.Collect$$libinit$$00000004)
    __rt_lib_init_rand_1                     0x08000231   Thumb Code     0  libinit2.o(.ARM.Collect$$libinit$$0000000E)
    __rt_lib_init_user_alloc_1               0x08000231   Thumb Code     0  libinit2.o(.ARM.Collect$$libinit$$0000000C)
    __rt_lib_init_lc_collate_1               0x08000237   Thumb Code     0  libinit2.o(.ARM.Collect$$libinit$$00000011)
    __rt_lib_init_lc_ctype_1                 0x08000237   Thumb Code     0  libinit2.o(.ARM.Collect$$libinit$$00000013)
    __rt_lib_init_lc_monetary_1              0x08000237   Thumb Code     0  libinit2.o(.ARM.Collect$$libinit$$00000015)
    __rt_lib_init_lc_numeric_2               0x08000237   Thumb Code     0  libinit2.o(.ARM.Collect$$libinit$$00000016)
    __rt_lib_init_alloca_1                   0x08000241   Thumb Code     0  libinit2.o(.ARM.Collect$$libinit$$0000002E)
    __rt_lib_init_argv_1                     0x08000241   Thumb Code     0  libinit2.o(.ARM.Collect$$libinit$$0000002C)
    __rt_lib_init_atexit_1                   0x08000241   Thumb Code     0  libinit2.o(.ARM.Collect$$libinit$$0000001B)
    __rt_lib_init_clock_1                    0x08000241   Thumb Code     0  libinit2.o(.ARM.Collect$$libinit$$00000021)
    __rt_lib_init_cpp_1                      0x08000241   Thumb Code     0  libinit2.o(.ARM.Collect$$libinit$$00000032)
    __rt_lib_init_exceptions_1               0x08000241   Thumb Code     0  libinit2.o(.ARM.Collect$$libinit$$00000030)
    __rt_lib_init_fp_trap_1                  0x08000241   Thumb Code     0  libinit2.o(.ARM.Collect$$libinit$$0000001F)
    __rt_lib_init_getenv_1                   0x08000241   Thumb Code     0  libinit2.o(.ARM.Collect$$libinit$$00000023)
    __rt_lib_init_lc_numeric_1               0x08000241   Thumb Code     0  libinit2.o(.ARM.Collect$$libinit$$00000017)
    __rt_lib_init_lc_time_1                  0x08000241   Thumb Code     0  libinit2.o(.ARM.Collect$$libinit$$00000019)
    __rt_lib_init_return                     0x08000241   Thumb Code     0  libinit2.o(.ARM.Collect$$libinit$$00000033)
    __rt_lib_init_signal_1                   0x08000241   Thumb Code     0  libinit2.o(.ARM.Collect$$libinit$$0000001D)
    __rt_lib_init_stdio_1                    0x08000241   Thumb Code     0  libinit2.o(.ARM.Collect$$libinit$$00000025)
    __rt_lib_shutdown                        0x08000243   Thumb Code     0  libshutdown.o(.ARM.Collect$$libshutdown$$00000000)
    __rt_lib_shutdown_cpp_1                  0x08000245   Thumb Code     0  libshutdown2.o(.ARM.Collect$$libshutdown$$00000002)
    __rt_lib_shutdown_fp_trap_1              0x08000245   Thumb Code     0  libshutdown2.o(.ARM.Collect$$libshutdown$$00000007)
    __rt_lib_shutdown_heap_1                 0x08000245   Thumb Code     0  libshutdown2.o(.ARM.Collect$$libshutdown$$0000000F)
    __rt_lib_shutdown_return                 0x08000245   Thumb Code     0  libshutdown2.o(.ARM.Collect$$libshutdown$$00000010)
    __rt_lib_shutdown_signal_1               0x08000245   Thumb Code     0  libshutdown2.o(.ARM.Collect$$libshutdown$$0000000A)
    __rt_lib_shutdown_stdio_1                0x08000245   Thumb Code     0  libshutdown2.o(.ARM.Collect$$libshutdown$$00000004)
    __rt_lib_shutdown_user_alloc_1           0x08000245   Thumb Code     0  libshutdown2.o(.ARM.Collect$$libshutdown$$0000000C)
    __rt_entry                               0x08000247   Thumb Code     0  __rtentry.o(.ARM.Collect$$rtentry$$00000000)
    __rt_entry_presh_1                       0x08000247   Thumb Code     0  __rtentry2.o(.ARM.Collect$$rtentry$$00000002)
    __rt_entry_sh                            0x08000247   Thumb Code     0  __rtentry4.o(.ARM.Collect$$rtentry$$00000004)
    __rt_entry_li                            0x0800024d   Thumb Code     0  __rtentry2.o(.ARM.Collect$$rtentry$$0000000A)
    __rt_entry_postsh_1                      0x0800024d   Thumb Code     0  __rtentry2.o(.ARM.Collect$$rtentry$$00000009)
    __rt_entry_main                          0x08000251   Thumb Code     0  __rtentry2.o(.ARM.Collect$$rtentry$$0000000D)
    __rt_entry_postli_1                      0x08000251   Thumb Code     0  __rtentry2.o(.ARM.Collect$$rtentry$$0000000C)
    __rt_exit                                0x08000259   Thumb Code     0  rtexit.o(.ARM.Collect$$rtexit$$00000000)
    __rt_exit_ls                             0x0800025b   Thumb Code     0  rtexit2.o(.ARM.Collect$$rtexit$$00000003)
    __rt_exit_prels_1                        0x0800025b   Thumb Code     0  rtexit2.o(.ARM.Collect$$rtexit$$00000002)
    __rt_exit_exit                           0x0800025f   Thumb Code     0  rtexit2.o(.ARM.Collect$$rtexit$$00000004)
    Reset_Handler                            0x08000265   Thumb Code     8  startup_stm32l496xx.o(.text)
    NMI_Handler                              0x0800026d   Thumb Code     2  startup_stm32l496xx.o(.text)
    HardFault_Handler                        0x0800026f   Thumb Code     2  startup_stm32l496xx.o(.text)
    MemManage_Handler                        0x08000271   Thumb Code     2  startup_stm32l496xx.o(.text)
    BusFault_Handler                         0x08000273   Thumb Code     2  startup_stm32l496xx.o(.text)
    UsageFault_Handler                       0x08000275   Thumb Code     2  startup_stm32l496xx.o(.text)
    SVC_Handler                              0x08000277   Thumb Code     2  startup_stm32l496xx.o(.text)
    DebugMon_Handler                         0x08000279   Thumb Code     2  startup_stm32l496xx.o(.text)
    PendSV_Handler                           0x0800027b   Thumb Code     2  startup_stm32l496xx.o(.text)
    ADC1_2_IRQHandler                        0x0800027f   Thumb Code     0  startup_stm32l496xx.o(.text)
    CAN1_RX0_IRQHandler                      0x0800027f   Thumb Code     0  startup_stm32l496xx.o(.text)
    CAN1_RX1_IRQHandler                      0x0800027f   Thumb Code     0  startup_stm32l496xx.o(.text)
    CAN1_SCE_IRQHandler                      0x0800027f   Thumb Code     0  startup_stm32l496xx.o(.text)
    CAN1_TX_IRQHandler                       0x0800027f   Thumb Code     0  startup_stm32l496xx.o(.text)
    CAN2_RX0_IRQHandler                      0x0800027f   Thumb Code     0  startup_stm32l496xx.o(.text)
    CAN2_RX1_IRQHandler                      0x0800027f   Thumb Code     0  startup_stm32l496xx.o(.text)
    CAN2_SCE_IRQHandler                      0x0800027f   Thumb Code     0  startup_stm32l496xx.o(.text)
    CAN2_TX_IRQHandler                       0x0800027f   Thumb Code     0  startup_stm32l496xx.o(.text)
    COMP_IRQHandler                          0x0800027f   Thumb Code     0  startup_stm32l496xx.o(.text)
    CRS_IRQHandler                           0x0800027f   Thumb Code     0  startup_stm32l496xx.o(.text)
    DCMI_IRQHandler                          0x0800027f   Thumb Code     0  startup_stm32l496xx.o(.text)
    DFSDM1_FLT0_IRQHandler                   0x0800027f   Thumb Code     0  startup_stm32l496xx.o(.text)
    DFSDM1_FLT1_IRQHandler                   0x0800027f   Thumb Code     0  startup_stm32l496xx.o(.text)
    DFSDM1_FLT2_IRQHandler                   0x0800027f   Thumb Code     0  startup_stm32l496xx.o(.text)
    DFSDM1_FLT3_IRQHandler                   0x0800027f   Thumb Code     0  startup_stm32l496xx.o(.text)
    DMA1_Channel1_IRQHandler                 0x0800027f   Thumb Code     0  startup_stm32l496xx.o(.text)
    DMA1_Channel2_IRQHandler                 0x0800027f   Thumb Code     0  startup_stm32l496xx.o(.text)
    DMA1_Channel3_IRQHandler                 0x0800027f   Thumb Code     0  startup_stm32l496xx.o(.text)
    DMA1_Channel4_IRQHandler                 0x0800027f   Thumb Code     0  startup_stm32l496xx.o(.text)
    DMA1_Channel5_IRQHandler                 0x0800027f   Thumb Code     0  startup_stm32l496xx.o(.text)
    DMA1_Channel6_IRQHandler                 0x0800027f   Thumb Code     0  startup_stm32l496xx.o(.text)
    DMA1_Channel7_IRQHandler                 0x0800027f   Thumb Code     0  startup_stm32l496xx.o(.text)
    DMA2D_IRQHandler                         0x0800027f   Thumb Code     0  startup_stm32l496xx.o(.text)
    DMA2_Channel1_IRQHandler                 0x0800027f   Thumb Code     0  startup_stm32l496xx.o(.text)
    DMA2_Channel2_IRQHandler                 0x0800027f   Thumb Code     0  startup_stm32l496xx.o(.text)
    DMA2_Channel3_IRQHandler                 0x0800027f   Thumb Code     0  startup_stm32l496xx.o(.text)
    DMA2_Channel4_IRQHandler                 0x0800027f   Thumb Code     0  startup_stm32l496xx.o(.text)
    DMA2_Channel5_IRQHandler                 0x0800027f   Thumb Code     0  startup_stm32l496xx.o(.text)
    DMA2_Channel6_IRQHandler                 0x0800027f   Thumb Code     0  startup_stm32l496xx.o(.text)
    DMA2_Channel7_IRQHandler                 0x0800027f   Thumb Code     0  startup_stm32l496xx.o(.text)
    EXTI0_IRQHandler                         0x0800027f   Thumb Code     0  startup_stm32l496xx.o(.text)
    EXTI15_10_IRQHandler                     0x0800027f   Thumb Code     0  startup_stm32l496xx.o(.text)
    EXTI1_IRQHandler                         0x0800027f   Thumb Code     0  startup_stm32l496xx.o(.text)
    EXTI2_IRQHandler                         0x0800027f   Thumb Code     0  startup_stm32l496xx.o(.text)
    EXTI3_IRQHandler                         0x0800027f   Thumb Code     0  startup_stm32l496xx.o(.text)
    EXTI4_IRQHandler                         0x0800027f   Thumb Code     0  startup_stm32l496xx.o(.text)
    EXTI9_5_IRQHandler                       0x0800027f   Thumb Code     0  startup_stm32l496xx.o(.text)
    FLASH_IRQHandler                         0x0800027f   Thumb Code     0  startup_stm32l496xx.o(.text)
    FMC_IRQHandler                           0x0800027f   Thumb Code     0  startup_stm32l496xx.o(.text)
    FPU_IRQHandler                           0x0800027f   Thumb Code     0  startup_stm32l496xx.o(.text)
    I2C1_ER_IRQHandler                       0x0800027f   Thumb Code     0  startup_stm32l496xx.o(.text)
    I2C1_EV_IRQHandler                       0x0800027f   Thumb Code     0  startup_stm32l496xx.o(.text)
    I2C2_ER_IRQHandler                       0x0800027f   Thumb Code     0  startup_stm32l496xx.o(.text)
    I2C2_EV_IRQHandler                       0x0800027f   Thumb Code     0  startup_stm32l496xx.o(.text)
    I2C3_ER_IRQHandler                       0x0800027f   Thumb Code     0  startup_stm32l496xx.o(.text)
    I2C3_EV_IRQHandler                       0x0800027f   Thumb Code     0  startup_stm32l496xx.o(.text)
    I2C4_ER_IRQHandler                       0x0800027f   Thumb Code     0  startup_stm32l496xx.o(.text)
    I2C4_EV_IRQHandler                       0x0800027f   Thumb Code     0  startup_stm32l496xx.o(.text)
    LCD_IRQHandler                           0x0800027f   Thumb Code     0  startup_stm32l496xx.o(.text)
    LPTIM1_IRQHandler                        0x0800027f   Thumb Code     0  startup_stm32l496xx.o(.text)
    LPTIM2_IRQHandler                        0x0800027f   Thumb Code     0  startup_stm32l496xx.o(.text)
    LPUART1_IRQHandler                       0x0800027f   Thumb Code     0  startup_stm32l496xx.o(.text)
    OTG_FS_IRQHandler                        0x0800027f   Thumb Code     0  startup_stm32l496xx.o(.text)
    PVD_PVM_IRQHandler                       0x0800027f   Thumb Code     0  startup_stm32l496xx.o(.text)
    QUADSPI_IRQHandler                       0x0800027f   Thumb Code     0  startup_stm32l496xx.o(.text)
    RCC_IRQHandler                           0x0800027f   Thumb Code     0  startup_stm32l496xx.o(.text)
    RNG_IRQHandler                           0x0800027f   Thumb Code     0  startup_stm32l496xx.o(.text)
    RTC_Alarm_IRQHandler                     0x0800027f   Thumb Code     0  startup_stm32l496xx.o(.text)
    RTC_WKUP_IRQHandler                      0x0800027f   Thumb Code     0  startup_stm32l496xx.o(.text)
    SAI1_IRQHandler                          0x0800027f   Thumb Code     0  startup_stm32l496xx.o(.text)
    SAI2_IRQHandler                          0x0800027f   Thumb Code     0  startup_stm32l496xx.o(.text)
    SDMMC1_IRQHandler                        0x0800027f   Thumb Code     0  startup_stm32l496xx.o(.text)
    SPI1_IRQHandler                          0x0800027f   Thumb Code     0  startup_stm32l496xx.o(.text)
    SPI2_IRQHandler                          0x0800027f   Thumb Code     0  startup_stm32l496xx.o(.text)
    SPI3_IRQHandler                          0x0800027f   Thumb Code     0  startup_stm32l496xx.o(.text)
    SWPMI1_IRQHandler                        0x0800027f   Thumb Code     0  startup_stm32l496xx.o(.text)
    TAMP_STAMP_IRQHandler                    0x0800027f   Thumb Code     0  startup_stm32l496xx.o(.text)
    TIM1_BRK_TIM15_IRQHandler                0x0800027f   Thumb Code     0  startup_stm32l496xx.o(.text)
    TIM1_CC_IRQHandler                       0x0800027f   Thumb Code     0  startup_stm32l496xx.o(.text)
    TIM1_TRG_COM_TIM17_IRQHandler            0x0800027f   Thumb Code     0  startup_stm32l496xx.o(.text)
    TIM1_UP_TIM16_IRQHandler                 0x0800027f   Thumb Code     0  startup_stm32l496xx.o(.text)
    TIM2_IRQHandler                          0x0800027f   Thumb Code     0  startup_stm32l496xx.o(.text)
    TIM3_IRQHandler                          0x0800027f   Thumb Code     0  startup_stm32l496xx.o(.text)
    TIM4_IRQHandler                          0x0800027f   Thumb Code     0  startup_stm32l496xx.o(.text)
    TIM5_IRQHandler                          0x0800027f   Thumb Code     0  startup_stm32l496xx.o(.text)
    TIM7_IRQHandler                          0x0800027f   Thumb Code     0  startup_stm32l496xx.o(.text)
    TIM8_BRK_IRQHandler                      0x0800027f   Thumb Code     0  startup_stm32l496xx.o(.text)
    TIM8_CC_IRQHandler                       0x0800027f   Thumb Code     0  startup_stm32l496xx.o(.text)
    TIM8_TRG_COM_IRQHandler                  0x0800027f   Thumb Code     0  startup_stm32l496xx.o(.text)
    TIM8_UP_IRQHandler                       0x0800027f   Thumb Code     0  startup_stm32l496xx.o(.text)
    TSC_IRQHandler                           0x0800027f   Thumb Code     0  startup_stm32l496xx.o(.text)
    UART4_IRQHandler                         0x0800027f   Thumb Code     0  startup_stm32l496xx.o(.text)
    UART5_IRQHandler                         0x0800027f   Thumb Code     0  startup_stm32l496xx.o(.text)
    USART1_IRQHandler                        0x0800027f   Thumb Code     0  startup_stm32l496xx.o(.text)
    USART2_IRQHandler                        0x0800027f   Thumb Code     0  startup_stm32l496xx.o(.text)
    USART3_IRQHandler                        0x0800027f   Thumb Code     0  startup_stm32l496xx.o(.text)
    WWDG_IRQHandler                          0x0800027f   Thumb Code     0  startup_stm32l496xx.o(.text)
    __user_initial_stackheap                 0x08000281   Thumb Code     0  startup_stm32l496xx.o(.text)
    __2sprintf                               0x080002a5   Thumb Code    34  noretval__2sprintf.o(.text)
    __printf                                 0x080002cd   Thumb Code   270  __printf_wp.o(.text)
    __use_two_region_memory                  0x080003db   Thumb Code     2  heapauxi.o(.text)
    __rt_heap_escrow$2region                 0x080003dd   Thumb Code     2  heapauxi.o(.text)
    __rt_heap_expand$2region                 0x080003df   Thumb Code     2  heapauxi.o(.text)
    __lib_sel_fp_printf                      0x080003e1   Thumb Code     2  _printf_fp_dec.o(.text)
    _printf_fp_dec_real                      0x08000593   Thumb Code   620  _printf_fp_dec.o(.text)
    _printf_char_common                      0x0800080f   Thumb Code    32  _printf_char_common.o(.text)
    _sputc                                   0x08000835   Thumb Code    10  _sputc.o(.text)
    __rt_locale                              0x08000841   Thumb Code     8  rt_locale_intlibspace.o(.text)
    _ll_udiv10                               0x08000849   Thumb Code   138  lludiv10.o(.text)
    _printf_fp_infnan                        0x080008d5   Thumb Code   112  _printf_fp_infnan.o(.text)
    _btod_etento                             0x08000955   Thumb Code   224  bigflt0.o(.text)
    __user_libspace                          0x08000a39   Thumb Code     8  libspace.o(.text)
    __user_perproc_libspace                  0x08000a39   Thumb Code     0  libspace.o(.text)
    __user_perthread_libspace                0x08000a39   Thumb Code     0  libspace.o(.text)
    __user_setup_stackheap                   0x08000a41   Thumb Code    74  sys_stackheap_outer.o(.text)
    exit                                     0x08000a8b   Thumb Code    18  exit.o(.text)
    strcmp                                   0x08000a9d   Thumb Code   128  strcmpv7m.o(.text)
    _sys_exit                                0x08000b1d   Thumb Code     8  sys_exit.o(.text)
    __I$use$semihosting                      0x08000b29   Thumb Code     0  use_no_semi.o(.text)
    __use_no_semihosting_swi                 0x08000b29   Thumb Code     2  use_no_semi.o(.text)
    __semihosting_library_function           0x08000b2b   Thumb Code     0  indicate_semi.o(.text)
    _btod_d2e                                0x08000b2b   Thumb Code    62  btod.o(CL$$btod_d2e)
    _d2e_denorm_low                          0x08000b69   Thumb Code    70  btod.o(CL$$btod_d2e_denorm_low)
    _d2e_norm_op1                            0x08000baf   Thumb Code    96  btod.o(CL$$btod_d2e_norm_op1)
    __btod_div_common                        0x08000c0f   Thumb Code   696  btod.o(CL$$btod_div_common)
    _e2e                                     0x08000f47   Thumb Code   220  btod.o(CL$$btod_e2e)
    _btod_ediv                               0x08001023   Thumb Code    42  btod.o(CL$$btod_ediv)
    _btod_emul                               0x0800104d   Thumb Code    42  btod.o(CL$$btod_emul)
    __btod_mult_common                       0x08001077   Thumb Code   580  btod.o(CL$$btod_mult_common)
    ADC3_IRQHandler                          0x080012bd   Thumb Code    22  myfun.o(i.ADC3_IRQHandler)
    ADC_ConfInterrupt                        0x080012dd   Thumb Code   158  myfun.o(i.ADC_ConfInterrupt)
    LCD_Clear                                0x08001391   Thumb Code    16  hd44780.o(i.LCD_Clear)
    LCD_GoTo                                 0x080013a1   Thumb Code    24  hd44780.o(i.LCD_GoTo)
    LCD_Init                                 0x080013b9   Thumb Code   570  hd44780.o(i.LCD_Init)
    LCD_WriteText                            0x08001715   Thumb Code    22  hd44780.o(i.LCD_WriteText)
    Led7seg_WriteDigit                       0x08001761   Thumb Code   360  myfun.o(i.Led7seg_WriteDigit)
    Led7seg_WriteNumber                      0x080018d1   Thumb Code   146  myfun.o(i.Led7seg_WriteNumber)
    Led_Conf                                 0x0800196d   Thumb Code   202  myfun.o(i.Led_Conf)
    Led_OnOff                                0x08001a49   Thumb Code   436  myfun.o(i.Led_OnOff)
    SysTick_Handler                          0x08001c09   Thumb Code    22  myfun.o(i.SysTick_Handler)
    SystemInit                               0x08001c25   Thumb Code    68  system_stm32l4xx.o(i.SystemInit)
    TIM6_DAC_IRQHandler                      0x08001c75   Thumb Code    34  hd44780.o(i.TIM6_DAC_IRQHandler)
    Timer                                    0x08001ca1   Thumb Code    98  myfun.o(i.Timer)
    __ARM_fpclassify                         0x08001d15   Thumb Code    48  fpclassify.o(i.__ARM_fpclassify)
    _is_digit                                0x08001d45   Thumb Code    14  __printf_wp.o(i._is_digit)
    delay_ms                                 0x08001d55   Thumb Code    18  myfun.o(i.delay_ms)
    main                                     0x08001d6d   Thumb Code   238  main.o(i.main)
    _get_lc_numeric                          0x08001ea9   Thumb Code    44  lc_numeric_c.o(locale$$code)
    __aeabi_ddiv                             0x08001ed5   Thumb Code     0  ddiv.o(x$fpl$ddiv)
    _ddiv                                    0x08001ed5   Thumb Code   552  ddiv.o(x$fpl$ddiv)
    __aeabi_i2d                              0x08002185   Thumb Code     0  dflt_clz.o(x$fpl$dflt)
    _dflt                                    0x08002185   Thumb Code    46  dflt_clz.o(x$fpl$dflt)
    __aeabi_dmul                             0x080021b5   Thumb Code     0  dmul.o(x$fpl$dmul)
    _dmul                                    0x080021b5   Thumb Code   332  dmul.o(x$fpl$dmul)
    __fpl_dnaninf                            0x08002309   Thumb Code   156  dnaninf.o(x$fpl$dnaninf)
    __fpl_dretinf                            0x080023a5   Thumb Code    12  dretinf.o(x$fpl$dretinf)
    _fp_init                                 0x080023b1   Thumb Code    10  fpinit.o(x$fpl$fpinit)
    __fplib_config_fpu_vfp                   0x080023b9   Thumb Code     0  fpinit.o(x$fpl$fpinit)
    __fplib_config_pureend_doubles           0x080023b9   Thumb Code     0  fpinit.o(x$fpl$fpinit)
    _printf_fp_dec                           0x080023bb   Thumb Code     4  printf1.o(x$fpl$printf1)
    __I$use$fp                               0x080023be   Number         0  usenofp.o(x$fpl$usenofp)
    Region$$Table$$Base                      0x08002454   Number         0  anon$$obj.o(Region$$Table)
    Region$$Table$$Limit                     0x08002474   Number         0  anon$$obj.o(Region$$Table)
    lcdtick1                                 0x20000000   Data           4  hd44780.o(.data)
    vbat                                     0x20000008   Data           8  main.o(.data)
    vmeasure                                 0x20000010   Data           8  main.o(.data)
    voltage_divider                          0x20000018   Data           8  main.o(.data)
    tick                                     0x20000020   Data           4  myfun.o(.data)
    lcdpos                                   0x20000024   Data           1  myfun.o(.data)
    lcdvalue                                 0x20000026   Data           2  myfun.o(.data)
    h                                        0x20000028   Data           4  myfun.o(.data)
    m                                        0x2000002c   Data           4  myfun.o(.data)
    s                                        0x20000030   Data           4  myfun.o(.data)
    ms                                       0x20000034   Data           4  myfun.o(.data)
    whoacc                                   0x20000038   Data           1  myfun.o(.data)
    accx                                     0x2000003a   Data           2  myfun.o(.data)
    accx_g                                   0x20000040   Data           8  myfun.o(.data)
    accy                                     0x20000048   Data           2  myfun.o(.data)
    accy_g                                   0x20000050   Data           8  myfun.o(.data)
    accz                                     0x20000058   Data           2  myfun.o(.data)
    accz_g                                   0x20000060   Data           8  myfun.o(.data)
    whomag                                   0x20000068   Data           1  myfun.o(.data)
    magx                                     0x2000006a   Data           2  myfun.o(.data)
    magx_g                                   0x20000070   Data           8  myfun.o(.data)
    magy                                     0x20000078   Data           2  myfun.o(.data)
    magy_g                                   0x20000080   Data           8  myfun.o(.data)
    magz                                     0x20000088   Data           2  myfun.o(.data)
    magz_g                                   0x20000090   Data           8  myfun.o(.data)
    val                                      0x20000098   Data           2  myfun.o(.data)
    buf                                      0x2000009c   Data          50  main.o(.bss)
    __libspace_start                         0x200000d0   Data          96  libspace.o(.bss)
    __temporary_stack_top$libspace           0x20000130   Data           0  libspace.o(.bss)



==============================================================================

Memory Map of the image

  Image Entry point : 0x080001ad

  Load Region LR_IROM1 (Base: 0x08000000, Size: 0x0000252c, Max: 0x00100000, ABSOLUTE)

    Execution Region ER_IROM1 (Exec base: 0x08000000, Load base: 0x08000000, Size: 0x00002490, Max: 0x00100000, ABSOLUTE)

    Exec Addr    Load Addr    Size         Type   Attr      Idx    E Section Name        Object

    0x08000000   0x08000000   0x000001ac   Data   RO          355    RESET               startup_stm32l496xx.o
    0x080001ac   0x080001ac   0x00000008   Code   RO          436  * !!!main             c_w.l(__main.o)
    0x080001b4   0x080001b4   0x00000034   Code   RO          666    !!!scatter          c_w.l(__scatter.o)
    0x080001e8   0x080001e8   0x0000001a   Code   RO          668    !!handler_copy      c_w.l(__scatter_copy.o)
    0x08000202   0x08000202   0x00000002   PAD
    0x08000204   0x08000204   0x0000001c   Code   RO          670    !!handler_zi        c_w.l(__scatter_zi.o)
    0x08000220   0x08000220   0x00000000   Code   RO          433    .ARM.Collect$$_printf_percent$$00000000  c_w.l(_printf_percent.o)
    0x08000220   0x08000220   0x00000006   Code   RO          432    .ARM.Collect$$_printf_percent$$00000003  c_w.l(_printf_f.o)
    0x08000226   0x08000226   0x00000004   Code   RO          461    .ARM.Collect$$_printf_percent$$00000017  c_w.l(_printf_percent_end.o)
    0x0800022a   0x0800022a   0x00000002   Code   RO          539    .ARM.Collect$$libinit$$00000000  c_w.l(libinit.o)
    0x0800022c   0x0800022c   0x00000004   Code   RO          540    .ARM.Collect$$libinit$$00000001  c_w.l(libinit2.o)
    0x08000230   0x08000230   0x00000000   Code   RO          543    .ARM.Collect$$libinit$$00000004  c_w.l(libinit2.o)
    0x08000230   0x08000230   0x00000000   Code   RO          546    .ARM.Collect$$libinit$$0000000A  c_w.l(libinit2.o)
    0x08000230   0x08000230   0x00000000   Code   RO          548    .ARM.Collect$$libinit$$0000000C  c_w.l(libinit2.o)
    0x08000230   0x08000230   0x00000000   Code   RO          550    .ARM.Collect$$libinit$$0000000E  c_w.l(libinit2.o)
    0x08000230   0x08000230   0x00000006   Code   RO          551    .ARM.Collect$$libinit$$0000000F  c_w.l(libinit2.o)
    0x08000236   0x08000236   0x00000000   Code   RO          553    .ARM.Collect$$libinit$$00000011  c_w.l(libinit2.o)
    0x08000236   0x08000236   0x00000000   Code   RO          555    .ARM.Collect$$libinit$$00000013  c_w.l(libinit2.o)
    0x08000236   0x08000236   0x00000000   Code   RO          557    .ARM.Collect$$libinit$$00000015  c_w.l(libinit2.o)
    0x08000236   0x08000236   0x0000000a   Code   RO          558    .ARM.Collect$$libinit$$00000016  c_w.l(libinit2.o)
    0x08000240   0x08000240   0x00000000   Code   RO          559    .ARM.Collect$$libinit$$00000017  c_w.l(libinit2.o)
    0x08000240   0x08000240   0x00000000   Code   RO          561    .ARM.Collect$$libinit$$00000019  c_w.l(libinit2.o)
    0x08000240   0x08000240   0x00000000   Code   RO          563    .ARM.Collect$$libinit$$0000001B  c_w.l(libinit2.o)
    0x08000240   0x08000240   0x00000000   Code   RO          565    .ARM.Collect$$libinit$$0000001D  c_w.l(libinit2.o)
    0x08000240   0x08000240   0x00000000   Code   RO          567    .ARM.Collect$$libinit$$0000001F  c_w.l(libinit2.o)
    0x08000240   0x08000240   0x00000000   Code   RO          569    .ARM.Collect$$libinit$$00000021  c_w.l(libinit2.o)
    0x08000240   0x08000240   0x00000000   Code   RO          571    .ARM.Collect$$libinit$$00000023  c_w.l(libinit2.o)
    0x08000240   0x08000240   0x00000000   Code   RO          573    .ARM.Collect$$libinit$$00000025  c_w.l(libinit2.o)
    0x08000240   0x08000240   0x00000000   Code   RO          577    .ARM.Collect$$libinit$$0000002C  c_w.l(libinit2.o)
    0x08000240   0x08000240   0x00000000   Code   RO          579    .ARM.Collect$$libinit$$0000002E  c_w.l(libinit2.o)
    0x08000240   0x08000240   0x00000000   Code   RO          581    .ARM.Collect$$libinit$$00000030  c_w.l(libinit2.o)
    0x08000240   0x08000240   0x00000000   Code   RO          583    .ARM.Collect$$libinit$$00000032  c_w.l(libinit2.o)
    0x08000240   0x08000240   0x00000002   Code   RO          584    .ARM.Collect$$libinit$$00000033  c_w.l(libinit2.o)
    0x08000242   0x08000242   0x00000002   Code   RO          614    .ARM.Collect$$libshutdown$$00000000  c_w.l(libshutdown.o)
    0x08000244   0x08000244   0x00000000   Code   RO          625    .ARM.Collect$$libshutdown$$00000002  c_w.l(libshutdown2.o)
    0x08000244   0x08000244   0x00000000   Code   RO          627    .ARM.Collect$$libshutdown$$00000004  c_w.l(libshutdown2.o)
    0x08000244   0x08000244   0x00000000   Code   RO          630    .ARM.Collect$$libshutdown$$00000007  c_w.l(libshutdown2.o)
    0x08000244   0x08000244   0x00000000   Code   RO          633    .ARM.Collect$$libshutdown$$0000000A  c_w.l(libshutdown2.o)
    0x08000244   0x08000244   0x00000000   Code   RO          635    .ARM.Collect$$libshutdown$$0000000C  c_w.l(libshutdown2.o)
    0x08000244   0x08000244   0x00000000   Code   RO          638    .ARM.Collect$$libshutdown$$0000000F  c_w.l(libshutdown2.o)
    0x08000244   0x08000244   0x00000002   Code   RO          639    .ARM.Collect$$libshutdown$$00000010  c_w.l(libshutdown2.o)
    0x08000246   0x08000246   0x00000000   Code   RO          452    .ARM.Collect$$rtentry$$00000000  c_w.l(__rtentry.o)
    0x08000246   0x08000246   0x00000000   Code   RO          468    .ARM.Collect$$rtentry$$00000002  c_w.l(__rtentry2.o)
    0x08000246   0x08000246   0x00000006   Code   RO          480    .ARM.Collect$$rtentry$$00000004  c_w.l(__rtentry4.o)
    0x0800024c   0x0800024c   0x00000000   Code   RO          470    .ARM.Collect$$rtentry$$00000009  c_w.l(__rtentry2.o)
    0x0800024c   0x0800024c   0x00000004   Code   RO          471    .ARM.Collect$$rtentry$$0000000A  c_w.l(__rtentry2.o)
    0x08000250   0x08000250   0x00000000   Code   RO          473    .ARM.Collect$$rtentry$$0000000C  c_w.l(__rtentry2.o)
    0x08000250   0x08000250   0x00000008   Code   RO          474    .ARM.Collect$$rtentry$$0000000D  c_w.l(__rtentry2.o)
    0x08000258   0x08000258   0x00000002   Code   RO          585    .ARM.Collect$$rtexit$$00000000  c_w.l(rtexit.o)
    0x0800025a   0x0800025a   0x00000000   Code   RO          592    .ARM.Collect$$rtexit$$00000002  c_w.l(rtexit2.o)
    0x0800025a   0x0800025a   0x00000004   Code   RO          593    .ARM.Collect$$rtexit$$00000003  c_w.l(rtexit2.o)
    0x0800025e   0x0800025e   0x00000006   Code   RO          594    .ARM.Collect$$rtexit$$00000004  c_w.l(rtexit2.o)
    0x08000264   0x08000264   0x00000040   Code   RO          356    .text               startup_stm32l496xx.o
    0x080002a4   0x080002a4   0x00000028   Code   RO          405    .text               c_w.l(noretval__2sprintf.o)
    0x080002cc   0x080002cc   0x0000010e   Code   RO          419    .text               c_w.l(__printf_wp.o)
    0x080003da   0x080003da   0x00000006   Code   RO          434    .text               c_w.l(heapauxi.o)
    0x080003e0   0x080003e0   0x00000424   Code   RO          455    .text               c_w.l(_printf_fp_dec.o)
    0x08000804   0x08000804   0x00000030   Code   RO          457    .text               c_w.l(_printf_char_common.o)
    0x08000834   0x08000834   0x0000000a   Code   RO          459    .text               c_w.l(_sputc.o)
    0x0800083e   0x0800083e   0x00000002   PAD
    0x08000840   0x08000840   0x00000008   Code   RO          485    .text               c_w.l(rt_locale_intlibspace.o)
    0x08000848   0x08000848   0x0000008a   Code   RO          487    .text               c_w.l(lludiv10.o)
    0x080008d2   0x080008d2   0x00000002   PAD
    0x080008d4   0x080008d4   0x00000080   Code   RO          489    .text               c_w.l(_printf_fp_infnan.o)
    0x08000954   0x08000954   0x000000e4   Code   RO          493    .text               c_w.l(bigflt0.o)
    0x08000a38   0x08000a38   0x00000008   Code   RO          525    .text               c_w.l(libspace.o)
    0x08000a40   0x08000a40   0x0000004a   Code   RO          528    .text               c_w.l(sys_stackheap_outer.o)
    0x08000a8a   0x08000a8a   0x00000012   Code   RO          530    .text               c_w.l(exit.o)
    0x08000a9c   0x08000a9c   0x00000080   Code   RO          532    .text               c_w.l(strcmpv7m.o)
    0x08000b1c   0x08000b1c   0x0000000c   Code   RO          604    .text               c_w.l(sys_exit.o)
    0x08000b28   0x08000b28   0x00000002   Code   RO          615    .text               c_w.l(use_no_semi.o)
    0x08000b2a   0x08000b2a   0x00000000   Code   RO          617    .text               c_w.l(indicate_semi.o)
    0x08000b2a   0x08000b2a   0x0000003e   Code   RO          496    CL$$btod_d2e        c_w.l(btod.o)
    0x08000b68   0x08000b68   0x00000046   Code   RO          498    CL$$btod_d2e_denorm_low  c_w.l(btod.o)
    0x08000bae   0x08000bae   0x00000060   Code   RO          497    CL$$btod_d2e_norm_op1  c_w.l(btod.o)
    0x08000c0e   0x08000c0e   0x00000338   Code   RO          506    CL$$btod_div_common  c_w.l(btod.o)
    0x08000f46   0x08000f46   0x000000dc   Code   RO          503    CL$$btod_e2e        c_w.l(btod.o)
    0x08001022   0x08001022   0x0000002a   Code   RO          500    CL$$btod_ediv       c_w.l(btod.o)
    0x0800104c   0x0800104c   0x0000002a   Code   RO          499    CL$$btod_emul       c_w.l(btod.o)
    0x08001076   0x08001076   0x00000244   Code   RO          505    CL$$btod_mult_common  c_w.l(btod.o)
    0x080012ba   0x080012ba   0x00000002   PAD
    0x080012bc   0x080012bc   0x00000020   Code   RO          178    i.ADC3_IRQHandler   myfun.o
    0x080012dc   0x080012dc   0x000000b4   Code   RO          180    i.ADC_ConfInterrupt  myfun.o
    0x08001390   0x08001390   0x00000010   Code   RO            4    i.LCD_Clear         hd44780.o
    0x080013a0   0x080013a0   0x00000018   Code   RO            5    i.LCD_GoTo          hd44780.o
    0x080013b8   0x080013b8   0x00000254   Code   RO            7    i.LCD_Init          hd44780.o
    0x0800160c   0x0800160c   0x00000088   Code   RO            8    i.LCD_Setbits       hd44780.o
    0x08001694   0x08001694   0x00000048   Code   RO            9    i.LCD_Write         hd44780.o
    0x080016dc   0x080016dc   0x0000001c   Code   RO           10    i.LCD_WriteCommand  hd44780.o
    0x080016f8   0x080016f8   0x0000001c   Code   RO           11    i.LCD_WriteData     hd44780.o
    0x08001714   0x08001714   0x00000016   Code   RO           13    i.LCD_WriteText     hd44780.o
    0x0800172a   0x0800172a   0x00000002   PAD
    0x0800172c   0x0800172c   0x00000018   Code   RO           14    i.LCD_delay50us     hd44780.o
    0x08001744   0x08001744   0x0000001c   Code   RO           15    i.LCD_delayms       hd44780.o
    0x08001760   0x08001760   0x00000170   Code   RO          196    i.Led7seg_WriteDigit  myfun.o
    0x080018d0   0x080018d0   0x0000009c   Code   RO          197    i.Led7seg_WriteNumber  myfun.o
    0x0800196c   0x0800196c   0x000000dc   Code   RO          198    i.Led_Conf          myfun.o
    0x08001a48   0x08001a48   0x000001c0   Code   RO          199    i.Led_OnOff         myfun.o
    0x08001c08   0x08001c08   0x0000001c   Code   RO          201    i.SysTick_Handler   myfun.o
    0x08001c24   0x08001c24   0x00000050   Code   RO          364    i.SystemInit        system_stm32l4xx.o
    0x08001c74   0x08001c74   0x0000002c   Code   RO           16    i.TIM6_DAC_IRQHandler  hd44780.o
    0x08001ca0   0x08001ca0   0x00000074   Code   RO          202    i.Timer             myfun.o
    0x08001d14   0x08001d14   0x00000030   Code   RO          523    i.__ARM_fpclassify  m_wm.l(fpclassify.o)
    0x08001d44   0x08001d44   0x0000000e   Code   RO          421    i._is_digit         c_w.l(__printf_wp.o)
    0x08001d52   0x08001d52   0x00000002   PAD
    0x08001d54   0x08001d54   0x00000018   Code   RO          203    i.delay_ms          myfun.o
    0x08001d6c   0x08001d6c   0x0000013c   Code   RO          139    i.main              main.o
    0x08001ea8   0x08001ea8   0x0000002c   Code   RO          519    locale$$code        c_w.l(lc_numeric_c.o)
    0x08001ed4   0x08001ed4   0x000002b0   Code   RO          439    x$fpl$ddiv          fz_wm.l(ddiv.o)
    0x08002184   0x08002184   0x0000002e   Code   RO          443    x$fpl$dflt          fz_wm.l(dflt_clz.o)
    0x080021b2   0x080021b2   0x00000002   PAD
    0x080021b4   0x080021b4   0x00000154   Code   RO          448    x$fpl$dmul          fz_wm.l(dmul.o)
    0x08002308   0x08002308   0x0000009c   Code   RO          462    x$fpl$dnaninf       fz_wm.l(dnaninf.o)
    0x080023a4   0x080023a4   0x0000000c   Code   RO          464    x$fpl$dretinf       fz_wm.l(dretinf.o)
    0x080023b0   0x080023b0   0x0000000a   Code   RO          589    x$fpl$fpinit        fz_wm.l(fpinit.o)
    0x080023ba   0x080023ba   0x00000004   Code   RO          450    x$fpl$printf1       fz_wm.l(printf1.o)
    0x080023be   0x080023be   0x00000000   Code   RO          466    x$fpl$usenofp       fz_wm.l(usenofp.o)
    0x080023be   0x080023be   0x00000002   PAD
    0x080023c0   0x080023c0   0x00000094   Data   RO          494    .constdata          c_w.l(bigflt0.o)
    0x08002454   0x08002454   0x00000020   Data   RO          664    Region$$Table       anon$$obj.o
    0x08002474   0x08002474   0x0000001c   Data   RO          518    locale$$data        c_w.l(lc_numeric_c.o)


    Execution Region RW_IRAM1 (Exec base: 0x20000000, Load base: 0x08002490, Size: 0x00000730, Max: 0x00040000, ABSOLUTE)

    Exec Addr    Load Addr    Size         Type   Attr      Idx    E Section Name        Object

    0x20000000   0x08002490   0x00000004   Data   RW           17    .data               hd44780.o
    0x20000004   0x08002494   0x00000004   PAD
    0x20000008   0x08002498   0x00000018   Data   RW          141    .data               main.o
    0x20000020   0x080024b0   0x0000007a   Data   RW          205    .data               myfun.o
    0x2000009a   0x0800252a   0x00000002   PAD
    0x2000009c        -       0x00000032   Zero   RW          140    .bss                main.o
    0x200000ce   0x0800252a   0x00000002   PAD
    0x200000d0        -       0x00000060   Zero   RW          526    .bss                c_w.l(libspace.o)
    0x20000130        -       0x00000200   Zero   RW          354    HEAP                startup_stm32l496xx.o
    0x20000330        -       0x00000400   Zero   RW          353    STACK               startup_stm32l496xx.o


==============================================================================

Image component sizes


      Code (inc. data)   RO Data    RW Data    ZI Data      Debug   Object Name

      1018         64          0          4          0     749930   hd44780.o
       316         78          0         24         50      32116   main.o
      1572        128          0        122          0       6303   myfun.o
        64         26        428          0       1536        876   startup_stm32l496xx.o
        80         12          0          0          0        537   system_stm32l4xx.o

    ----------------------------------------------------------------------
      3052        308        460        156       1588     789762   Object Totals
         0          0         32          0          0          0   (incl. Generated)
         2          0          0          6          2          0   (incl. Padding)

    ----------------------------------------------------------------------

      Code (inc. data)   RO Data    RW Data    ZI Data      Debug   Library Member Name

         8          0          0          0          0         68   __main.o
       284          0          0          0          0        156   __printf_wp.o
         0          0          0          0          0          0   __rtentry.o
        12          0          0          0          0          0   __rtentry2.o
         6          0          0          0          0          0   __rtentry4.o
        52          8          0          0          0          0   __scatter.o
        26          0          0          0          0          0   __scatter_copy.o
        28          0          0          0          0          0   __scatter_zi.o
        48          6          0          0          0         96   _printf_char_common.o
         6          0          0          0          0          0   _printf_f.o
      1060          0          0          0          0        216   _printf_fp_dec.o
       128         16          0          0          0         84   _printf_fp_infnan.o
         0          0          0          0          0          0   _printf_percent.o
         4          0          0          0          0          0   _printf_percent_end.o
        10          0          0          0          0         68   _sputc.o
       228          4        148          0          0         96   bigflt0.o
      1936        128          0          0          0        672   btod.o
        18          0          0          0          0         80   exit.o
         6          0          0          0          0        152   heapauxi.o
         0          0          0          0          0          0   indicate_semi.o
        44         10         28          0          0         76   lc_numeric_c.o
         2          0          0          0          0          0   libinit.o
        22          0          0          0          0          0   libinit2.o
         2          0          0          0          0          0   libshutdown.o
         2          0          0          0          0          0   libshutdown2.o
         8          4          0          0         96         68   libspace.o
       138          0          0          0          0         80   lludiv10.o
        40          6          0          0          0         84   noretval__2sprintf.o
         8          4          0          0          0         68   rt_locale_intlibspace.o
         2          0          0          0          0          0   rtexit.o
        10          0          0          0          0          0   rtexit2.o
       128          0          0          0          0         68   strcmpv7m.o
        12          4          0          0          0         68   sys_exit.o
        74          0          0          0          0         80   sys_stackheap_outer.o
         2          0          0          0          0         68   use_no_semi.o
       688        140          0          0          0        256   ddiv.o
        46          0          0          0          0        116   dflt_clz.o
       340         12          0          0          0        152   dmul.o
       156          4          0          0          0        140   dnaninf.o
        12          0          0          0          0        116   dretinf.o
        10          0          0          0          0        116   fpinit.o
         4          0          0          0          0        116   printf1.o
         0          0          0          0          0          0   usenofp.o
        48          0          0          0          0        124   fpclassify.o

    ----------------------------------------------------------------------
      5672        346        176          0         96       3484   Library Totals
        14          0          0          0          0          0   (incl. Padding)

    ----------------------------------------------------------------------

      Code (inc. data)   RO Data    RW Data    ZI Data      Debug   Library Name

      4354        190        176          0         96       2348   c_w.l
      1256        156          0          0          0       1012   fz_wm.l
        48          0          0          0          0        124   m_wm.l

    ----------------------------------------------------------------------
      5672        346        176          0         96       3484   Library Totals

    ----------------------------------------------------------------------

==============================================================================


      Code (inc. data)   RO Data    RW Data    ZI Data      Debug   

      8724        654        636        156       1684     789498   Grand Totals
      8724        654        636        156       1684     789498   ELF Image Totals
      8724        654        636        156          0          0   ROM Totals

==============================================================================

    Total RO  Size (Code + RO Data)                 9360 (   9.14kB)
    Total RW  Size (RW Data + ZI Data)              1840 (   1.80kB)
    Total ROM Size (Code + RO Data + RW Data)       9516 (   9.29kB)

==============================================================================

